#
# There is insufficient memory for the Java Runtime Environment to continue.
# Native memory allocation (mmap) failed to map 132120576 bytes. Error detail: G1 virtual space
# Possible reasons:
#   The system is out of physical RAM or swap space
#   This process is running with CompressedOops enabled, and the Java Heap may be blocking the growth of the native heap
# Possible solutions:
#   Reduce memory load on the system
#   Increase physical memory or swap space
#   Check if swap backing store is full
#   Decrease Java heap size (-Xmx/-Xms)
#   Decrease number of Java threads
#   Decrease Java thread stack sizes (-Xss)
#   Set larger code cache with -XX:ReservedCodeCacheSize=
#   JVM is running with Unscaled Compressed Oops mode in which the Java heap is
#     placed in the first 4GB address space. The Java Heap base address is the
#     maximum limit for the native heap growth. Please use -XX:HeapBaseMinAddress
#     to set the Java Heap base and to place the Java Heap above 4GB virtual address.
# This output file may be truncated or incomplete.
#
#  Out of Memory Error (os_windows.cpp:3613), pid=83188, tid=81512
#
# JRE version:  (17.0.12+7) (build )
# Java VM: OpenJDK 64-Bit Server VM (17.0.12+7, mixed mode, sharing, tiered, compressed oops, compressed class ptrs, g1 gc, windows-amd64)
# No core dump will be written. Minidumps are not enabled by default on client versions of Windows
#

---------------  S U M M A R Y ------------

Command Line: --enable-native-access=ALL-UNNAMED 

Host: Intel(R) Core(TM) i5-8350U CPU @ 1.70GHz, 8 cores, 7G,  Windows 11 , 64 bit Build 26100 (10.0.26100.7920)
Time: Thu Mar 12 09:46:40 2026 India Standard Time elapsed time: 2.028738 seconds (0d 0h 0m 2s)

---------------  T H R E A D  ---------------

Current thread (0x000001f3db3a4610):  JavaThread "Unknown thread" [_thread_in_vm, id=81512, stack(0x0000002122600000,0x0000002122700000)]

Stack: [0x0000002122600000,0x0000002122700000]
Native frames: (J=compiled Java code, j=interpreted, Vv=VM code, C=native code)
V  [jvm.dll+0x67f929]
V  [jvm.dll+0x8371ba]
V  [jvm.dll+0x838c7e]
V  [jvm.dll+0x8392e3]
V  [jvm.dll+0x24834f]
V  [jvm.dll+0x67c6e9]
V  [jvm.dll+0x6711aa]
V  [jvm.dll+0x307f7b]
V  [jvm.dll+0x30f476]
V  [jvm.dll+0x35f63e]
V  [jvm.dll+0x35f87f]
V  [jvm.dll+0x2def9c]
V  [jvm.dll+0x2dfef4]
V  [jvm.dll+0x808a4b]
V  [jvm.dll+0x36d3b1]
V  [jvm.dll+0x7e7425]
V  [jvm.dll+0x3f0edf]
V  [jvm.dll+0x3f2a31]
C  [jli.dll+0x528f]
C  [ucrtbase.dll+0x37b0]
C  [KERNEL32.DLL+0x2e8d7]
C  [ntdll.dll+0x8c48c]


---------------  P R O C E S S  ---------------

Threads class SMR info:
_java_thread_list=0x00007ffc66bf6f18, length=0, elements={
}

Java Threads: ( => current thread )

Other Threads:
  0x000001f3db403370 GCTaskThread "GC Thread#0" [stack: 0x0000002122700000,0x0000002122800000] [id=64332]
  0x000001f3db414570 ConcurrentGCThread "G1 Main Marker" [stack: 0x0000002122800000,0x0000002122900000] [id=73064]
  0x000001f3db416b10 ConcurrentGCThread "G1 Conc#0" [stack: 0x0000002122900000,0x0000002122a00000] [id=84428]

[error occurred during error reporting (printing all threads), id 0xc0000005, EXCEPTION_ACCESS_VIOLATION (0xc0000005) at pc=0x00007ffc663af697]

VM state: not at safepoint (not fully initialized)

VM Mutex/Monitor currently owned by a thread:  ([mutex/lock_event])
[0x000001f3db39fbe0] Heap_lock - owner thread: 0x000001f3db3a4610

Heap address: 0x0000000082600000, size: 2010 MB, Compressed Oops mode: 32-bit

CDS archive(s) mapped at: [0x0000000000000000-0x0000000000000000-0x0000000000000000), size 0, SharedBaseAddress: 0x0000000800000000, ArchiveRelocationMode: 1.
Narrow klass base: 0x0000000000000000, Narrow klass shift: 0, Narrow klass range: 0x0

GC Precious Log:
<Empty>

Heap:
 garbage-first heap   total 0K, used 0K [0x0000000082600000, 0x0000000100000000)
  region size 1024K, 0 young (0K), 0 survivors (0K)

[error occurred during error reporting (printing heap information), id 0xc0000005, EXCEPTION_ACCESS_VIOLATION (0xc0000005) at pc=0x00007ffc66798bf9]

GC Heap History (0 events):
No events

Dll operation events (1 events):
Event: 0.008 Loaded shared library D:\AnypointStudio-7.24.0-win64\AnypointStudio\plugins\org.mule.tooling.jdk.win32.x86_64_1.4.1\bin\java.dll

Deoptimization events (0 events):
No events

Classes loaded (0 events):
No events

Classes unloaded (0 events):
No events

Classes redefined (0 events):
No events

Internal exceptions (0 events):
No events

VM Operations (0 events):
No events

Events (0 events):
No events


Dynamic libraries:
0x00007ff761060000 - 0x00007ff76106e000 	D:\AnypointStudio-7.24.0-win64\AnypointStudio\plugins\org.mule.tooling.jdk.win32.x86_64_1.4.1\bin\java.exe
0x00007ffd235e0000 - 0x00007ffd23847000 	C:\WINDOWS\SYSTEM32\ntdll.dll
0x00007ffd220a0000 - 0x00007ffd22169000 	C:\WINDOWS\System32\KERNEL32.DLL
0x00007ffd206e0000 - 0x00007ffd20ad1000 	C:\WINDOWS\System32\KERNELBASE.dll
0x00007ffd1fec0000 - 0x00007ffd2000b000 	C:\WINDOWS\System32\ucrtbase.dll
0x00007ffd00c90000 - 0x00007ffd00ca7000 	D:\AnypointStudio-7.24.0-win64\AnypointStudio\plugins\org.mule.tooling.jdk.win32.x86_64_1.4.1\bin\jli.dll
0x00007ffd08260000 - 0x00007ffd0827b000 	D:\AnypointStudio-7.24.0-win64\AnypointStudio\plugins\org.mule.tooling.jdk.win32.x86_64_1.4.1\bin\VCRUNTIME140.dll
0x00007ffd22a50000 - 0x00007ffd22c15000 	C:\WINDOWS\System32\USER32.dll
0x00007ffd04b60000 - 0x00007ffd04df3000 	C:\WINDOWS\WinSxS\amd64_microsoft.windows.common-controls_6595b64144ccf1df_6.0.26100.7922_none_3e089e1ee3342171\COMCTL32.dll
0x00007ffd21350000 - 0x00007ffd21377000 	C:\WINDOWS\System32\win32u.dll
0x00007ffd22e90000 - 0x00007ffd22f39000 	C:\WINDOWS\System32\msvcrt.dll
0x00007ffd22630000 - 0x00007ffd2265b000 	C:\WINDOWS\System32\GDI32.dll
0x00007ffd20010000 - 0x00007ffd2013a000 	C:\WINDOWS\System32\gdi32full.dll
0x00007ffd20140000 - 0x00007ffd201e3000 	C:\WINDOWS\System32\msvcp_win.dll
0x00007ffd22170000 - 0x00007ffd221a1000 	C:\WINDOWS\System32\IMM32.DLL
0x00007ffd191b0000 - 0x00007ffd191bc000 	D:\AnypointStudio-7.24.0-win64\AnypointStudio\plugins\org.mule.tooling.jdk.win32.x86_64_1.4.1\bin\vcruntime140_1.dll
0x00007ffcd5640000 - 0x00007ffcd56cd000 	D:\AnypointStudio-7.24.0-win64\AnypointStudio\plugins\org.mule.tooling.jdk.win32.x86_64_1.4.1\bin\msvcp140.dll
0x00007ffc660c0000 - 0x00007ffc66d2a000 	D:\AnypointStudio-7.24.0-win64\AnypointStudio\plugins\org.mule.tooling.jdk.win32.x86_64_1.4.1\bin\server\jvm.dll
0x00007ffd22970000 - 0x00007ffd22a2b000 	C:\WINDOWS\System32\ADVAPI32.dll
0x00007ffd22580000 - 0x00007ffd22627000 	C:\WINDOWS\System32\sechost.dll
0x00007ffd21f00000 - 0x00007ffd22018000 	C:\WINDOWS\System32\RPCRT4.dll
0x00007ffd22e10000 - 0x00007ffd22e84000 	C:\WINDOWS\System32\WS2_32.dll
0x00007ffd05030000 - 0x00007ffd05065000 	C:\WINDOWS\SYSTEM32\WINMM.dll
0x00007ffd18600000 - 0x00007ffd1860b000 	C:\WINDOWS\SYSTEM32\VERSION.dll
0x00007ffd1fd20000 - 0x00007ffd1fd7e000 	C:\WINDOWS\SYSTEM32\POWRPROF.dll
0x00007ffd1fd00000 - 0x00007ffd1fd14000 	C:\WINDOWS\SYSTEM32\UMPDC.dll
0x00007ffd1ec10000 - 0x00007ffd1ec2b000 	C:\WINDOWS\SYSTEM32\kernel.appcore.dll
0x00007ffd0c3a0000 - 0x00007ffd0c3aa000 	D:\AnypointStudio-7.24.0-win64\AnypointStudio\plugins\org.mule.tooling.jdk.win32.x86_64_1.4.1\bin\jimage.dll
0x00007ffd1da00000 - 0x00007ffd1dc42000 	C:\WINDOWS\SYSTEM32\DBGHELP.DLL
0x00007ffd21380000 - 0x00007ffd21702000 	C:\WINDOWS\System32\combase.dll
0x00007ffd22c20000 - 0x00007ffd22cf7000 	C:\WINDOWS\System32\OLEAUT32.dll
0x00007ffd01e70000 - 0x00007ffd01eab000 	C:\WINDOWS\SYSTEM32\dbgcore.DLL
0x00007ffd20630000 - 0x00007ffd206d5000 	C:\WINDOWS\System32\bcryptPrimitives.dll
0x00007ffce07d0000 - 0x00007ffce07f5000 	D:\AnypointStudio-7.24.0-win64\AnypointStudio\plugins\org.mule.tooling.jdk.win32.x86_64_1.4.1\bin\java.dll

dbghelp: loaded successfully - version: 4.0.5 - missing functions: none
symbol engine: initialized successfully - sym options: 0x614 - pdb path: .;D:\AnypointStudio-7.24.0-win64\AnypointStudio\plugins\org.mule.tooling.jdk.win32.x86_64_1.4.1\bin;C:\WINDOWS\SYSTEM32;C:\WINDOWS\WinSxS\amd64_microsoft.windows.common-controls_6595b64144ccf1df_6.0.26100.7922_none_3e089e1ee3342171;D:\AnypointStudio-7.24.0-win64\AnypointStudio\plugins\org.mule.tooling.jdk.win32.x86_64_1.4.1\bin\server

VM Arguments:
jvm_args: --enable-native-access=ALL-UNNAMED 
java_command: <unknown>
java_class_path (initial): <not set>
Launcher Type: SUN_STANDARD

[Global flags]
     intx CICompilerCount                          = 4                                         {product} {ergonomic}
     uint ConcGCThreads                            = 2                                         {product} {ergonomic}
     uint G1ConcRefinementThreads                  = 8                                         {product} {ergonomic}
   size_t G1HeapRegionSize                         = 1048576                                   {product} {ergonomic}
    uintx GCDrainStackTargetSize                   = 64                                        {product} {ergonomic}
   size_t InitialHeapSize                          = 132120576                                 {product} {ergonomic}
   size_t MarkStackSize                            = 4194304                                   {product} {ergonomic}
   size_t MaxHeapSize                              = 2107637760                                {product} {ergonomic}
   size_t MinHeapDeltaBytes                        = 1048576                                   {product} {ergonomic}
   size_t MinHeapSize                              = 8388608                                   {product} {ergonomic}
    uintx NonNMethodCodeHeapSize                   = 5839372                                {pd product} {ergonomic}
    uintx NonProfiledCodeHeapSize                  = 122909434                              {pd product} {ergonomic}
    uintx ProfiledCodeHeapSize                     = 122909434                              {pd product} {ergonomic}
    uintx ReservedCodeCacheSize                    = 251658240                              {pd product} {ergonomic}
     bool SegmentedCodeCache                       = true                                      {product} {ergonomic}
   size_t SoftMaxHeapSize                          = 2107637760                             {manageable} {ergonomic}
     bool UseCompressedClassPointers               = true                           {product lp64_product} {ergonomic}
     bool UseCompressedOops                        = true                           {product lp64_product} {ergonomic}
     bool UseG1GC                                  = true                                      {product} {ergonomic}
     bool UseLargePagesIndividualAllocation        = false                                  {pd product} {ergonomic}

Logging:
Log output configuration:
 #0: stdout all=warning uptime,level,tags
 #1: stderr all=off uptime,level,tags

Environment Variables:
JAVA_HOME=D:\AnypointStudio-7.24.0-win64\AnypointStudio\plugins\org.mule.tooling.jdk.win32.x86_64_1.4.1
PATH=C:\Python314\Scripts\;C:\Python314\;C:\Program Files (x86)\Common Files\Oracle\Java\javapath;C:\Program Files\Common Files\Oracle\Java\javapath;C:\app\BHARAT\product\21c\dbhomeXE\bin;C:\Python312\Scripts\;C:\Python312\;C:\Windows\System32;C:\ProgramData\chocolatey\bin;C:\WINDOWS\system32;C:\WINDOWS;C:\WINDOWS\System32\Wbem;C:\WINDOWS\System32\WindowsPowerShell\v1.0\;C:\WINDOWS\System32\OpenSSH\;D:\apache-maven-3.9.12-bin\apache-maven-3.9.12\bin;C:\Java\jdk-17\bin;C:\Java\jdk-17\bin;D:\Full-stackDeveloper\Git\Git\cmd;C:\Program Files\Docker\Docker\resources\bin;C:\Program Files\Amazon\AWSCLIV2\;C:\Program Files\nodejs\;C:\Program Files\sf\bin;C:\Program Files (x86)\sf\bin;C:\Users\BHARAT\AppData\Local\Programs\Python\Python312\Scripts\;C:\Users\BHARAT\AppData\Local\Programs\Python\Python312\;C:\Users\BHARAT\AppData\Local\Programs\Python\Launcher\;C:\Users\BHARAT\AppData\Local\Programs\Python\Python313\Scripts\;C:\Users\BHARAT\AppData\Local\Programs\Python\Python313\;C:\Program Files\MySQL\MySQL Shell 8.0\bin\;C:\Users\BHARAT\.console-ninja\.bin;C:\Users\BHARAT\AppData\Local\Microsoft\WindowsApps;C:\Users\BHARAT\vs-Code\install\Microsoft VS Code\bin;C:\Users\BHARAT\AppData\Local\Programs\Microsoft VS Code\bin;C:\Users\BHARAT\AppData\Local\Microsoft\WinGet\Packages\Schniz.fnm_Microsoft.Winget.Source_8wekyb3d8bbwe;E:\Mule-Soft\Studio-Extension\mongo-db\mongosh-2.3.2-win32-x64\bin;C:\Users\BHARAT\AppData\Local\Microsoft\WindowsApps;E:\Mule-Soft\Apache\apache-maven-3.8.8\apache-maven-3.8.8\bin;C:\Users\BHARAT\AppData\Local\GitHubDesktop\bin;C:\mongosh\;C:\IntelliJ IDEA Community Edition 2025.1.1.1\bin;C:\Users\BHARAT\AppData\Roaming\npm
USERNAME=BHARAT
OS=Windows_NT
PROCESSOR_IDENTIFIER=Intel64 Family 6 Model 142 Stepping 10, GenuineIntel
TMP=C:\Users\BHARAT\AppData\Local\Temp
TEMP=C:\Users\BHARAT\AppData\Local\Temp



Periodic native trim disabled


---------------  S Y S T E M  ---------------

OS:
 Windows 11 , 64 bit Build 26100 (10.0.26100.7920)
OS uptime: 5 days 2:35 hours
Hyper-V role detected

CPU: total 8 (initial active 8) (4 cores per cpu, 2 threads per core) family 6 model 142 stepping 10 microcode 0xf6, cx8, cmov, fxsr, ht, mmx, 3dnowpref, sse, sse2, sse3, ssse3, sse4.1, sse4.2, popcnt, lzcnt, tsc, tscinvbit, avx, avx2, aes, erms, clmul, bmi1, bmi2, rtm, adx, fma, vzeroupper, clflush, clflushopt, hv
Processor Information for all 8 processors :
  Max Mhz: 1896, Current Mhz: 1696, Mhz Limit: 1687

Memory: 4k page, system-wide physical 8035M (609M free)
TotalPageFile size 28315M (AvailPageFile size 38M)
current process WorkingSet (physical memory assigned to process): 12M, peak: 12M
current process commit charge ("private bytes"): 60M, peak: 186M

vm_info: OpenJDK 64-Bit Server VM (17.0.12+7) for windows-amd64 JRE (17.0.12+7), built on Jul 16 2024 22:08:24 by "admin" with MS VC++ 16.10 / 16.11 (VS2019)

END.
