#
# There is insufficient memory for the Java Runtime Environment to continue.
# Native memory allocation (mmap) failed to map 160432128 bytes. Error detail: G1 virtual space
# Possible reasons:
#   The system is out of physical RAM or swap space
#   This process is running with CompressedOops enabled, and the Java Heap may be blocking the growth of the native heap
# Possible solutions:
#   Reduce memory load on the system
#   Increase physical memory or swap space
#   Check if swap backing store is full
#   Decrease Java heap size (-Xmx/-Xms)
#   Decrease number of Java threads
#   Decrease Java thread stack sizes (-Xss)
#   Set larger code cache with -XX:ReservedCodeCacheSize=
#   JVM is running with Unscaled Compressed Oops mode in which the Java heap is
#     placed in the first 4GB address space. The Java Heap base address is the
#     maximum limit for the native heap growth. Please use -XX:HeapBaseMinAddress
#     to set the Java Heap base and to place the Java Heap above 4GB virtual address.
# This output file may be truncated or incomplete.
#
#  Out of Memory Error (os_windows.cpp:3613), pid=80152, tid=80988
#
# JRE version: OpenJDK Runtime Environment Temurin-17.0.12+7 (17.0.12+7) (build 17.0.12+7)
# Java VM: OpenJDK 64-Bit Server VM Temurin-17.0.12+7 (17.0.12+7, mixed mode, sharing, tiered, compressed oops, compressed class ptrs, g1 gc, windows-amd64)
# No core dump will be written. Minidumps are not enabled by default on client versions of Windows
#

---------------  S U M M A R Y ------------

Command Line: --enable-native-access=ALL-UNNAMED -Dclassworlds.conf=D:\apache-maven-3.9.12-bin\apache-maven-3.9.12\bin\m2.conf -Dmaven.home=D:\apache-maven-3.9.12-bin\apache-maven-3.9.12 -Dlibrary.jansi.path=D:\apache-maven-3.9.12-bin\apache-maven-3.9.12\lib\jansi-native -Dmaven.multiModuleProjectDirectory=E:\Work-Space_Anypoint\workspace0003\vitech-bank-customer-check-balance org.codehaus.plexus.classworlds.launcher.Launcher clean package -nsu -DskipMunitTests -Dmaven.repo.local=C:\Users\BHARAT\.m2\repository --global-settings D:\apache-maven-3.9.12-bin\apache-maven-3.9.12\conf\settings.xml --settings C:\Users\BHARAT\AppData\Local\Temp\settings-temp-directory\1ce8cba9-567c-4922-94b1-1abb14050b03.xml

Host: Intel(R) Core(TM) i5-8350U CPU @ 1.70GHz, 8 cores, 7G,  Windows 11 , 64 bit Build 26100 (10.0.26100.7920)
Time: Thu Mar 12 09:25:05 2026 India Standard Time elapsed time: 12.716963 seconds (0d 0h 0m 12s)

---------------  T H R E A D  ---------------

Current thread (0x0000011ee2e2e430):  VMThread "VM Thread" [stack: 0x000000029fd00000,0x000000029fe00000] [id=80988]

Stack: [0x000000029fd00000,0x000000029fe00000]
Native frames: (J=compiled Java code, j=interpreted, Vv=VM code, C=native code)
V  [jvm.dll+0x67f929]
V  [jvm.dll+0x8371ba]
V  [jvm.dll+0x838c7e]
V  [jvm.dll+0x8392e3]
V  [jvm.dll+0x24834f]
V  [jvm.dll+0x67c6e9]
V  [jvm.dll+0x6711aa]
V  [jvm.dll+0x307f7b]
V  [jvm.dll+0x30f476]
V  [jvm.dll+0x35f63e]
V  [jvm.dll+0x35f87f]
V  [jvm.dll+0x2def9c]
V  [jvm.dll+0x2dd35f]
V  [jvm.dll+0x2dca8c]
V  [jvm.dll+0x32015b]
V  [jvm.dll+0x83d7dd]
V  [jvm.dll+0x83e522]
V  [jvm.dll+0x83ea4f]
V  [jvm.dll+0x83ee34]
V  [jvm.dll+0x83ef00]
V  [jvm.dll+0x7e65dc]
V  [jvm.dll+0x67e7f7]
C  [ucrtbase.dll+0x37b0]
C  [KERNEL32.DLL+0x2e8d7]
C  [ntdll.dll+0x8c48c]

VM_Operation (0x000000029f7fbd80): G1CollectForAllocation, mode: safepoint, requested by thread 0x0000011ec2ad9e90


---------------  P R O C E S S  ---------------

Threads class SMR info:
_java_thread_list=0x0000011ee7d324c0, length=16, elements={
0x0000011ec2ad9e90, 0x0000011ee2e38990, 0x0000011ee2e39460, 0x0000011ee2e55ba0,
0x0000011ee2e58480, 0x0000011ee2e58d50, 0x0000011ee2e59a30, 0x0000011ee2e72270,
0x0000011ee2e5d320, 0x0000011ee2e7af60, 0x0000011ee7101880, 0x0000011ee71185f0,
0x0000011ee7a348d0, 0x0000011ee84091e0, 0x0000011ee897c090, 0x0000011ee840b040
}

Java Threads: ( => current thread )
  0x0000011ec2ad9e90 JavaThread "main" [_thread_blocked, id=80608, stack(0x000000029f700000,0x000000029f800000)]
  0x0000011ee2e38990 JavaThread "Reference Handler" daemon [_thread_blocked, id=83040, stack(0x000000029fe00000,0x000000029ff00000)]
  0x0000011ee2e39460 JavaThread "Finalizer" daemon [_thread_blocked, id=79036, stack(0x000000029ff00000,0x00000002a0000000)]
  0x0000011ee2e55ba0 JavaThread "Signal Dispatcher" daemon [_thread_blocked, id=77012, stack(0x00000002a0000000,0x00000002a0100000)]
  0x0000011ee2e58480 JavaThread "Attach Listener" daemon [_thread_blocked, id=71276, stack(0x00000002a0100000,0x00000002a0200000)]
  0x0000011ee2e58d50 JavaThread "Service Thread" daemon [_thread_blocked, id=74076, stack(0x00000002a0200000,0x00000002a0300000)]
  0x0000011ee2e59a30 JavaThread "Monitor Deflation Thread" daemon [_thread_blocked, id=69460, stack(0x00000002a0300000,0x00000002a0400000)]
  0x0000011ee2e72270 JavaThread "C2 CompilerThread0" daemon [_thread_blocked, id=83052, stack(0x00000002a0400000,0x00000002a0500000)]
  0x0000011ee2e5d320 JavaThread "C1 CompilerThread0" daemon [_thread_blocked, id=81724, stack(0x00000002a0500000,0x00000002a0600000)]
  0x0000011ee2e7af60 JavaThread "Sweeper thread" daemon [_thread_blocked, id=65884, stack(0x00000002a0600000,0x00000002a0700000)]
  0x0000011ee7101880 JavaThread "Notification Thread" daemon [_thread_blocked, id=82052, stack(0x00000002a0700000,0x00000002a0800000)]
  0x0000011ee71185f0 JavaThread "Common-Cleaner" daemon [_thread_blocked, id=83248, stack(0x00000002a0900000,0x00000002a0a00000)]
  0x0000011ee7a348d0 JavaThread "C2 CompilerThread1" daemon [_thread_blocked, id=84524, stack(0x00000002a1100000,0x00000002a1200000)]
  0x0000011ee84091e0 JavaThread "Thread-1" daemon [_thread_blocked, id=83632, stack(0x00000002a1200000,0x00000002a1300000)]
  0x0000011ee897c090 JavaThread "C2 CompilerThread2" daemon [_thread_blocked, id=69932, stack(0x00000002a1900000,0x00000002a1a00000)]
  0x0000011ee840b040 JavaThread "ForkJoinPool.commonPool-worker-1" daemon [_thread_blocked, id=72072, stack(0x00000002a1a00000,0x00000002a1b00000)]

Other Threads:
=>0x0000011ee2e2e430 VMThread "VM Thread" [stack: 0x000000029fd00000,0x000000029fe00000] [id=80988]
  0x0000011ee7102170 WatcherThread [stack: 0x00000002a0800000,0x00000002a0900000] [id=83352]
  0x0000011ec2b35dc0 GCTaskThread "GC Thread#0" [stack: 0x000000029f800000,0x000000029f900000] [id=65052]
  0x0000011ee7130960 GCTaskThread "GC Thread#1" [stack: 0x00000002a0b00000,0x00000002a0c00000] [id=77660]
  0x0000011ee808f140 GCTaskThread "GC Thread#2" [stack: 0x00000002a0c00000,0x00000002a0d00000] [id=82064]
  0x0000011ee7d72490 GCTaskThread "GC Thread#3" [stack: 0x00000002a0d00000,0x00000002a0e00000] [id=62816]
  0x0000011ee808f9d0 GCTaskThread "GC Thread#4" [stack: 0x00000002a0e00000,0x00000002a0f00000] [id=81324]
  0x0000011ee8435930 GCTaskThread "GC Thread#5" [stack: 0x00000002a0f00000,0x00000002a1000000] [id=82024]
  0x0000011ee8435bf0 GCTaskThread "GC Thread#6" [stack: 0x00000002a1000000,0x00000002a1100000] [id=71940]
  0x0000011ee812c130 GCTaskThread "GC Thread#7" [stack: 0x00000002a0a00000,0x00000002a0b00000] [id=83232]
  0x0000011ec2b48440 ConcurrentGCThread "G1 Main Marker" [stack: 0x000000029f900000,0x000000029fa00000] [id=84288]
  0x0000011ec2b48d70 ConcurrentGCThread "G1 Conc#0" [stack: 0x000000029fa00000,0x000000029fb00000] [id=76812]
  0x0000011ee737e110 ConcurrentGCThread "G1 Conc#1" [stack: 0x00000002a1300000,0x00000002a1400000] [id=74900]
  0x0000011ec2b8dfe0 ConcurrentGCThread "G1 Refine#0" [stack: 0x000000029fb00000,0x000000029fc00000] [id=83836]
  0x0000011ec2b8e920 ConcurrentGCThread "G1 Service" [stack: 0x000000029fc00000,0x000000029fd00000] [id=12416]

Threads with active compile tasks:
C2 CompilerThread0    12862 5825       4       java.util.TreeMap::put (221 bytes)
C2 CompilerThread1    12863 5530   !   4       org.apache.maven.model.profile.DefaultProfileSelector::isActive (200 bytes)
C2 CompilerThread2    12863 5531   !   4       org.codehaus.plexus.interpolation.StringSearchInterpolator::interpolate (692 bytes)

VM state: at safepoint (normal execution)

VM Mutex/Monitor currently owned by a thread:  ([mutex/lock_event])
[0x0000011ec2ad58a0] Threads_lock - owner thread: 0x0000011ee2e2e430
[0x0000011ec2ad5ff0] Heap_lock - owner thread: 0x0000011ec2ad9e90

Heap address: 0x0000000082600000, size: 2010 MB, Compressed Oops mode: 32-bit

CDS archive(s) mapped at: [0x0000011e80000000-0x0000011e80bb0000-0x0000011e80bb0000), size 12255232, SharedBaseAddress: 0x0000011e80000000, ArchiveRelocationMode: 1.
Compressed class space mapped at: 0x0000011e81000000-0x0000011ec1000000, reserved size: 1073741824
Narrow klass base: 0x0000011e80000000, Narrow klass shift: 0, Narrow klass range: 0x100000000

GC Precious Log:
 CPUs: 8 total, 8 available
 Memory: 8035M
 Large Page Support: Disabled
 NUMA Support: Disabled
 Compressed Oops: Enabled (32-bit)
 Heap Region Size: 1M
 Heap Min Capacity: 8M
 Heap Initial Capacity: 126M
 Heap Max Capacity: 2010M
 Pre-touch: Disabled
 Parallel Workers: 8
 Concurrent Workers: 2
 Concurrent Refinement Workers: 8
 Periodic GC: Disabled

Heap:
 garbage-first heap   total 129024K, used 36137K [0x0000000082600000, 0x0000000100000000)
  region size 1024K, 3 young (3072K), 3 survivors (3072K)
 Metaspace       used 21575K, committed 21888K, reserved 1114112K
  class space    used 2601K, committed 2752K, reserved 1048576K

Heap Regions: E=young(eden), S=young(survivor), O=old, HS=humongous(starts), HC=humongous(continues), CS=collection set, F=free, OA=open archive, CA=closed archive, TAMS=top-at-mark-start (previous, next)
|   0|0x0000000082600000, 0x0000000082700000, 0x0000000082700000|100%| O|  |TAMS 0x0000000082700000, 0x0000000082600000| Untracked 
|   1|0x0000000082700000, 0x0000000082800000, 0x0000000082800000|100%| O|  |TAMS 0x0000000082800000, 0x0000000082700000| Untracked 
|   2|0x0000000082800000, 0x0000000082900000, 0x0000000082900000|100%| O|  |TAMS 0x0000000082900000, 0x0000000082800000| Untracked 
|   3|0x0000000082900000, 0x0000000082a00000, 0x0000000082a00000|100%| O|  |TAMS 0x0000000082a00000, 0x0000000082900000| Untracked 
|   4|0x0000000082a00000, 0x0000000082b00000, 0x0000000082b00000|100%| O|  |TAMS 0x0000000082b00000, 0x0000000082a00000| Untracked 
|   5|0x0000000082b00000, 0x0000000082c00000, 0x0000000082c00000|100%| O|  |TAMS 0x0000000082c00000, 0x0000000082b00000| Untracked 
|   6|0x0000000082c00000, 0x0000000082d00000, 0x0000000082d00000|100%| O|  |TAMS 0x0000000082d00000, 0x0000000082c00000| Untracked 
|   7|0x0000000082d00000, 0x0000000082e00000, 0x0000000082e00000|100%| O|  |TAMS 0x0000000082e00000, 0x0000000082d00000| Untracked 
|   8|0x0000000082e00000, 0x0000000082f00000, 0x0000000082f00000|100%| O|  |TAMS 0x0000000082f00000, 0x0000000082e00000| Untracked 
|   9|0x0000000082f00000, 0x0000000083000000, 0x0000000083000000|100%| O|  |TAMS 0x0000000083000000, 0x0000000082f00000| Untracked 
|  10|0x0000000083000000, 0x0000000083100000, 0x0000000083100000|100%| O|  |TAMS 0x0000000083100000, 0x0000000083000000| Untracked 
|  11|0x0000000083100000, 0x0000000083200000, 0x0000000083200000|100%| O|  |TAMS 0x0000000083200000, 0x0000000083100000| Untracked 
|  12|0x0000000083200000, 0x0000000083300000, 0x0000000083300000|100%| O|  |TAMS 0x0000000083300000, 0x0000000083200000| Untracked 
|  13|0x0000000083300000, 0x0000000083400000, 0x0000000083400000|100%| O|  |TAMS 0x0000000083400000, 0x0000000083300000| Untracked 
|  14|0x0000000083400000, 0x0000000083500000, 0x0000000083500000|100%| O|  |TAMS 0x0000000083500000, 0x0000000083400000| Untracked 
|  15|0x0000000083500000, 0x0000000083600000, 0x0000000083600000|100%| O|  |TAMS 0x0000000083600000, 0x0000000083500000| Untracked 
|  16|0x0000000083600000, 0x0000000083700000, 0x0000000083700000|100%| O|  |TAMS 0x0000000083700000, 0x0000000083600000| Untracked 
|  17|0x0000000083700000, 0x0000000083800000, 0x0000000083800000|100%| O|  |TAMS 0x0000000083800000, 0x0000000083700000| Untracked 
|  18|0x0000000083800000, 0x0000000083800000, 0x0000000083900000|  0%| F|  |TAMS 0x0000000083800000, 0x0000000083800000| Untracked 
|  19|0x0000000083900000, 0x0000000083a00000, 0x0000000083a00000|100%| O|  |TAMS 0x0000000083900000, 0x0000000083900000| Untracked 
|  20|0x0000000083a00000, 0x0000000083b00000, 0x0000000083b00000|100%| O|  |TAMS 0x0000000083a00000, 0x0000000083a00000| Untracked 
|  21|0x0000000083b00000, 0x0000000083c00000, 0x0000000083c00000|100%| O|  |TAMS 0x0000000083b00000, 0x0000000083b00000| Untracked 
|  22|0x0000000083c00000, 0x0000000083d00000, 0x0000000083d00000|100%| O|  |TAMS 0x0000000083c00000, 0x0000000083c00000| Untracked 
|  23|0x0000000083d00000, 0x0000000083e00000, 0x0000000083e00000|100%| O|  |TAMS 0x0000000083d00000, 0x0000000083d00000| Untracked 
|  24|0x0000000083e00000, 0x0000000083f00000, 0x0000000083f00000|100%| O|  |TAMS 0x0000000083e00000, 0x0000000083e00000| Untracked 
|  25|0x0000000083f00000, 0x0000000084000000, 0x0000000084000000|100%| O|  |TAMS 0x0000000083f00000, 0x0000000083f00000| Untracked 
|  26|0x0000000084000000, 0x0000000084100000, 0x0000000084100000|100%| O|  |TAMS 0x0000000084000000, 0x0000000084000000| Untracked 
|  27|0x0000000084100000, 0x0000000084200000, 0x0000000084200000|100%| O|  |TAMS 0x0000000084100000, 0x0000000084100000| Untracked 
|  28|0x0000000084200000, 0x0000000084300000, 0x0000000084300000|100%| O|  |TAMS 0x0000000084200000, 0x0000000084200000| Untracked 
|  29|0x0000000084300000, 0x0000000084400000, 0x0000000084400000|100%|HS|  |TAMS 0x0000000084300000, 0x0000000084300000| Complete 
|  30|0x0000000084400000, 0x0000000084500000, 0x0000000084500000|100%|HC|  |TAMS 0x0000000084400000, 0x0000000084400000| Complete 
|  31|0x0000000084500000, 0x0000000084600000, 0x0000000084600000|100%|HC|  |TAMS 0x0000000084500000, 0x0000000084500000| Complete 
|  32|0x0000000084600000, 0x0000000084700000, 0x0000000084700000|100%|HC|  |TAMS 0x0000000084600000, 0x0000000084600000| Complete 
|  33|0x0000000084700000, 0x0000000084800000, 0x0000000084800000|100%|HC|  |TAMS 0x0000000084700000, 0x0000000084700000| Complete 
|  34|0x0000000084800000, 0x0000000084800000, 0x0000000084900000|  0%| F|  |TAMS 0x0000000084800000, 0x0000000084800000| Untracked 
|  35|0x0000000084900000, 0x0000000084900000, 0x0000000084a00000|  0%| F|  |TAMS 0x0000000084900000, 0x0000000084900000| Untracked 
|  36|0x0000000084a00000, 0x0000000084a00000, 0x0000000084b00000|  0%| F|  |TAMS 0x0000000084a00000, 0x0000000084a00000| Untracked 
|  37|0x0000000084b00000, 0x0000000084b00000, 0x0000000084c00000|  0%| F|  |TAMS 0x0000000084b00000, 0x0000000084b00000| Untracked 
|  38|0x0000000084c00000, 0x0000000084c00000, 0x0000000084d00000|  0%| F|  |TAMS 0x0000000084c00000, 0x0000000084c00000| Untracked 
|  39|0x0000000084d00000, 0x0000000084d00000, 0x0000000084e00000|  0%| F|  |TAMS 0x0000000084d00000, 0x0000000084d00000| Untracked 
|  40|0x0000000084e00000, 0x0000000084e00000, 0x0000000084f00000|  0%| F|  |TAMS 0x0000000084e00000, 0x0000000084e00000| Untracked 
|  41|0x0000000084f00000, 0x0000000084f00000, 0x0000000085000000|  0%| F|  |TAMS 0x0000000084f00000, 0x0000000084f00000| Untracked 
|  42|0x0000000085000000, 0x0000000085000000, 0x0000000085100000|  0%| F|  |TAMS 0x0000000085000000, 0x0000000085000000| Untracked 
|  43|0x0000000085100000, 0x0000000085100000, 0x0000000085200000|  0%| F|  |TAMS 0x0000000085100000, 0x0000000085100000| Untracked 
|  44|0x0000000085200000, 0x0000000085200000, 0x0000000085300000|  0%| F|  |TAMS 0x0000000085200000, 0x0000000085200000| Untracked 
|  45|0x0000000085300000, 0x0000000085300000, 0x0000000085400000|  0%| F|  |TAMS 0x0000000085300000, 0x0000000085300000| Untracked 
|  46|0x0000000085400000, 0x0000000085400000, 0x0000000085500000|  0%| F|  |TAMS 0x0000000085400000, 0x0000000085400000| Untracked 
|  47|0x0000000085500000, 0x000000008554a790, 0x0000000085600000| 29%| S|CS|TAMS 0x0000000085500000, 0x0000000085500000| Complete 
|  48|0x0000000085600000, 0x0000000085700000, 0x0000000085700000|100%| S|CS|TAMS 0x0000000085600000, 0x0000000085600000| Complete 
|  49|0x0000000085700000, 0x0000000085800000, 0x0000000085800000|100%| S|CS|TAMS 0x0000000085700000, 0x0000000085700000| Complete 
|  50|0x0000000085800000, 0x0000000085800000, 0x0000000085900000|  0%| F|  |TAMS 0x0000000085800000, 0x0000000085800000| Untracked 
|  51|0x0000000085900000, 0x0000000085900000, 0x0000000085a00000|  0%| F|  |TAMS 0x0000000085900000, 0x0000000085900000| Untracked 
|  52|0x0000000085a00000, 0x0000000085a00000, 0x0000000085b00000|  0%| F|  |TAMS 0x0000000085a00000, 0x0000000085a00000| Untracked 
|  53|0x0000000085b00000, 0x0000000085b00000, 0x0000000085c00000|  0%| F|  |TAMS 0x0000000085b00000, 0x0000000085b00000| Untracked 
|  54|0x0000000085c00000, 0x0000000085c00000, 0x0000000085d00000|  0%| F|  |TAMS 0x0000000085c00000, 0x0000000085c00000| Untracked 
|  55|0x0000000085d00000, 0x0000000085d00000, 0x0000000085e00000|  0%| F|  |TAMS 0x0000000085d00000, 0x0000000085d00000| Untracked 
|  56|0x0000000085e00000, 0x0000000085e00000, 0x0000000085f00000|  0%| F|  |TAMS 0x0000000085e00000, 0x0000000085e00000| Untracked 
|  57|0x0000000085f00000, 0x0000000085f00000, 0x0000000086000000|  0%| F|  |TAMS 0x0000000085f00000, 0x0000000085f00000| Untracked 
|  58|0x0000000086000000, 0x0000000086000000, 0x0000000086100000|  0%| F|  |TAMS 0x0000000086000000, 0x0000000086000000| Untracked 
|  59|0x0000000086100000, 0x0000000086100000, 0x0000000086200000|  0%| F|  |TAMS 0x0000000086100000, 0x0000000086100000| Untracked 
|  60|0x0000000086200000, 0x0000000086200000, 0x0000000086300000|  0%| F|  |TAMS 0x0000000086200000, 0x0000000086200000| Untracked 
|  61|0x0000000086300000, 0x0000000086300000, 0x0000000086400000|  0%| F|  |TAMS 0x0000000086300000, 0x0000000086300000| Untracked 
|  62|0x0000000086400000, 0x0000000086400000, 0x0000000086500000|  0%| F|  |TAMS 0x0000000086400000, 0x0000000086400000| Untracked 
|  63|0x0000000086500000, 0x0000000086500000, 0x0000000086600000|  0%| F|  |TAMS 0x0000000086500000, 0x0000000086500000| Untracked 
|  64|0x0000000086600000, 0x0000000086600000, 0x0000000086700000|  0%| F|  |TAMS 0x0000000086600000, 0x0000000086600000| Untracked 
|  65|0x0000000086700000, 0x0000000086700000, 0x0000000086800000|  0%| F|  |TAMS 0x0000000086700000, 0x0000000086700000| Untracked 
|  66|0x0000000086800000, 0x0000000086800000, 0x0000000086900000|  0%| F|  |TAMS 0x0000000086800000, 0x0000000086800000| Untracked 
|  67|0x0000000086900000, 0x0000000086900000, 0x0000000086a00000|  0%| F|  |TAMS 0x0000000086900000, 0x0000000086900000| Untracked 
|  68|0x0000000086a00000, 0x0000000086a00000, 0x0000000086b00000|  0%| F|  |TAMS 0x0000000086a00000, 0x0000000086a00000| Untracked 
|  69|0x0000000086b00000, 0x0000000086b00000, 0x0000000086c00000|  0%| F|  |TAMS 0x0000000086b00000, 0x0000000086b00000| Untracked 
|  70|0x0000000086c00000, 0x0000000086c00000, 0x0000000086d00000|  0%| F|  |TAMS 0x0000000086c00000, 0x0000000086c00000| Untracked 
|  71|0x0000000086d00000, 0x0000000086d00000, 0x0000000086e00000|  0%| F|  |TAMS 0x0000000086d00000, 0x0000000086d00000| Untracked 
|  72|0x0000000086e00000, 0x0000000086e00000, 0x0000000086f00000|  0%| F|  |TAMS 0x0000000086e00000, 0x0000000086e00000| Untracked 
|  73|0x0000000086f00000, 0x0000000086f00000, 0x0000000087000000|  0%| F|  |TAMS 0x0000000086f00000, 0x0000000086f00000| Untracked 
|  74|0x0000000087000000, 0x0000000087000000, 0x0000000087100000|  0%| F|  |TAMS 0x0000000087000000, 0x0000000087000000| Untracked 
|  75|0x0000000087100000, 0x0000000087100000, 0x0000000087200000|  0%| F|  |TAMS 0x0000000087100000, 0x0000000087100000| Untracked 
|  76|0x0000000087200000, 0x0000000087200000, 0x0000000087300000|  0%| F|  |TAMS 0x0000000087200000, 0x0000000087200000| Untracked 
|  77|0x0000000087300000, 0x0000000087300000, 0x0000000087400000|  0%| F|  |TAMS 0x0000000087300000, 0x0000000087300000| Untracked 
|  78|0x0000000087400000, 0x0000000087400000, 0x0000000087500000|  0%| F|  |TAMS 0x0000000087400000, 0x0000000087400000| Untracked 
|  79|0x0000000087500000, 0x0000000087500000, 0x0000000087600000|  0%| F|  |TAMS 0x0000000087500000, 0x0000000087500000| Untracked 
|  80|0x0000000087600000, 0x0000000087600000, 0x0000000087700000|  0%| F|  |TAMS 0x0000000087600000, 0x0000000087600000| Untracked 
|  81|0x0000000087700000, 0x0000000087700000, 0x0000000087800000|  0%| F|  |TAMS 0x0000000087700000, 0x0000000087700000| Untracked 
|  82|0x0000000087800000, 0x0000000087800000, 0x0000000087900000|  0%| F|  |TAMS 0x0000000087800000, 0x0000000087800000| Untracked 
|  83|0x0000000087900000, 0x0000000087900000, 0x0000000087a00000|  0%| F|  |TAMS 0x0000000087900000, 0x0000000087900000| Untracked 
|  84|0x0000000087a00000, 0x0000000087a00000, 0x0000000087b00000|  0%| F|  |TAMS 0x0000000087a00000, 0x0000000087a00000| Untracked 
|  85|0x0000000087b00000, 0x0000000087b00000, 0x0000000087c00000|  0%| F|  |TAMS 0x0000000087b00000, 0x0000000087b00000| Untracked 
|  86|0x0000000087c00000, 0x0000000087c00000, 0x0000000087d00000|  0%| F|  |TAMS 0x0000000087c00000, 0x0000000087c00000| Untracked 
|  87|0x0000000087d00000, 0x0000000087d00000, 0x0000000087e00000|  0%| F|  |TAMS 0x0000000087d00000, 0x0000000087d00000| Untracked 
|  88|0x0000000087e00000, 0x0000000087e00000, 0x0000000087f00000|  0%| F|  |TAMS 0x0000000087e00000, 0x0000000087e00000| Untracked 
|  89|0x0000000087f00000, 0x0000000087f00000, 0x0000000088000000|  0%| F|  |TAMS 0x0000000087f00000, 0x0000000087f00000| Untracked 
|  90|0x0000000088000000, 0x0000000088000000, 0x0000000088100000|  0%| F|  |TAMS 0x0000000088000000, 0x0000000088000000| Untracked 
|  91|0x0000000088100000, 0x0000000088100000, 0x0000000088200000|  0%| F|  |TAMS 0x0000000088100000, 0x0000000088100000| Untracked 
|  92|0x0000000088200000, 0x0000000088200000, 0x0000000088300000|  0%| F|  |TAMS 0x0000000088200000, 0x0000000088200000| Untracked 
|  93|0x0000000088300000, 0x0000000088300000, 0x0000000088400000|  0%| F|  |TAMS 0x0000000088300000, 0x0000000088300000| Untracked 
|  94|0x0000000088400000, 0x0000000088400000, 0x0000000088500000|  0%| F|  |TAMS 0x0000000088400000, 0x0000000088400000| Untracked 
|  95|0x0000000088500000, 0x0000000088500000, 0x0000000088600000|  0%| F|  |TAMS 0x0000000088500000, 0x0000000088500000| Untracked 
|  96|0x0000000088600000, 0x0000000088600000, 0x0000000088700000|  0%| F|  |TAMS 0x0000000088600000, 0x0000000088600000| Untracked 
|  97|0x0000000088700000, 0x0000000088700000, 0x0000000088800000|  0%| F|  |TAMS 0x0000000088700000, 0x0000000088700000| Untracked 
|  98|0x0000000088800000, 0x0000000088800000, 0x0000000088900000|  0%| F|  |TAMS 0x0000000088800000, 0x0000000088800000| Untracked 
|  99|0x0000000088900000, 0x0000000088900000, 0x0000000088a00000|  0%| F|  |TAMS 0x0000000088900000, 0x0000000088900000| Untracked 
| 100|0x0000000088a00000, 0x0000000088a00000, 0x0000000088b00000|  0%| F|  |TAMS 0x0000000088a00000, 0x0000000088a00000| Untracked 
| 101|0x0000000088b00000, 0x0000000088b00000, 0x0000000088c00000|  0%| F|  |TAMS 0x0000000088b00000, 0x0000000088b00000| Untracked 
| 102|0x0000000088c00000, 0x0000000088c00000, 0x0000000088d00000|  0%| F|  |TAMS 0x0000000088c00000, 0x0000000088c00000| Untracked 
| 103|0x0000000088d00000, 0x0000000088d00000, 0x0000000088e00000|  0%| F|  |TAMS 0x0000000088d00000, 0x0000000088d00000| Untracked 
| 104|0x0000000088e00000, 0x0000000088e00000, 0x0000000088f00000|  0%| F|  |TAMS 0x0000000088e00000, 0x0000000088e00000| Untracked 
| 105|0x0000000088f00000, 0x0000000088f00000, 0x0000000089000000|  0%| F|  |TAMS 0x0000000088f00000, 0x0000000088f00000| Untracked 
| 106|0x0000000089000000, 0x0000000089000000, 0x0000000089100000|  0%| F|  |TAMS 0x0000000089000000, 0x0000000089000000| Untracked 
| 107|0x0000000089100000, 0x0000000089100000, 0x0000000089200000|  0%| F|  |TAMS 0x0000000089100000, 0x0000000089100000| Untracked 
| 108|0x0000000089200000, 0x0000000089200000, 0x0000000089300000|  0%| F|  |TAMS 0x0000000089200000, 0x0000000089200000| Untracked 
| 109|0x0000000089300000, 0x0000000089300000, 0x0000000089400000|  0%| F|  |TAMS 0x0000000089300000, 0x0000000089300000| Untracked 
| 110|0x0000000089400000, 0x0000000089400000, 0x0000000089500000|  0%| F|  |TAMS 0x0000000089400000, 0x0000000089400000| Untracked 
| 111|0x0000000089500000, 0x0000000089500000, 0x0000000089600000|  0%| F|  |TAMS 0x0000000089500000, 0x0000000089500000| Untracked 
| 112|0x0000000089600000, 0x0000000089600000, 0x0000000089700000|  0%| F|  |TAMS 0x0000000089600000, 0x0000000089600000| Untracked 
| 113|0x0000000089700000, 0x0000000089700000, 0x0000000089800000|  0%| F|  |TAMS 0x0000000089700000, 0x0000000089700000| Untracked 
| 114|0x0000000089800000, 0x0000000089800000, 0x0000000089900000|  0%| F|  |TAMS 0x0000000089800000, 0x0000000089800000| Untracked 
| 115|0x0000000089900000, 0x0000000089900000, 0x0000000089a00000|  0%| F|  |TAMS 0x0000000089900000, 0x0000000089900000| Untracked 
| 116|0x0000000089a00000, 0x0000000089a00000, 0x0000000089b00000|  0%| F|  |TAMS 0x0000000089a00000, 0x0000000089a00000| Untracked 
| 117|0x0000000089b00000, 0x0000000089b00000, 0x0000000089c00000|  0%| F|  |TAMS 0x0000000089b00000, 0x0000000089b00000| Untracked 
| 118|0x0000000089c00000, 0x0000000089c00000, 0x0000000089d00000|  0%| F|  |TAMS 0x0000000089c00000, 0x0000000089c00000| Untracked 
| 119|0x0000000089d00000, 0x0000000089d00000, 0x0000000089e00000|  0%| F|  |TAMS 0x0000000089d00000, 0x0000000089d00000| Untracked 
| 120|0x0000000089e00000, 0x0000000089e00000, 0x0000000089f00000|  0%| F|  |TAMS 0x0000000089e00000, 0x0000000089e00000| Untracked 
| 121|0x0000000089f00000, 0x0000000089f00000, 0x000000008a000000|  0%| F|  |TAMS 0x0000000089f00000, 0x0000000089f00000| Untracked 
| 122|0x000000008a000000, 0x000000008a000000, 0x000000008a100000|  0%| F|  |TAMS 0x000000008a000000, 0x000000008a000000| Untracked 
| 123|0x000000008a100000, 0x000000008a100000, 0x000000008a200000|  0%| F|  |TAMS 0x000000008a100000, 0x000000008a100000| Untracked 
| 124|0x000000008a200000, 0x000000008a200000, 0x000000008a300000|  0%| F|  |TAMS 0x000000008a200000, 0x000000008a200000| Untracked 
| 125|0x000000008a300000, 0x000000008a300000, 0x000000008a400000|  0%| F|  |TAMS 0x000000008a300000, 0x000000008a300000| Untracked 

Card table byte_map: [0x0000011edbcc0000,0x0000011edc0b0000] _byte_map_base: 0x0000011edb8ad000

Marking Bits (Prev, Next): (CMBitMap*) 0x0000011ec2b37340, (CMBitMap*) 0x0000011ec2b37300
 Prev Bits: [0x0000011ede410000, 0x0000011ee0378000)
 Next Bits: [0x0000011edc4a0000, 0x0000011ede408000)

Polling page: 0x0000011ec2b90000

Metaspace:

Usage:
  Non-class:     18.53 MB used.
      Class:      2.54 MB used.
       Both:     21.07 MB used.

Virtual space:
  Non-class space:       64.00 MB reserved,      18.69 MB ( 29%) committed,  1 nodes.
      Class space:        1.00 GB reserved,       2.69 MB ( <1%) committed,  1 nodes.
             Both:        1.06 GB reserved,      21.38 MB (  2%) committed. 

Chunk freelists:
   Non-Class:  12.81 MB
       Class:  13.27 MB
        Both:  26.08 MB

MaxMetaspaceSize: unlimited
CompressedClassSpaceSize: 1.00 GB
Initial GC threshold: 21.00 MB
Current GC threshold: 35.31 MB
CDS: on
MetaspaceReclaimPolicy: balanced
 - commit_granule_bytes: 65536.
 - commit_granule_words: 8192.
 - virtual_space_node_default_size: 8388608.
 - enlarge_chunks_in_place: 1.
 - new_chunks_are_fully_committed: 0.
 - uncommit_free_chunks: 1.
 - use_allocation_guard: 0.
 - handle_deallocations: 1.


Internal statistics:

num_allocs_failed_limit: 3.
num_arena_births: 162.
num_arena_deaths: 0.
num_vsnodes_births: 2.
num_vsnodes_deaths: 0.
num_space_committed: 342.
num_space_uncommitted: 0.
num_chunks_returned_to_freelist: 3.
num_chunks_taken_from_freelist: 961.
num_chunk_merges: 3.
num_chunk_splits: 644.
num_chunks_enlarged: 480.
num_inconsistent_stats: 0.

CodeHeap 'non-profiled nmethods': size=120000Kb used=2831Kb max_used=3102Kb free=117168Kb
 bounds [0x0000011ed3a30000, 0x0000011ed3d60000, 0x0000011edaf60000]
CodeHeap 'profiled nmethods': size=120000Kb used=10836Kb max_used=11946Kb free=109163Kb
 bounds [0x0000011ecbf60000, 0x0000011eccb10000, 0x0000011ed3490000]
CodeHeap 'non-nmethods': size=5760Kb used=1202Kb max_used=1313Kb free=4557Kb
 bounds [0x0000011ed3490000, 0x0000011ed3700000, 0x0000011ed3a30000]
 total_blobs=5516 nmethods=5018 adapters=410
 compilation: enabled
              stopped_count=0, restarted_count=0
 full_count=0

Compilation events (20 events):
Event: 11.490 Thread 0x0000011ee2e5d320 5808       2       java.lang.AbstractStringBuilder::getBytes (44 bytes)
Event: 11.490 Thread 0x0000011ee2e5d320 nmethod 5808 0x0000011ecc3c0d10 code [0x0000011ecc3c0ec0, 0x0000011ecc3c10f8]
Event: 11.491 Thread 0x0000011ee2e5d320 5810       3       java.util.regex.Matcher::appendExpandedReplacement (510 bytes)
Event: 11.497 Thread 0x0000011ee2e5d320 nmethod 5810 0x0000011ecc508a10 code [0x0000011ecc509200, 0x0000011ecc50dad8]
Event: 11.497 Thread 0x0000011ee2e5d320 5818       3       java.util.regex.Matcher::replaceAll (59 bytes)
Event: 11.498 Thread 0x0000011ee2e5d320 nmethod 5818 0x0000011ecc8a4290 code [0x0000011ecc8a4500, 0x0000011ecc8a4e78]
Event: 11.498 Thread 0x0000011ee2e5d320 5811       3       java.lang.AbstractStringBuilder::append (67 bytes)
Event: 11.498 Thread 0x0000011ee2e5d320 nmethod 5811 0x0000011ecc8a3710 code [0x0000011ecc8a3920, 0x0000011ecc8a3e48]
Event: 11.499 Thread 0x0000011ee2e5d320 5815       3       java.util.zip.ZipEntry::isDirectory (10 bytes)
Event: 11.499 Thread 0x0000011ee2e5d320 nmethod 5815 0x0000011ecc3f5590 code [0x0000011ecc3f5760, 0x0000011ecc3f5b08]
Event: 11.499 Thread 0x0000011ee2e5d320 5817       3       java.util.zip.ZipFile$ZipEntryIterator::hasMoreElements (5 bytes)
Event: 11.500 Thread 0x0000011ee2e5d320 nmethod 5817 0x0000011ecc3c0710 code [0x0000011ecc3c08a0, 0x0000011ecc3c0a78]
Event: 11.500 Thread 0x0000011ee2e5d320 5819   !   3       java.util.zip.ZipFile$ZipEntryIterator::next (71 bytes)
Event: 11.500 Thread 0x0000011ee2e5d320 nmethod 5819 0x0000011ecc3f4a90 code [0x0000011ecc3f4c80, 0x0000011ecc3f51a8]
Event: 11.500 Thread 0x0000011ee2e5d320 5820       3       java.util.zip.ZipFile$ZipEntryIterator::nextElement (5 bytes)
Event: 11.501 Thread 0x0000011ee2e5d320 nmethod 5820 0x0000011ecc508410 code [0x0000011ecc5085c0, 0x0000011ecc508748]
Event: 11.604 Thread 0x0000011ee2e72270 nmethod 5737 0x0000011ed3a66010 code [0x0000011ed3a66480, 0x0000011ed3a69e28]
Event: 11.606 Thread 0x0000011ee2e72270 5823       4       java.util.regex.Matcher::appendExpandedReplacement (510 bytes)
Event: 11.621 Thread 0x0000011ee2e72270 nmethod 5823 0x0000011ed3bf6210 code [0x0000011ed3bf63c0, 0x0000011ed3bf6c18]
Event: 11.621 Thread 0x0000011ee2e72270 5825       4       java.util.TreeMap::put (221 bytes)

GC Heap History (19 events):
Event: 1.261 GC heap before
{Heap before GC invocations=0 (full 0):
 garbage-first heap   total 129024K, used 23552K [0x0000000082600000, 0x0000000100000000)
  region size 1024K, 23 young (23552K), 0 survivors (0K)
 Metaspace       used 5392K, committed 5632K, reserved 1114112K
  class space    used 651K, committed 768K, reserved 1048576K
}
Event: 1.271 GC heap after
{Heap after GC invocations=1 (full 0):
 garbage-first heap   total 129024K, used 3685K [0x0000000082600000, 0x0000000100000000)
  region size 1024K, 3 young (3072K), 3 survivors (3072K)
 Metaspace       used 5392K, committed 5632K, reserved 1114112K
  class space    used 651K, committed 768K, reserved 1048576K
}
Event: 2.323 GC heap before
{Heap before GC invocations=1 (full 0):
 garbage-first heap   total 129024K, used 34405K [0x0000000082600000, 0x0000000100000000)
  region size 1024K, 33 young (33792K), 3 survivors (3072K)
 Metaspace       used 9360K, committed 9536K, reserved 1114112K
  class space    used 1135K, committed 1216K, reserved 1048576K
}
Event: 2.334 GC heap after
{Heap after GC invocations=2 (full 0):
 garbage-first heap   total 129024K, used 5106K [0x0000000082600000, 0x0000000100000000)
  region size 1024K, 2 young (2048K), 2 survivors (2048K)
 Metaspace       used 9360K, committed 9536K, reserved 1114112K
  class space    used 1135K, committed 1216K, reserved 1048576K
}
Event: 4.627 GC heap before
{Heap before GC invocations=2 (full 0):
 garbage-first heap   total 129024K, used 79858K [0x0000000082600000, 0x0000000100000000)
  region size 1024K, 75 young (76800K), 2 survivors (2048K)
 Metaspace       used 15056K, committed 15232K, reserved 1114112K
  class space    used 1789K, committed 1856K, reserved 1048576K
}
Event: 4.646 GC heap after
{Heap after GC invocations=3 (full 0):
 garbage-first heap   total 129024K, used 10859K [0x0000000082600000, 0x0000000100000000)
  region size 1024K, 8 young (8192K), 8 survivors (8192K)
 Metaspace       used 15056K, committed 15232K, reserved 1114112K
  class space    used 1789K, committed 1856K, reserved 1048576K
}
Event: 5.828 GC heap before
{Heap before GC invocations=3 (full 0):
 garbage-first heap   total 129024K, used 79467K [0x0000000082600000, 0x0000000100000000)
  region size 1024K, 75 young (76800K), 8 survivors (8192K)
 Metaspace       used 15590K, committed 15808K, reserved 1114112K
  class space    used 1793K, committed 1856K, reserved 1048576K
}
Event: 5.843 GC heap after
{Heap after GC invocations=4 (full 0):
 garbage-first heap   total 129024K, used 13977K [0x0000000082600000, 0x0000000100000000)
  region size 1024K, 4 young (4096K), 4 survivors (4096K)
 Metaspace       used 15590K, committed 15808K, reserved 1114112K
  class space    used 1793K, committed 1856K, reserved 1048576K
}
Event: 7.865 GC heap before
{Heap before GC invocations=4 (full 0):
 garbage-first heap   total 129024K, used 86681K [0x0000000082600000, 0x0000000100000000)
  region size 1024K, 75 young (76800K), 4 survivors (4096K)
 Metaspace       used 17542K, committed 17728K, reserved 1114112K
  class space    used 2086K, committed 2176K, reserved 1048576K
}
Event: 7.875 GC heap after
{Heap after GC invocations=5 (full 0):
 garbage-first heap   total 129024K, used 20122K [0x0000000082600000, 0x0000000100000000)
  region size 1024K, 10 young (10240K), 10 survivors (10240K)
 Metaspace       used 17542K, committed 17728K, reserved 1114112K
  class space    used 2086K, committed 2176K, reserved 1048576K
}
Event: 9.428 GC heap before
{Heap before GC invocations=5 (full 0):
 garbage-first heap   total 129024K, used 86682K [0x0000000082600000, 0x0000000100000000)
  region size 1024K, 75 young (76800K), 10 survivors (10240K)
 Metaspace       used 18673K, committed 18880K, reserved 1114112K
  class space    used 2217K, committed 2304K, reserved 1048576K
}
Event: 9.447 GC heap after
{Heap after GC invocations=6 (full 0):
 garbage-first heap   total 129024K, used 24017K [0x0000000082600000, 0x0000000100000000)
  region size 1024K, 5 young (5120K), 5 survivors (5120K)
 Metaspace       used 18673K, committed 18880K, reserved 1114112K
  class space    used 2217K, committed 2304K, reserved 1048576K
}
Event: 10.934 GC heap before
{Heap before GC invocations=6 (full 0):
 garbage-first heap   total 129024K, used 48593K [0x0000000082600000, 0x0000000100000000)
  region size 1024K, 30 young (30720K), 5 survivors (5120K)
 Metaspace       used 21251K, committed 21504K, reserved 1114112K
  class space    used 2559K, committed 2688K, reserved 1048576K
}
Event: 10.951 GC heap after
{Heap after GC invocations=7 (full 0):
 garbage-first heap   total 129024K, used 25150K [0x0000000082600000, 0x0000000100000000)
  region size 1024K, 6 young (6144K), 6 survivors (6144K)
 Metaspace       used 21251K, committed 21504K, reserved 1114112K
  class space    used 2559K, committed 2688K, reserved 1048576K
}
Event: 11.255 GC heap before
{Heap before GC invocations=8 (full 0):
 garbage-first heap   total 106496K, used 88638K [0x0000000082600000, 0x0000000100000000)
  region size 1024K, 68 young (69632K), 6 survivors (6144K)
 Metaspace       used 21379K, committed 21696K, reserved 1114112K
  class space    used 2577K, committed 2752K, reserved 1048576K
}
Event: 11.283 GC heap after
{Heap after GC invocations=9 (full 0):
 garbage-first heap   total 106496K, used 29261K [0x0000000082600000, 0x0000000100000000)
  region size 1024K, 6 young (6144K), 6 survivors (6144K)
 Metaspace       used 21379K, committed 21696K, reserved 1114112K
  class space    used 2577K, committed 2752K, reserved 1048576K
}
Event: 11.286 GC heap before
{Heap before GC invocations=9 (full 0):
 garbage-first heap   total 106496K, used 30285K [0x0000000082600000, 0x0000000100000000)
  region size 1024K, 7 young (7168K), 6 survivors (6144K)
 Metaspace       used 21385K, committed 21696K, reserved 1114112K
  class space    used 2577K, committed 2752K, reserved 1048576K
}
Event: 11.297 GC heap after
{Heap after GC invocations=10 (full 0):
 garbage-first heap   total 106496K, used 29696K [0x0000000082600000, 0x0000000100000000)
  region size 1024K, 1 young (1024K), 1 survivors (1024K)
 Metaspace       used 21385K, committed 21696K, reserved 1114112K
  class space    used 2577K, committed 2752K, reserved 1048576K
}
Event: 11.633 GC heap before
{Heap before GC invocations=10 (full 0):
 garbage-first heap   total 106496K, used 88064K [0x0000000082600000, 0x0000000100000000)
  region size 1024K, 54 young (55296K), 1 survivors (1024K)
 Metaspace       used 21575K, committed 21888K, reserved 1114112K
  class space    used 2601K, committed 2752K, reserved 1048576K
}

Dll operation events (8 events):
Event: 0.012 Loaded shared library D:\AnypointStudio-7.24.0-win64\AnypointStudio\plugins\org.mule.tooling.jdk.win32.x86_64_1.4.1\bin\java.dll
Event: 0.039 Loaded shared library D:\AnypointStudio-7.24.0-win64\AnypointStudio\plugins\org.mule.tooling.jdk.win32.x86_64_1.4.1\bin\jsvml.dll
Event: 0.105 Loaded shared library D:\AnypointStudio-7.24.0-win64\AnypointStudio\plugins\org.mule.tooling.jdk.win32.x86_64_1.4.1\bin\net.dll
Event: 0.109 Loaded shared library D:\AnypointStudio-7.24.0-win64\AnypointStudio\plugins\org.mule.tooling.jdk.win32.x86_64_1.4.1\bin\nio.dll
Event: 0.116 Loaded shared library D:\AnypointStudio-7.24.0-win64\AnypointStudio\plugins\org.mule.tooling.jdk.win32.x86_64_1.4.1\bin\zip.dll
Event: 0.338 Loaded shared library D:\AnypointStudio-7.24.0-win64\AnypointStudio\plugins\org.mule.tooling.jdk.win32.x86_64_1.4.1\bin\jimage.dll
Event: 0.339 Loaded shared library D:\apache-maven-3.9.12-bin\apache-maven-3.9.12\lib\jansi-native\Windows\x86_64\jansi.dll
Event: 0.363 Loaded shared library D:\AnypointStudio-7.24.0-win64\AnypointStudio\plugins\org.mule.tooling.jdk.win32.x86_64_1.4.1\bin\verify.dll

Deoptimization events (20 events):
Event: 11.358 Thread 0x0000011ec2ad9e90 Uncommon trap: trap_request=0xffffffde fr.pc=0x0000011ed3a8bb30 relative=0x0000000000003ad0
Event: 11.358 Thread 0x0000011ec2ad9e90 Uncommon trap: reason=class_check action=maybe_recompile pc=0x0000011ed3a8bb30 method=org.eclipse.aether.util.graph.transformer.ConflictResolver.gatherConflictItems(Lorg/eclipse/aether/graph/DependencyNode;Lorg/eclipse/aether/util/graph/transformer/Confli
Event: 11.358 Thread 0x0000011ec2ad9e90 DEOPT PACKING pc=0x0000011ed3a8bb30 sp=0x000000029f7fd3b0
Event: 11.358 Thread 0x0000011ec2ad9e90 DEOPT UNPACKING pc=0x0000011ed34e69a3 sp=0x000000029f7fd3b8 mode 2
Event: 11.358 Thread 0x0000011ec2ad9e90 Uncommon trap: trap_request=0xffffffde fr.pc=0x0000011ed3a8bb30 relative=0x0000000000003ad0
Event: 11.358 Thread 0x0000011ec2ad9e90 Uncommon trap: reason=class_check action=maybe_recompile pc=0x0000011ed3a8bb30 method=org.eclipse.aether.util.graph.transformer.ConflictResolver.gatherConflictItems(Lorg/eclipse/aether/graph/DependencyNode;Lorg/eclipse/aether/util/graph/transformer/Confli
Event: 11.358 Thread 0x0000011ec2ad9e90 DEOPT PACKING pc=0x0000011ed3a8bb30 sp=0x000000029f7fd3b0
Event: 11.358 Thread 0x0000011ec2ad9e90 DEOPT UNPACKING pc=0x0000011ed34e69a3 sp=0x000000029f7fd3b8 mode 2
Event: 11.359 Thread 0x0000011ec2ad9e90 Uncommon trap: trap_request=0xffffffde fr.pc=0x0000011ed3a8bb30 relative=0x0000000000003ad0
Event: 11.359 Thread 0x0000011ec2ad9e90 Uncommon trap: reason=class_check action=maybe_recompile pc=0x0000011ed3a8bb30 method=org.eclipse.aether.util.graph.transformer.ConflictResolver.gatherConflictItems(Lorg/eclipse/aether/graph/DependencyNode;Lorg/eclipse/aether/util/graph/transformer/Confli
Event: 11.359 Thread 0x0000011ec2ad9e90 DEOPT PACKING pc=0x0000011ed3a8bb30 sp=0x000000029f7fd3b0
Event: 11.359 Thread 0x0000011ec2ad9e90 DEOPT UNPACKING pc=0x0000011ed34e69a3 sp=0x000000029f7fd3b8 mode 2
Event: 11.378 Thread 0x0000011ec2ad9e90 DEOPT PACKING pc=0x0000011ecc692734 sp=0x000000029f7fcb80
Event: 11.378 Thread 0x0000011ec2ad9e90 DEOPT UNPACKING pc=0x0000011ed34e7143 sp=0x000000029f7fc100 mode 0
Event: 11.421 Thread 0x0000011ec2ad9e90 DEOPT PACKING pc=0x0000011ecc692734 sp=0x000000029f7fcb80
Event: 11.421 Thread 0x0000011ec2ad9e90 DEOPT UNPACKING pc=0x0000011ed34e7143 sp=0x000000029f7fc100 mode 0
Event: 11.428 Thread 0x0000011ec2ad9e90 Uncommon trap: trap_request=0xffffff45 fr.pc=0x0000011ed3b48330 relative=0x00000000000001f0
Event: 11.428 Thread 0x0000011ec2ad9e90 Uncommon trap: reason=unstable_if action=reinterpret pc=0x0000011ed3b48330 method=java.util.HashMap.hash(Ljava/lang/Object;)I @ 1 c2
Event: 11.428 Thread 0x0000011ec2ad9e90 DEOPT PACKING pc=0x0000011ed3b48330 sp=0x000000029f7fd6f0
Event: 11.428 Thread 0x0000011ec2ad9e90 DEOPT UNPACKING pc=0x0000011ed34e69a3 sp=0x000000029f7fd5b0 mode 2

Classes loaded (20 events):
Event: 10.966 Loading class java/util/concurrent/FutureTask$WaitNode
Event: 10.966 Loading class java/util/concurrent/FutureTask$WaitNode done
Event: 10.967 Loading class java/util/concurrent/ThreadPoolExecutor$Worker
Event: 10.967 Loading class java/util/concurrent/ThreadPoolExecutor$Worker done
Event: 10.967 Loading class java/lang/Thread$State
Event: 10.968 Loading class java/lang/Thread$State done
Event: 11.002 Loading class java/util/concurrent/locks/AbstractQueuedSynchronizer$ExclusiveNode
Event: 11.003 Loading class java/util/concurrent/locks/AbstractQueuedSynchronizer$ExclusiveNode done
Event: 11.077 Loading class java/util/concurrent/locks/ReentrantReadWriteLock$Sync$HoldCounter
Event: 11.077 Loading class java/util/concurrent/locks/ReentrantReadWriteLock$Sync$HoldCounter done
Event: 11.196 Loading class java/util/stream/ForEachOps$ForEachTask
Event: 11.197 Loading class java/util/stream/ForEachOps$ForEachTask done
Event: 11.361 Loading class java/util/stream/ReduceOps$5
Event: 11.361 Loading class java/util/stream/ReduceOps$5 done
Event: 11.362 Loading class java/util/stream/ReduceOps$CountingSink$OfRef
Event: 11.362 Loading class java/util/stream/ReduceOps$CountingSink
Event: 11.362 Loading class java/util/stream/ReduceOps$CountingSink done
Event: 11.362 Loading class java/util/stream/ReduceOps$CountingSink$OfRef done
Event: 11.480 Loading class java/util/zip/ZipFile$ZipEntryIterator
Event: 11.480 Loading class java/util/zip/ZipFile$ZipEntryIterator done

Classes unloaded (0 events):
No events

Classes redefined (0 events):
No events

Internal exceptions (20 events):
Event: 11.359 Thread 0x0000011ec2ad9e90 Exception <a 'java/lang/ArrayIndexOutOfBoundsException'{0x0000000087e034d8}: Index 1 out of bounds for length 1> (0x0000000087e034d8) 
thrown [s\src\hotspot\share\interpreter\interpreterRuntime.cpp, line 428]
Event: 11.359 Thread 0x0000011ec2ad9e90 Exception <a 'java/lang/ArrayIndexOutOfBoundsException'{0x0000000087e03c48}: Index 1 out of bounds for length 1> (0x0000000087e03c48) 
thrown [s\src\hotspot\share\interpreter\interpreterRuntime.cpp, line 428]
Event: 11.359 Thread 0x0000011ec2ad9e90 Exception <a 'java/lang/ArrayIndexOutOfBoundsException'{0x0000000087e043b8}: Index 1 out of bounds for length 1> (0x0000000087e043b8) 
thrown [s\src\hotspot\share\interpreter\interpreterRuntime.cpp, line 428]
Event: 11.359 Thread 0x0000011ec2ad9e90 Exception <a 'java/lang/ArrayIndexOutOfBoundsException'{0x0000000087e057d8}: Index 1 out of bounds for length 1> (0x0000000087e057d8) 
thrown [s\src\hotspot\share\interpreter\interpreterRuntime.cpp, line 428]
Event: 11.359 Thread 0x0000011ec2ad9e90 Exception <a 'java/lang/ArrayIndexOutOfBoundsException'{0x0000000087e05f48}: Index 1 out of bounds for length 1> (0x0000000087e05f48) 
thrown [s\src\hotspot\share\interpreter\interpreterRuntime.cpp, line 428]
Event: 11.359 Thread 0x0000011ec2ad9e90 Exception <a 'java/lang/ArrayIndexOutOfBoundsException'{0x0000000087e066b8}: Index 1 out of bounds for length 1> (0x0000000087e066b8) 
thrown [s\src\hotspot\share\interpreter\interpreterRuntime.cpp, line 428]
Event: 11.359 Thread 0x0000011ec2ad9e90 Exception <a 'java/lang/ArrayIndexOutOfBoundsException'{0x0000000087e06e28}: Index 1 out of bounds for length 1> (0x0000000087e06e28) 
thrown [s\src\hotspot\share\interpreter\interpreterRuntime.cpp, line 428]
Event: 11.359 Thread 0x0000011ec2ad9e90 Exception <a 'java/lang/ArrayIndexOutOfBoundsException'{0x0000000087e07598}: Index 1 out of bounds for length 1> (0x0000000087e07598) 
thrown [s\src\hotspot\share\interpreter\interpreterRuntime.cpp, line 428]
Event: 11.359 Thread 0x0000011ec2ad9e90 Exception <a 'java/lang/ArrayIndexOutOfBoundsException'{0x0000000087e07d08}: Index 1 out of bounds for length 1> (0x0000000087e07d08) 
thrown [s\src\hotspot\share\interpreter\interpreterRuntime.cpp, line 428]
Event: 11.359 Thread 0x0000011ec2ad9e90 Exception <a 'java/lang/ArrayIndexOutOfBoundsException'{0x0000000087e08478}: Index 1 out of bounds for length 1> (0x0000000087e08478) 
thrown [s\src\hotspot\share\interpreter\interpreterRuntime.cpp, line 428]
Event: 11.359 Thread 0x0000011ec2ad9e90 Exception <a 'java/lang/ArrayIndexOutOfBoundsException'{0x0000000087e08be8}: Index 1 out of bounds for length 1> (0x0000000087e08be8) 
thrown [s\src\hotspot\share\interpreter\interpreterRuntime.cpp, line 428]
Event: 11.363 Thread 0x0000011ec2ad9e90 Exception <a 'java/lang/ArrayIndexOutOfBoundsException'{0x0000000087e10690}: Index 1 out of bounds for length 1> (0x0000000087e10690) 
thrown [s\src\hotspot\share\interpreter\interpreterRuntime.cpp, line 428]
Event: 11.363 Thread 0x0000011ec2ad9e90 Exception <a 'java/lang/ArrayIndexOutOfBoundsException'{0x0000000087e10e00}: Index 1 out of bounds for length 1> (0x0000000087e10e00) 
thrown [s\src\hotspot\share\interpreter\interpreterRuntime.cpp, line 428]
Event: 11.363 Thread 0x0000011ec2ad9e90 Exception <a 'java/lang/ArrayIndexOutOfBoundsException'{0x0000000087e11570}: Index 1 out of bounds for length 1> (0x0000000087e11570) 
thrown [s\src\hotspot\share\interpreter\interpreterRuntime.cpp, line 428]
Event: 11.363 Thread 0x0000011ec2ad9e90 Exception <a 'java/lang/ArrayIndexOutOfBoundsException'{0x0000000087e11ce0}: Index 1 out of bounds for length 1> (0x0000000087e11ce0) 
thrown [s\src\hotspot\share\interpreter\interpreterRuntime.cpp, line 428]
Event: 11.363 Thread 0x0000011ec2ad9e90 Exception <a 'java/lang/ArrayIndexOutOfBoundsException'{0x0000000087e12450}: Index 1 out of bounds for length 1> (0x0000000087e12450) 
thrown [s\src\hotspot\share\interpreter\interpreterRuntime.cpp, line 428]
Event: 11.363 Thread 0x0000011ec2ad9e90 Exception <a 'java/lang/ArrayIndexOutOfBoundsException'{0x0000000087e12bc0}: Index 1 out of bounds for length 1> (0x0000000087e12bc0) 
thrown [s\src\hotspot\share\interpreter\interpreterRuntime.cpp, line 428]
Event: 11.363 Thread 0x0000011ec2ad9e90 Exception <a 'java/lang/ArrayIndexOutOfBoundsException'{0x0000000087e13330}: Index 1 out of bounds for length 1> (0x0000000087e13330) 
thrown [s\src\hotspot\share\interpreter\interpreterRuntime.cpp, line 428]
Event: 11.363 Thread 0x0000011ec2ad9e90 Exception <a 'java/lang/ArrayIndexOutOfBoundsException'{0x0000000087e13aa0}: Index 1 out of bounds for length 1> (0x0000000087e13aa0) 
thrown [s\src\hotspot\share\interpreter\interpreterRuntime.cpp, line 428]
Event: 11.428 Thread 0x0000011ec2ad9e90 Implicit null exception at 0x0000011ed3b48191 to 0x0000011ed3b48318

VM Operations (20 events):
Event: 10.783 Executing VM operation: HandshakeAllThreads done
Event: 10.783 Executing VM operation: Cleanup
Event: 10.784 Executing VM operation: Cleanup done
Event: 10.906 Executing VM operation: HandshakeAllThreads
Event: 10.906 Executing VM operation: HandshakeAllThreads done
Event: 10.934 Executing VM operation: CollectForMetadataAllocation
Event: 10.951 Executing VM operation: CollectForMetadataAllocation done
Event: 10.966 Executing VM operation: HandshakeAllThreads
Event: 10.966 Executing VM operation: HandshakeAllThreads done
Event: 11.003 Executing VM operation: G1PauseRemark
Event: 11.015 Executing VM operation: G1PauseRemark done
Event: 11.039 Executing VM operation: G1PauseCleanup
Event: 11.042 Executing VM operation: G1PauseCleanup done
Event: 11.255 Executing VM operation: G1CollectForAllocation
Event: 11.283 Executing VM operation: G1CollectForAllocation done
Event: 11.286 Executing VM operation: G1CollectForAllocation
Event: 11.297 Executing VM operation: G1CollectForAllocation done
Event: 11.362 Executing VM operation: HandshakeAllThreads
Event: 11.362 Executing VM operation: HandshakeAllThreads done
Event: 11.633 Executing VM operation: G1CollectForAllocation

Events (20 events):
Event: 9.867 Thread 0x0000011ee2e7af60 flushing nmethod 0x0000011ecc91e110
Event: 9.867 Thread 0x0000011ee2e7af60 flushing nmethod 0x0000011ecc966b10
Event: 9.868 Thread 0x0000011ee2e7af60 flushing nmethod 0x0000011ecc9a6290
Event: 9.869 Thread 0x0000011ee2e7af60 flushing nmethod 0x0000011ecca42390
Event: 9.869 Thread 0x0000011ee2e7af60 flushing nmethod 0x0000011ecca5df10
Event: 10.127 Thread 0x0000011ee897c090 Thread exited: 0x0000011ee897c090
Event: 10.285 Thread 0x0000011ee897c090 Thread added: 0x0000011ee897c090
Event: 10.533 Thread 0x0000011ee897c090 Thread exited: 0x0000011ee897c090
Event: 10.968 Thread 0x0000011ee84082b0 Thread added: 0x0000011ee84082b0
Event: 10.969 Thread 0x0000011ee8407da0 Thread added: 0x0000011ee8407da0
Event: 10.969 Thread 0x0000011ee8409c00 Thread added: 0x0000011ee8409c00
Event: 10.970 Thread 0x0000011ee8407890 Thread added: 0x0000011ee8407890
Event: 10.970 Thread 0x0000011ee84087c0 Thread added: 0x0000011ee84087c0
Event: 10.992 Thread 0x0000011ee897c090 Thread added: 0x0000011ee897c090
Event: 11.198 Thread 0x0000011ee840b040 Thread added: 0x0000011ee840b040
Event: 11.343 Thread 0x0000011ee8407890 Thread exited: 0x0000011ee8407890
Event: 11.343 Thread 0x0000011ee8409c00 Thread exited: 0x0000011ee8409c00
Event: 11.343 Thread 0x0000011ee84082b0 Thread exited: 0x0000011ee84082b0
Event: 11.343 Thread 0x0000011ee8407da0 Thread exited: 0x0000011ee8407da0
Event: 11.343 Thread 0x0000011ee84087c0 Thread exited: 0x0000011ee84087c0


Dynamic libraries:
0x00007ff631280000 - 0x00007ff63128e000 	D:\AnypointStudio-7.24.0-win64\AnypointStudio\plugins\org.mule.tooling.jdk.win32.x86_64_1.4.1\bin\java.exe
0x00007ffd235e0000 - 0x00007ffd23847000 	C:\WINDOWS\SYSTEM32\ntdll.dll
0x00007ffd220a0000 - 0x00007ffd22169000 	C:\WINDOWS\System32\KERNEL32.DLL
0x00007ffd206e0000 - 0x00007ffd20ad1000 	C:\WINDOWS\System32\KERNELBASE.dll
0x00007ffd1fec0000 - 0x00007ffd2000b000 	C:\WINDOWS\System32\ucrtbase.dll
0x00007ffd00c90000 - 0x00007ffd00ca7000 	D:\AnypointStudio-7.24.0-win64\AnypointStudio\plugins\org.mule.tooling.jdk.win32.x86_64_1.4.1\bin\jli.dll
0x00007ffd08260000 - 0x00007ffd0827b000 	D:\AnypointStudio-7.24.0-win64\AnypointStudio\plugins\org.mule.tooling.jdk.win32.x86_64_1.4.1\bin\VCRUNTIME140.dll
0x00007ffd22a50000 - 0x00007ffd22c15000 	C:\WINDOWS\System32\USER32.dll
0x00007ffd21350000 - 0x00007ffd21377000 	C:\WINDOWS\System32\win32u.dll
0x00007ffd04b60000 - 0x00007ffd04df3000 	C:\WINDOWS\WinSxS\amd64_microsoft.windows.common-controls_6595b64144ccf1df_6.0.26100.7922_none_3e089e1ee3342171\COMCTL32.dll
0x00007ffd22630000 - 0x00007ffd2265b000 	C:\WINDOWS\System32\GDI32.dll
0x00007ffd20010000 - 0x00007ffd2013a000 	C:\WINDOWS\System32\gdi32full.dll
0x00007ffd22e90000 - 0x00007ffd22f39000 	C:\WINDOWS\System32\msvcrt.dll
0x00007ffd20140000 - 0x00007ffd201e3000 	C:\WINDOWS\System32\msvcp_win.dll
0x00007ffd22170000 - 0x00007ffd221a1000 	C:\WINDOWS\System32\IMM32.DLL
0x00007ffd191b0000 - 0x00007ffd191bc000 	D:\AnypointStudio-7.24.0-win64\AnypointStudio\plugins\org.mule.tooling.jdk.win32.x86_64_1.4.1\bin\vcruntime140_1.dll
0x00007ffcd5640000 - 0x00007ffcd56cd000 	D:\AnypointStudio-7.24.0-win64\AnypointStudio\plugins\org.mule.tooling.jdk.win32.x86_64_1.4.1\bin\msvcp140.dll
0x00007ffc660c0000 - 0x00007ffc66d2a000 	D:\AnypointStudio-7.24.0-win64\AnypointStudio\plugins\org.mule.tooling.jdk.win32.x86_64_1.4.1\bin\server\jvm.dll
0x00007ffd22970000 - 0x00007ffd22a2b000 	C:\WINDOWS\System32\ADVAPI32.dll
0x00007ffd22580000 - 0x00007ffd22627000 	C:\WINDOWS\System32\sechost.dll
0x00007ffd21f00000 - 0x00007ffd22018000 	C:\WINDOWS\System32\RPCRT4.dll
0x00007ffd22e10000 - 0x00007ffd22e84000 	C:\WINDOWS\System32\WS2_32.dll
0x00007ffd1fd20000 - 0x00007ffd1fd7e000 	C:\WINDOWS\SYSTEM32\POWRPROF.dll
0x00007ffd18600000 - 0x00007ffd1860b000 	C:\WINDOWS\SYSTEM32\VERSION.dll
0x00007ffd05030000 - 0x00007ffd05065000 	C:\WINDOWS\SYSTEM32\WINMM.dll
0x00007ffd1fd00000 - 0x00007ffd1fd14000 	C:\WINDOWS\SYSTEM32\UMPDC.dll
0x00007ffd1ec10000 - 0x00007ffd1ec2b000 	C:\WINDOWS\SYSTEM32\kernel.appcore.dll
0x00007ffd0c3a0000 - 0x00007ffd0c3aa000 	D:\AnypointStudio-7.24.0-win64\AnypointStudio\plugins\org.mule.tooling.jdk.win32.x86_64_1.4.1\bin\jimage.dll
0x00007ffd1da00000 - 0x00007ffd1dc42000 	C:\WINDOWS\SYSTEM32\DBGHELP.DLL
0x00007ffd21380000 - 0x00007ffd21702000 	C:\WINDOWS\System32\combase.dll
0x00007ffd22c20000 - 0x00007ffd22cf7000 	C:\WINDOWS\System32\OLEAUT32.dll
0x00007ffd01e70000 - 0x00007ffd01eab000 	C:\WINDOWS\SYSTEM32\dbgcore.DLL
0x00007ffd20630000 - 0x00007ffd206d5000 	C:\WINDOWS\System32\bcryptPrimitives.dll
0x00007ffce07d0000 - 0x00007ffce07f5000 	D:\AnypointStudio-7.24.0-win64\AnypointStudio\plugins\org.mule.tooling.jdk.win32.x86_64_1.4.1\bin\java.dll
0x00007ffcd26a0000 - 0x00007ffcd2777000 	D:\AnypointStudio-7.24.0-win64\AnypointStudio\plugins\org.mule.tooling.jdk.win32.x86_64_1.4.1\bin\jsvml.dll
0x00007ffd21790000 - 0x00007ffd21eef000 	C:\WINDOWS\System32\SHELL32.dll
0x00007ffd202b0000 - 0x00007ffd2041a000 	C:\WINDOWS\System32\wintypes.dll
0x00007ffd20ae0000 - 0x00007ffd21344000 	C:\WINDOWS\System32\windows.storage.dll
0x00007ffd22d10000 - 0x00007ffd22e07000 	C:\WINDOWS\System32\SHCORE.dll
0x00007ffd223a0000 - 0x00007ffd22407000 	C:\WINDOWS\System32\shlwapi.dll
0x00007ffd1fde0000 - 0x00007ffd1fe09000 	C:\WINDOWS\SYSTEM32\profapi.dll
0x00007ffcfd520000 - 0x00007ffcfd539000 	D:\AnypointStudio-7.24.0-win64\AnypointStudio\plugins\org.mule.tooling.jdk.win32.x86_64_1.4.1\bin\net.dll
0x00007ffd0f900000 - 0x00007ffd0fa27000 	C:\WINDOWS\SYSTEM32\WINHTTP.dll
0x00007ffd1f160000 - 0x00007ffd1f1cb000 	C:\WINDOWS\system32\mswsock.dll
0x00007ffcf1c90000 - 0x00007ffcf1ca6000 	D:\AnypointStudio-7.24.0-win64\AnypointStudio\plugins\org.mule.tooling.jdk.win32.x86_64_1.4.1\bin\nio.dll
0x00007ffcec9c0000 - 0x00007ffcec9d8000 	D:\AnypointStudio-7.24.0-win64\AnypointStudio\plugins\org.mule.tooling.jdk.win32.x86_64_1.4.1\bin\zip.dll
0x00007ffce47b0000 - 0x00007ffce47d4000 	D:\apache-maven-3.9.12-bin\apache-maven-3.9.12\lib\jansi-native\Windows\x86_64\jansi.dll
0x00007ffd1af30000 - 0x00007ffd1af40000 	D:\AnypointStudio-7.24.0-win64\AnypointStudio\plugins\org.mule.tooling.jdk.win32.x86_64_1.4.1\bin\verify.dll
0x00007ffd1ed30000 - 0x00007ffd1ed66000 	C:\WINDOWS\SYSTEM32\ntmarta.dll

dbghelp: loaded successfully - version: 4.0.5 - missing functions: none
symbol engine: initialized successfully - sym options: 0x614 - pdb path: .;D:\AnypointStudio-7.24.0-win64\AnypointStudio\plugins\org.mule.tooling.jdk.win32.x86_64_1.4.1\bin;C:\WINDOWS\SYSTEM32;C:\WINDOWS\WinSxS\amd64_microsoft.windows.common-controls_6595b64144ccf1df_6.0.26100.7922_none_3e089e1ee3342171;D:\AnypointStudio-7.24.0-win64\AnypointStudio\plugins\org.mule.tooling.jdk.win32.x86_64_1.4.1\bin\server;D:\apache-maven-3.9.12-bin\apache-maven-3.9.12\lib\jansi-native\Windows\x86_64

VM Arguments:
jvm_args: --enable-native-access=ALL-UNNAMED -Dclassworlds.conf=D:\apache-maven-3.9.12-bin\apache-maven-3.9.12\bin\m2.conf -Dmaven.home=D:\apache-maven-3.9.12-bin\apache-maven-3.9.12 -Dlibrary.jansi.path=D:\apache-maven-3.9.12-bin\apache-maven-3.9.12\lib\jansi-native -Dmaven.multiModuleProjectDirectory=E:\Work-Space_Anypoint\workspace0003\vitech-bank-customer-check-balance 
java_command: org.codehaus.plexus.classworlds.launcher.Launcher clean package -nsu -DskipMunitTests -Dmaven.repo.local=C:\Users\BHARAT\.m2\repository --global-settings D:\apache-maven-3.9.12-bin\apache-maven-3.9.12\conf\settings.xml --settings C:\Users\BHARAT\AppData\Local\Temp\settings-temp-directory\1ce8cba9-567c-4922-94b1-1abb14050b03.xml
java_class_path (initial): D:\apache-maven-3.9.12-bin\apache-maven-3.9.12\boot\plexus-classworlds-2.9.0.jar
Launcher Type: SUN_STANDARD

[Global flags]
     intx CICompilerCount                          = 4                                         {product} {ergonomic}
     uint ConcGCThreads                            = 2                                         {product} {ergonomic}
     uint G1ConcRefinementThreads                  = 8                                         {product} {ergonomic}
   size_t G1HeapRegionSize                         = 1048576                                   {product} {ergonomic}
    uintx GCDrainStackTargetSize                   = 64                                        {product} {ergonomic}
   size_t InitialHeapSize                          = 132120576                                 {product} {ergonomic}
   size_t MarkStackSize                            = 4194304                                   {product} {ergonomic}
   size_t MaxHeapSize                              = 2107637760                                {product} {ergonomic}
   size_t MaxNewSize                               = 1264582656                                {product} {ergonomic}
   size_t MinHeapDeltaBytes                        = 1048576                                   {product} {ergonomic}
   size_t MinHeapSize                              = 8388608                                   {product} {ergonomic}
    uintx NonNMethodCodeHeapSize                   = 5839372                                {pd product} {ergonomic}
    uintx NonProfiledCodeHeapSize                  = 122909434                              {pd product} {ergonomic}
    uintx ProfiledCodeHeapSize                     = 122909434                              {pd product} {ergonomic}
    uintx ReservedCodeCacheSize                    = 251658240                              {pd product} {ergonomic}
     bool SegmentedCodeCache                       = true                                      {product} {ergonomic}
   size_t SoftMaxHeapSize                          = 2107637760                             {manageable} {ergonomic}
     bool UseCompressedClassPointers               = true                           {product lp64_product} {ergonomic}
     bool UseCompressedOops                        = true                           {product lp64_product} {ergonomic}
     bool UseG1GC                                  = true                                      {product} {ergonomic}
     bool UseLargePagesIndividualAllocation        = false                                  {pd product} {ergonomic}

Logging:
Log output configuration:
 #0: stdout all=warning uptime,level,tags
 #1: stderr all=off uptime,level,tags

Environment Variables:
JAVA_HOME=D:\AnypointStudio-7.24.0-win64\AnypointStudio\plugins\org.mule.tooling.jdk.win32.x86_64_1.4.1
PATH=C:\Python314\Scripts\;C:\Python314\;C:\Program Files (x86)\Common Files\Oracle\Java\javapath;C:\Program Files\Common Files\Oracle\Java\javapath;C:\app\BHARAT\product\21c\dbhomeXE\bin;C:\Python312\Scripts\;C:\Python312\;C:\Windows\System32;C:\ProgramData\chocolatey\bin;C:\WINDOWS\system32;C:\WINDOWS;C:\WINDOWS\System32\Wbem;C:\WINDOWS\System32\WindowsPowerShell\v1.0\;C:\WINDOWS\System32\OpenSSH\;D:\apache-maven-3.9.12-bin\apache-maven-3.9.12\bin;C:\Java\jdk-17\bin;C:\Java\jdk-17\bin;D:\Full-stackDeveloper\Git\Git\cmd;C:\Program Files\Docker\Docker\resources\bin;C:\Program Files\Amazon\AWSCLIV2\;C:\Program Files\nodejs\;C:\Program Files\sf\bin;C:\Program Files (x86)\sf\bin;C:\Users\BHARAT\AppData\Local\Programs\Python\Python312\Scripts\;C:\Users\BHARAT\AppData\Local\Programs\Python\Python312\;C:\Users\BHARAT\AppData\Local\Programs\Python\Launcher\;C:\Users\BHARAT\AppData\Local\Programs\Python\Python313\Scripts\;C:\Users\BHARAT\AppData\Local\Programs\Python\Python313\;C:\Program Files\MySQL\MySQL Shell 8.0\bin\;C:\Users\BHARAT\.console-ninja\.bin;C:\Users\BHARAT\AppData\Local\Microsoft\WindowsApps;C:\Users\BHARAT\vs-Code\install\Microsoft VS Code\bin;C:\Users\BHARAT\AppData\Local\Programs\Microsoft VS Code\bin;C:\Users\BHARAT\AppData\Local\Microsoft\WinGet\Packages\Schniz.fnm_Microsoft.Winget.Source_8wekyb3d8bbwe;E:\Mule-Soft\Studio-Extension\mongo-db\mongosh-2.3.2-win32-x64\bin;C:\Users\BHARAT\AppData\Local\Microsoft\WindowsApps;E:\Mule-Soft\Apache\apache-maven-3.8.8\apache-maven-3.8.8\bin;C:\Users\BHARAT\AppData\Local\GitHubDesktop\bin;C:\mongosh\;C:\IntelliJ IDEA Community Edition 2025.1.1.1\bin;C:\Users\BHARAT\AppData\Roaming\npm
USERNAME=BHARAT
OS=Windows_NT
PROCESSOR_IDENTIFIER=Intel64 Family 6 Model 142 Stepping 10, GenuineIntel
TMP=C:\Users\BHARAT\AppData\Local\Temp
TEMP=C:\Users\BHARAT\AppData\Local\Temp



Periodic native trim disabled


---------------  S Y S T E M  ---------------

OS:
 Windows 11 , 64 bit Build 26100 (10.0.26100.7920)
OS uptime: 5 days 2:14 hours
Hyper-V role detected

CPU: total 8 (initial active 8) (4 cores per cpu, 2 threads per core) family 6 model 142 stepping 10 microcode 0xf6, cx8, cmov, fxsr, ht, mmx, 3dnowpref, sse, sse2, sse3, ssse3, sse4.1, sse4.2, popcnt, lzcnt, tsc, tscinvbit, avx, avx2, aes, erms, clmul, bmi1, bmi2, rtm, adx, fma, vzeroupper, clflush, clflushopt, hv
Processor Information for processor 0
  Max Mhz: 1896, Current Mhz: 1496, Mhz Limit: 1687
Processor Information for processor 1
  Max Mhz: 1896, Current Mhz: 1496, Mhz Limit: 1687
Processor Information for processor 2
  Max Mhz: 1896, Current Mhz: 1496, Mhz Limit: 1687
Processor Information for processor 3
  Max Mhz: 1896, Current Mhz: 1496, Mhz Limit: 1687
Processor Information for processor 4
  Max Mhz: 1896, Current Mhz: 1696, Mhz Limit: 1687
Processor Information for processor 5
  Max Mhz: 1896, Current Mhz: 1496, Mhz Limit: 1687
Processor Information for processor 6
  Max Mhz: 1896, Current Mhz: 1696, Mhz Limit: 1687
Processor Information for processor 7
  Max Mhz: 1896, Current Mhz: 1496, Mhz Limit: 1687

Memory: 4k page, system-wide physical 8035M (652M free)
TotalPageFile size 28315M (AvailPageFile size 81M)
current process WorkingSet (physical memory assigned to process): 231M, peak: 244M
current process commit charge ("private bytes"): 295M, peak: 451M

vm_info: OpenJDK 64-Bit Server VM (17.0.12+7) for windows-amd64 JRE (17.0.12+7), built on Jul 16 2024 22:08:24 by "admin" with MS VC++ 16.10 / 16.11 (VS2019)

END.
