#
# There is insufficient memory for the Java Runtime Environment to continue.
# Native memory allocation (malloc) failed to allocate 1652480 bytes. Error detail: Chunk::new
# Possible reasons:
#   The system is out of physical RAM or swap space
#   This process is running with CompressedOops enabled, and the Java Heap may be blocking the growth of the native heap
# Possible solutions:
#   Reduce memory load on the system
#   Increase physical memory or swap space
#   Check if swap backing store is full
#   Decrease Java heap size (-Xmx/-Xms)
#   Decrease number of Java threads
#   Decrease Java thread stack sizes (-Xss)
#   Set larger code cache with -XX:ReservedCodeCacheSize=
#   JVM is running with Unscaled Compressed Oops mode in which the Java heap is
#     placed in the first 4GB address space. The Java Heap base address is the
#     maximum limit for the native heap growth. Please use -XX:HeapBaseMinAddress
#     to set the Java Heap base and to place the Java Heap above 4GB virtual address.
# This output file may be truncated or incomplete.
#
#  Out of Memory Error (arena.cpp:191), pid=84040, tid=75404
#
# JRE version: OpenJDK Runtime Environment Temurin-17.0.12+7 (17.0.12+7) (build 17.0.12+7)
# Java VM: OpenJDK 64-Bit Server VM Temurin-17.0.12+7 (17.0.12+7, mixed mode, sharing, tiered, compressed oops, compressed class ptrs, g1 gc, windows-amd64)
# No core dump will be written. Minidumps are not enabled by default on client versions of Windows
#

---------------  S U M M A R Y ------------

Command Line: --enable-native-access=ALL-UNNAMED -Dclassworlds.conf=D:\apache-maven-3.9.12-bin\apache-maven-3.9.12\bin\m2.conf -Dmaven.home=D:\apache-maven-3.9.12-bin\apache-maven-3.9.12 -Dlibrary.jansi.path=D:\apache-maven-3.9.12-bin\apache-maven-3.9.12\lib\jansi-native -Dmaven.multiModuleProjectDirectory=E:\Work-Space_Anypoint\workspace0003\vitech-bank-customer-check-balance org.codehaus.plexus.classworlds.launcher.Launcher clean package -nsu -DskipMunitTests -Dmaven.repo.local=C:\Users\BHARAT\.m2\repository --global-settings D:\apache-maven-3.9.12-bin\apache-maven-3.9.12\conf\settings.xml --settings C:\Users\BHARAT\AppData\Local\Temp\settings-temp-directory\1ce8cba9-567c-4922-94b1-1abb14050b03.xml

Host: Intel(R) Core(TM) i5-8350U CPU @ 1.70GHz, 8 cores, 7G,  Windows 11 , 64 bit Build 26100 (10.0.26100.7920)
Time: Thu Mar 12 09:23:03 2026 India Standard Time elapsed time: 12.960333 seconds (0d 0h 0m 12s)

---------------  T H R E A D  ---------------

Current thread (0x0000017a7bf554f0):  JavaThread "C2 CompilerThread0" daemon [_thread_in_native, id=75404, stack(0x0000002997000000,0x0000002997100000)]


Current CompileTask:
C2:  12960 5960   !   4       org.codehaus.plexus.classworlds.realm.ClassRealm::loadClass (33 bytes)

Stack: [0x0000002997000000,0x0000002997100000]
Native frames: (J=compiled Java code, j=interpreted, Vv=VM code, C=native code)
V  [jvm.dll+0x67f929]
V  [jvm.dll+0x8371ba]
V  [jvm.dll+0x838c7e]
V  [jvm.dll+0x8392e3]
V  [jvm.dll+0x24834f]
V  [jvm.dll+0xac9d4]
V  [jvm.dll+0xad01c]
V  [jvm.dll+0x3674a7]
V  [jvm.dll+0x33197a]
V  [jvm.dll+0x330e1a]
V  [jvm.dll+0x21a8b1]
V  [jvm.dll+0x219cf1]
V  [jvm.dll+0x1a58bd]
V  [jvm.dll+0x229a2d]
V  [jvm.dll+0x227bdc]
V  [jvm.dll+0x7ec1f7]
V  [jvm.dll+0x7e65dc]
V  [jvm.dll+0x67e7f7]
C  [ucrtbase.dll+0x37b0]
C  [KERNEL32.DLL+0x2e8d7]
C  [ntdll.dll+0x8c48c]


---------------  P R O C E S S  ---------------

Threads class SMR info:
_java_thread_list=0x0000017a45eebd90, length=15, elements={
0x0000017a5bec9640, 0x0000017a7bf22550, 0x0000017a7bf23b90, 0x0000017a7bf42820,
0x0000017a7bf430f0, 0x0000017a7bf44530, 0x0000017a7bf45970, 0x0000017a7bf554f0,
0x0000017a7bf82f10, 0x0000017a7bf83fa0, 0x0000017a452420d0, 0x0000017a4524d440,
0x0000017a465179e0, 0x0000017a47161330, 0x0000017a4538c080
}

Java Threads: ( => current thread )
  0x0000017a5bec9640 JavaThread "main" [_thread_in_native, id=68932, stack(0x0000002996300000,0x0000002996400000)]
  0x0000017a7bf22550 JavaThread "Reference Handler" daemon [_thread_blocked, id=49300, stack(0x0000002996a00000,0x0000002996b00000)]
  0x0000017a7bf23b90 JavaThread "Finalizer" daemon [_thread_blocked, id=83472, stack(0x0000002996b00000,0x0000002996c00000)]
  0x0000017a7bf42820 JavaThread "Signal Dispatcher" daemon [_thread_blocked, id=79452, stack(0x0000002996c00000,0x0000002996d00000)]
  0x0000017a7bf430f0 JavaThread "Attach Listener" daemon [_thread_blocked, id=78508, stack(0x0000002996d00000,0x0000002996e00000)]
  0x0000017a7bf44530 JavaThread "Service Thread" daemon [_thread_blocked, id=78272, stack(0x0000002996e00000,0x0000002996f00000)]
  0x0000017a7bf45970 JavaThread "Monitor Deflation Thread" daemon [_thread_blocked, id=24392, stack(0x0000002996f00000,0x0000002997000000)]
=>0x0000017a7bf554f0 JavaThread "C2 CompilerThread0" daemon [_thread_in_native, id=75404, stack(0x0000002997000000,0x0000002997100000)]
  0x0000017a7bf82f10 JavaThread "C1 CompilerThread0" daemon [_thread_blocked, id=78156, stack(0x0000002997100000,0x0000002997200000)]
  0x0000017a7bf83fa0 JavaThread "Sweeper thread" daemon [_thread_blocked, id=70932, stack(0x0000002997200000,0x0000002997300000)]
  0x0000017a452420d0 JavaThread "Notification Thread" daemon [_thread_blocked, id=80112, stack(0x0000002997300000,0x0000002997400000)]
  0x0000017a4524d440 JavaThread "Common-Cleaner" daemon [_thread_blocked, id=83948, stack(0x0000002997500000,0x0000002997600000)]
  0x0000017a465179e0 JavaThread "Thread-1" daemon [_thread_blocked, id=61988, stack(0x0000002997e00000,0x0000002997f00000)]
  0x0000017a47161330 JavaThread "C2 CompilerThread1" daemon [_thread_blocked, id=75604, stack(0x0000002997600000,0x0000002997700000)]
  0x0000017a4538c080 JavaThread "ForkJoinPool.commonPool-worker-1" daemon [_thread_blocked, id=81024, stack(0x0000002998500000,0x0000002998600000)]

Other Threads:
  0x0000017a7bf1d480 VMThread "VM Thread" [stack: 0x0000002996900000,0x0000002996a00000] [id=81992]
  0x0000017a4524a5c0 WatcherThread [stack: 0x0000002997400000,0x0000002997500000] [id=61696]
  0x0000017a5bf272e0 GCTaskThread "GC Thread#0" [stack: 0x0000002996400000,0x0000002996500000] [id=84068]
  0x0000017a45dfa250 GCTaskThread "GC Thread#1" [stack: 0x0000002997700000,0x0000002997800000] [id=80340]
  0x0000017a45dfa510 GCTaskThread "GC Thread#2" [stack: 0x0000002997800000,0x0000002997900000] [id=82760]
  0x0000017a45e15230 GCTaskThread "GC Thread#3" [stack: 0x0000002997900000,0x0000002997a00000] [id=84216]
  0x0000017a45c2b820 GCTaskThread "GC Thread#4" [stack: 0x0000002997a00000,0x0000002997b00000] [id=49380]
  0x0000017a45c2bae0 GCTaskThread "GC Thread#5" [stack: 0x0000002997b00000,0x0000002997c00000] [id=84348]
  0x0000017a45b55080 GCTaskThread "GC Thread#6" [stack: 0x0000002997c00000,0x0000002997d00000] [id=80780]
  0x0000017a45e5ed20 GCTaskThread "GC Thread#7" [stack: 0x0000002997d00000,0x0000002997e00000] [id=80508]
  0x0000017a5bf38c90 ConcurrentGCThread "G1 Main Marker" [stack: 0x0000002996500000,0x0000002996600000] [id=79644]
  0x0000017a5bf3a290 ConcurrentGCThread "G1 Conc#0" [stack: 0x0000002996600000,0x0000002996700000] [id=81940]
  0x0000017a4726a5c0 ConcurrentGCThread "G1 Conc#1" [stack: 0x0000002997f00000,0x0000002998000000] [id=84472]
  0x0000017a5bf7eca0 ConcurrentGCThread "G1 Refine#0" [stack: 0x0000002996700000,0x0000002996800000] [id=83736]
  0x0000017a7bdd6b40 ConcurrentGCThread "G1 Service" [stack: 0x0000002996800000,0x0000002996900000] [id=39040]

Threads with active compile tasks:
C2 CompilerThread0    13092 5960   !   4       org.codehaus.plexus.classworlds.realm.ClassRealm::loadClass (33 bytes)

VM state: not at safepoint (normal execution)

VM Mutex/Monitor currently owned by a thread: None

Heap address: 0x0000000082600000, size: 2010 MB, Compressed Oops mode: 32-bit

CDS archive(s) mapped at: [0x0000017a00000000-0x0000017a00bb0000-0x0000017a00bb0000), size 12255232, SharedBaseAddress: 0x0000017a00000000, ArchiveRelocationMode: 1.
Compressed class space mapped at: 0x0000017a01000000-0x0000017a41000000, reserved size: 1073741824
Narrow klass base: 0x0000017a00000000, Narrow klass shift: 0, Narrow klass range: 0x100000000

GC Precious Log:
 CPUs: 8 total, 8 available
 Memory: 8035M
 Large Page Support: Disabled
 NUMA Support: Disabled
 Compressed Oops: Enabled (32-bit)
 Heap Region Size: 1M
 Heap Min Capacity: 8M
 Heap Initial Capacity: 126M
 Heap Max Capacity: 2010M
 Pre-touch: Disabled
 Parallel Workers: 8
 Concurrent Workers: 2
 Concurrent Refinement Workers: 8
 Periodic GC: Disabled

Heap:
 garbage-first heap   total 302080K, used 103854K [0x0000000082600000, 0x0000000100000000)
  region size 1024K, 69 young (70656K), 3 survivors (3072K)
 Metaspace       used 22815K, committed 23104K, reserved 1114112K
  class space    used 2752K, committed 2880K, reserved 1048576K

Heap Regions: E=young(eden), S=young(survivor), O=old, HS=humongous(starts), HC=humongous(continues), CS=collection set, F=free, OA=open archive, CA=closed archive, TAMS=top-at-mark-start (previous, next)
|   0|0x0000000082600000, 0x0000000082700000, 0x0000000082700000|100%| O|  |TAMS 0x0000000082700000, 0x0000000082600000| Untracked 
|   1|0x0000000082700000, 0x0000000082800000, 0x0000000082800000|100%| O|  |TAMS 0x0000000082800000, 0x0000000082700000| Untracked 
|   2|0x0000000082800000, 0x0000000082900000, 0x0000000082900000|100%| O|  |TAMS 0x0000000082900000, 0x0000000082800000| Untracked 
|   3|0x0000000082900000, 0x0000000082a00000, 0x0000000082a00000|100%| O|  |TAMS 0x0000000082a00000, 0x0000000082900000| Untracked 
|   4|0x0000000082a00000, 0x0000000082b00000, 0x0000000082b00000|100%| O|  |TAMS 0x0000000082b00000, 0x0000000082a00000| Untracked 
|   5|0x0000000082b00000, 0x0000000082c00000, 0x0000000082c00000|100%| O|  |TAMS 0x0000000082c00000, 0x0000000082b00000| Untracked 
|   6|0x0000000082c00000, 0x0000000082d00000, 0x0000000082d00000|100%| O|  |TAMS 0x0000000082d00000, 0x0000000082c00000| Untracked 
|   7|0x0000000082d00000, 0x0000000082e00000, 0x0000000082e00000|100%| O|  |TAMS 0x0000000082e00000, 0x0000000082d00000| Untracked 
|   8|0x0000000082e00000, 0x0000000082f00000, 0x0000000082f00000|100%| O|  |TAMS 0x0000000082f00000, 0x0000000082e00000| Untracked 
|   9|0x0000000082f00000, 0x0000000083000000, 0x0000000083000000|100%| O|  |TAMS 0x0000000083000000, 0x0000000082f00000| Untracked 
|  10|0x0000000083000000, 0x0000000083100000, 0x0000000083100000|100%| O|  |TAMS 0x0000000083100000, 0x0000000083000000| Untracked 
|  11|0x0000000083100000, 0x0000000083200000, 0x0000000083200000|100%| O|  |TAMS 0x0000000083200000, 0x0000000083100000| Untracked 
|  12|0x0000000083200000, 0x0000000083300000, 0x0000000083300000|100%| O|  |TAMS 0x0000000083300000, 0x0000000083200000| Untracked 
|  13|0x0000000083300000, 0x0000000083400000, 0x0000000083400000|100%| O|  |TAMS 0x0000000083400000, 0x0000000083300000| Untracked 
|  14|0x0000000083400000, 0x0000000083500000, 0x0000000083500000|100%| O|  |TAMS 0x0000000083500000, 0x0000000083400000| Untracked 
|  15|0x0000000083500000, 0x0000000083600000, 0x0000000083600000|100%| O|  |TAMS 0x0000000083600000, 0x0000000083500000| Untracked 
|  16|0x0000000083600000, 0x0000000083700000, 0x0000000083700000|100%| O|  |TAMS 0x0000000083700000, 0x0000000083600000| Untracked 
|  17|0x0000000083700000, 0x0000000083800000, 0x0000000083800000|100%| O|  |TAMS 0x0000000083800000, 0x0000000083700000| Untracked 
|  18|0x0000000083800000, 0x0000000083900000, 0x0000000083900000|100%|HS|  |TAMS 0x0000000083800000, 0x0000000083800000| Complete 
|  19|0x0000000083900000, 0x0000000083a00000, 0x0000000083a00000|100%| O|  |TAMS 0x0000000083900000, 0x0000000083900000| Untracked 
|  20|0x0000000083a00000, 0x0000000083b00000, 0x0000000083b00000|100%| O|  |TAMS 0x0000000083a00000, 0x0000000083a00000| Untracked 
|  21|0x0000000083b00000, 0x0000000083c00000, 0x0000000083c00000|100%| O|  |TAMS 0x0000000083b00000, 0x0000000083b00000| Untracked 
|  22|0x0000000083c00000, 0x0000000083d00000, 0x0000000083d00000|100%| O|  |TAMS 0x0000000083c00000, 0x0000000083c00000| Untracked 
|  23|0x0000000083d00000, 0x0000000083e00000, 0x0000000083e00000|100%| O|  |TAMS 0x0000000083d00000, 0x0000000083d00000| Untracked 
|  24|0x0000000083e00000, 0x0000000083f00000, 0x0000000083f00000|100%| O|  |TAMS 0x0000000083e00000, 0x0000000083e00000| Untracked 
|  25|0x0000000083f00000, 0x0000000084000000, 0x0000000084000000|100%| O|  |TAMS 0x0000000083f00000, 0x0000000083f00000| Untracked 
|  26|0x0000000084000000, 0x0000000084100000, 0x0000000084100000|100%| O|  |TAMS 0x0000000084000000, 0x0000000084000000| Untracked 
|  27|0x0000000084100000, 0x0000000084200000, 0x0000000084200000|100%| O|  |TAMS 0x0000000084100000, 0x0000000084100000| Untracked 
|  28|0x0000000084200000, 0x0000000084300000, 0x0000000084300000|100%| O|  |TAMS 0x0000000084200000, 0x0000000084200000| Untracked 
|  29|0x0000000084300000, 0x0000000084400000, 0x0000000084400000|100%|HS|  |TAMS 0x0000000084300000, 0x0000000084300000| Complete 
|  30|0x0000000084400000, 0x0000000084500000, 0x0000000084500000|100%|HC|  |TAMS 0x0000000084400000, 0x0000000084400000| Complete 
|  31|0x0000000084500000, 0x0000000084600000, 0x0000000084600000|100%|HC|  |TAMS 0x0000000084500000, 0x0000000084500000| Complete 
|  32|0x0000000084600000, 0x0000000084700000, 0x0000000084700000|100%|HC|  |TAMS 0x0000000084600000, 0x0000000084600000| Complete 
|  33|0x0000000084700000, 0x0000000084800000, 0x0000000084800000|100%|HC|  |TAMS 0x0000000084700000, 0x0000000084700000| Complete 
|  34|0x0000000084800000, 0x0000000084800000, 0x0000000084900000|  0%| F|  |TAMS 0x0000000084800000, 0x0000000084800000| Untracked 
|  35|0x0000000084900000, 0x0000000084900000, 0x0000000084a00000|  0%| F|  |TAMS 0x0000000084900000, 0x0000000084900000| Untracked 
|  36|0x0000000084a00000, 0x0000000084a00000, 0x0000000084b00000|  0%| F|  |TAMS 0x0000000084a00000, 0x0000000084a00000| Untracked 
|  37|0x0000000084b00000, 0x0000000084b00000, 0x0000000084c00000|  0%| F|  |TAMS 0x0000000084b00000, 0x0000000084b00000| Untracked 
|  38|0x0000000084c00000, 0x0000000084c00000, 0x0000000084d00000|  0%| F|  |TAMS 0x0000000084c00000, 0x0000000084c00000| Untracked 
|  39|0x0000000084d00000, 0x0000000084d00000, 0x0000000084e00000|  0%| F|  |TAMS 0x0000000084d00000, 0x0000000084d00000| Untracked 
|  40|0x0000000084e00000, 0x0000000084e00000, 0x0000000084f00000|  0%| F|  |TAMS 0x0000000084e00000, 0x0000000084e00000| Untracked 
|  41|0x0000000084f00000, 0x0000000084f00000, 0x0000000085000000|  0%| F|  |TAMS 0x0000000084f00000, 0x0000000084f00000| Untracked 
|  42|0x0000000085000000, 0x0000000085000000, 0x0000000085100000|  0%| F|  |TAMS 0x0000000085000000, 0x0000000085000000| Untracked 
|  43|0x0000000085100000, 0x0000000085100000, 0x0000000085200000|  0%| F|  |TAMS 0x0000000085100000, 0x0000000085100000| Untracked 
|  44|0x0000000085200000, 0x0000000085200000, 0x0000000085300000|  0%| F|  |TAMS 0x0000000085200000, 0x0000000085200000| Untracked 
|  45|0x0000000085300000, 0x0000000085300000, 0x0000000085400000|  0%| F|  |TAMS 0x0000000085300000, 0x0000000085300000| Untracked 
|  46|0x0000000085400000, 0x0000000085400000, 0x0000000085500000|  0%| F|  |TAMS 0x0000000085400000, 0x0000000085400000| Untracked 
|  47|0x0000000085500000, 0x000000008556b838, 0x0000000085600000| 41%| S|CS|TAMS 0x0000000085500000, 0x0000000085500000| Complete 
|  48|0x0000000085600000, 0x0000000085700000, 0x0000000085700000|100%| S|CS|TAMS 0x0000000085600000, 0x0000000085600000| Complete 
|  49|0x0000000085700000, 0x0000000085800000, 0x0000000085800000|100%| S|CS|TAMS 0x0000000085700000, 0x0000000085700000| Complete 
|  50|0x0000000085800000, 0x0000000085800000, 0x0000000085900000|  0%| F|  |TAMS 0x0000000085800000, 0x0000000085800000| Untracked 
|  51|0x0000000085900000, 0x0000000085900000, 0x0000000085a00000|  0%| F|  |TAMS 0x0000000085900000, 0x0000000085900000| Untracked 
|  52|0x0000000085a00000, 0x0000000085a00000, 0x0000000085b00000|  0%| F|  |TAMS 0x0000000085a00000, 0x0000000085a00000| Untracked 
|  53|0x0000000085b00000, 0x0000000085b00000, 0x0000000085c00000|  0%| F|  |TAMS 0x0000000085b00000, 0x0000000085b00000| Untracked 
|  54|0x0000000085c00000, 0x0000000085c00000, 0x0000000085d00000|  0%| F|  |TAMS 0x0000000085c00000, 0x0000000085c00000| Untracked 
|  55|0x0000000085d00000, 0x0000000085d00000, 0x0000000085e00000|  0%| F|  |TAMS 0x0000000085d00000, 0x0000000085d00000| Untracked 
|  56|0x0000000085e00000, 0x0000000085e00000, 0x0000000085f00000|  0%| F|  |TAMS 0x0000000085e00000, 0x0000000085e00000| Untracked 
|  57|0x0000000085f00000, 0x0000000085f00000, 0x0000000086000000|  0%| F|  |TAMS 0x0000000085f00000, 0x0000000085f00000| Untracked 
|  58|0x0000000086000000, 0x0000000086000000, 0x0000000086100000|  0%| F|  |TAMS 0x0000000086000000, 0x0000000086000000| Untracked 
|  59|0x0000000086100000, 0x0000000086100000, 0x0000000086200000|  0%| F|  |TAMS 0x0000000086100000, 0x0000000086100000| Untracked 
|  60|0x0000000086200000, 0x0000000086200000, 0x0000000086300000|  0%| F|  |TAMS 0x0000000086200000, 0x0000000086200000| Untracked 
|  61|0x0000000086300000, 0x0000000086300000, 0x0000000086400000|  0%| F|  |TAMS 0x0000000086300000, 0x0000000086300000| Untracked 
|  62|0x0000000086400000, 0x0000000086400000, 0x0000000086500000|  0%| F|  |TAMS 0x0000000086400000, 0x0000000086400000| Untracked 
|  63|0x0000000086500000, 0x0000000086500000, 0x0000000086600000|  0%| F|  |TAMS 0x0000000086500000, 0x0000000086500000| Untracked 
|  64|0x0000000086600000, 0x0000000086600000, 0x0000000086700000|  0%| F|  |TAMS 0x0000000086600000, 0x0000000086600000| Untracked 
|  65|0x0000000086700000, 0x0000000086700000, 0x0000000086800000|  0%| F|  |TAMS 0x0000000086700000, 0x0000000086700000| Untracked 
|  66|0x0000000086800000, 0x0000000086800000, 0x0000000086900000|  0%| F|  |TAMS 0x0000000086800000, 0x0000000086800000| Untracked 
|  67|0x0000000086900000, 0x0000000086900000, 0x0000000086a00000|  0%| F|  |TAMS 0x0000000086900000, 0x0000000086900000| Untracked 
|  68|0x0000000086a00000, 0x0000000086a00000, 0x0000000086b00000|  0%| F|  |TAMS 0x0000000086a00000, 0x0000000086a00000| Untracked 
|  69|0x0000000086b00000, 0x0000000086b00000, 0x0000000086c00000|  0%| F|  |TAMS 0x0000000086b00000, 0x0000000086b00000| Untracked 
|  70|0x0000000086c00000, 0x0000000086c00000, 0x0000000086d00000|  0%| F|  |TAMS 0x0000000086c00000, 0x0000000086c00000| Untracked 
|  71|0x0000000086d00000, 0x0000000086d00000, 0x0000000086e00000|  0%| F|  |TAMS 0x0000000086d00000, 0x0000000086d00000| Untracked 
|  72|0x0000000086e00000, 0x0000000086e00000, 0x0000000086f00000|  0%| F|  |TAMS 0x0000000086e00000, 0x0000000086e00000| Untracked 
|  73|0x0000000086f00000, 0x0000000086f00000, 0x0000000087000000|  0%| F|  |TAMS 0x0000000086f00000, 0x0000000086f00000| Untracked 
|  74|0x0000000087000000, 0x0000000087000000, 0x0000000087100000|  0%| F|  |TAMS 0x0000000087000000, 0x0000000087000000| Untracked 
|  75|0x0000000087100000, 0x0000000087100000, 0x0000000087200000|  0%| F|  |TAMS 0x0000000087100000, 0x0000000087100000| Untracked 
|  76|0x0000000087200000, 0x0000000087200000, 0x0000000087300000|  0%| F|  |TAMS 0x0000000087200000, 0x0000000087200000| Untracked 
|  77|0x0000000087300000, 0x0000000087300000, 0x0000000087400000|  0%| F|  |TAMS 0x0000000087300000, 0x0000000087300000| Untracked 
|  78|0x0000000087400000, 0x0000000087400000, 0x0000000087500000|  0%| F|  |TAMS 0x0000000087400000, 0x0000000087400000| Untracked 
|  79|0x0000000087500000, 0x0000000087500000, 0x0000000087600000|  0%| F|  |TAMS 0x0000000087500000, 0x0000000087500000| Untracked 
|  80|0x0000000087600000, 0x0000000087600000, 0x0000000087700000|  0%| F|  |TAMS 0x0000000087600000, 0x0000000087600000| Untracked 
|  81|0x0000000087700000, 0x0000000087700000, 0x0000000087800000|  0%| F|  |TAMS 0x0000000087700000, 0x0000000087700000| Untracked 
|  82|0x0000000087800000, 0x0000000087800000, 0x0000000087900000|  0%| F|  |TAMS 0x0000000087800000, 0x0000000087800000| Untracked 
|  83|0x0000000087900000, 0x0000000087900000, 0x0000000087a00000|  0%| F|  |TAMS 0x0000000087900000, 0x0000000087900000| Untracked 
|  84|0x0000000087a00000, 0x0000000087a00000, 0x0000000087b00000|  0%| F|  |TAMS 0x0000000087a00000, 0x0000000087a00000| Untracked 
|  85|0x0000000087b00000, 0x0000000087b00000, 0x0000000087c00000|  0%| F|  |TAMS 0x0000000087b00000, 0x0000000087b00000| Untracked 
|  86|0x0000000087c00000, 0x0000000087c00000, 0x0000000087d00000|  0%| F|  |TAMS 0x0000000087c00000, 0x0000000087c00000| Untracked 
|  87|0x0000000087d00000, 0x0000000087d00000, 0x0000000087e00000|  0%| F|  |TAMS 0x0000000087d00000, 0x0000000087d00000| Untracked 
|  88|0x0000000087e00000, 0x0000000087e00000, 0x0000000087f00000|  0%| F|  |TAMS 0x0000000087e00000, 0x0000000087e00000| Untracked 
|  89|0x0000000087f00000, 0x0000000087f00000, 0x0000000088000000|  0%| F|  |TAMS 0x0000000087f00000, 0x0000000087f00000| Untracked 
|  90|0x0000000088000000, 0x0000000088000000, 0x0000000088100000|  0%| F|  |TAMS 0x0000000088000000, 0x0000000088000000| Untracked 
|  91|0x0000000088100000, 0x0000000088100000, 0x0000000088200000|  0%| F|  |TAMS 0x0000000088100000, 0x0000000088100000| Untracked 
|  92|0x0000000088200000, 0x0000000088200000, 0x0000000088300000|  0%| F|  |TAMS 0x0000000088200000, 0x0000000088200000| Untracked 
|  93|0x0000000088300000, 0x0000000088300000, 0x0000000088400000|  0%| F|  |TAMS 0x0000000088300000, 0x0000000088300000| Untracked 
|  94|0x0000000088400000, 0x0000000088400000, 0x0000000088500000|  0%| F|  |TAMS 0x0000000088400000, 0x0000000088400000| Untracked 
|  95|0x0000000088500000, 0x0000000088500000, 0x0000000088600000|  0%| F|  |TAMS 0x0000000088500000, 0x0000000088500000| Untracked 
|  96|0x0000000088600000, 0x0000000088600000, 0x0000000088700000|  0%| F|  |TAMS 0x0000000088600000, 0x0000000088600000| Untracked 
|  97|0x0000000088700000, 0x0000000088700000, 0x0000000088800000|  0%| F|  |TAMS 0x0000000088700000, 0x0000000088700000| Untracked 
|  98|0x0000000088800000, 0x0000000088800000, 0x0000000088900000|  0%| F|  |TAMS 0x0000000088800000, 0x0000000088800000| Untracked 
|  99|0x0000000088900000, 0x0000000088900000, 0x0000000088a00000|  0%| F|  |TAMS 0x0000000088900000, 0x0000000088900000| Untracked 
| 100|0x0000000088a00000, 0x0000000088a00000, 0x0000000088b00000|  0%| F|  |TAMS 0x0000000088a00000, 0x0000000088a00000| Untracked 
| 101|0x0000000088b00000, 0x0000000088b00000, 0x0000000088c00000|  0%| F|  |TAMS 0x0000000088b00000, 0x0000000088b00000| Untracked 
| 102|0x0000000088c00000, 0x0000000088c00000, 0x0000000088d00000|  0%| F|  |TAMS 0x0000000088c00000, 0x0000000088c00000| Untracked 
| 103|0x0000000088d00000, 0x0000000088d00000, 0x0000000088e00000|  0%| F|  |TAMS 0x0000000088d00000, 0x0000000088d00000| Untracked 
| 104|0x0000000088e00000, 0x0000000088e00000, 0x0000000088f00000|  0%| F|  |TAMS 0x0000000088e00000, 0x0000000088e00000| Untracked 
| 105|0x0000000088f00000, 0x0000000088f00000, 0x0000000089000000|  0%| F|  |TAMS 0x0000000088f00000, 0x0000000088f00000| Untracked 
| 106|0x0000000089000000, 0x0000000089000000, 0x0000000089100000|  0%| F|  |TAMS 0x0000000089000000, 0x0000000089000000| Untracked 
| 107|0x0000000089100000, 0x0000000089100000, 0x0000000089200000|  0%| F|  |TAMS 0x0000000089100000, 0x0000000089100000| Untracked 
| 108|0x0000000089200000, 0x0000000089200000, 0x0000000089300000|  0%| F|  |TAMS 0x0000000089200000, 0x0000000089200000| Untracked 
| 109|0x0000000089300000, 0x0000000089300000, 0x0000000089400000|  0%| F|  |TAMS 0x0000000089300000, 0x0000000089300000| Untracked 
| 110|0x0000000089400000, 0x0000000089400000, 0x0000000089500000|  0%| F|  |TAMS 0x0000000089400000, 0x0000000089400000| Untracked 
| 111|0x0000000089500000, 0x0000000089500000, 0x0000000089600000|  0%| F|  |TAMS 0x0000000089500000, 0x0000000089500000| Untracked 
| 112|0x0000000089600000, 0x0000000089600000, 0x0000000089700000|  0%| F|  |TAMS 0x0000000089600000, 0x0000000089600000| Untracked 
| 113|0x0000000089700000, 0x0000000089700000, 0x0000000089800000|  0%| F|  |TAMS 0x0000000089700000, 0x0000000089700000| Untracked 
| 114|0x0000000089800000, 0x0000000089800000, 0x0000000089900000|  0%| F|  |TAMS 0x0000000089800000, 0x0000000089800000| Untracked 
| 115|0x0000000089900000, 0x0000000089900000, 0x0000000089a00000|  0%| F|  |TAMS 0x0000000089900000, 0x0000000089900000| Untracked 
| 116|0x0000000089a00000, 0x0000000089a00000, 0x0000000089b00000|  0%| F|  |TAMS 0x0000000089a00000, 0x0000000089a00000| Untracked 
| 117|0x0000000089b00000, 0x0000000089b00000, 0x0000000089c00000|  0%| F|  |TAMS 0x0000000089b00000, 0x0000000089b00000| Untracked 
| 118|0x0000000089c00000, 0x0000000089c00000, 0x0000000089d00000|  0%| F|  |TAMS 0x0000000089c00000, 0x0000000089c00000| Untracked 
| 119|0x0000000089d00000, 0x0000000089d00000, 0x0000000089e00000|  0%| F|  |TAMS 0x0000000089d00000, 0x0000000089d00000| Untracked 
| 120|0x0000000089e00000, 0x0000000089e00000, 0x0000000089f00000|  0%| F|  |TAMS 0x0000000089e00000, 0x0000000089e00000| Untracked 
| 121|0x0000000089f00000, 0x0000000089f00000, 0x000000008a000000|  0%| F|  |TAMS 0x0000000089f00000, 0x0000000089f00000| Untracked 
| 122|0x000000008a000000, 0x000000008a000000, 0x000000008a100000|  0%| F|  |TAMS 0x000000008a000000, 0x000000008a000000| Untracked 
| 123|0x000000008a100000, 0x000000008a100000, 0x000000008a200000|  0%| F|  |TAMS 0x000000008a100000, 0x000000008a100000| Untracked 
| 124|0x000000008a200000, 0x000000008a200000, 0x000000008a300000|  0%| F|  |TAMS 0x000000008a200000, 0x000000008a200000| Untracked 
| 125|0x000000008a300000, 0x000000008a300000, 0x000000008a400000|  0%| F|  |TAMS 0x000000008a300000, 0x000000008a300000| Untracked 
| 126|0x000000008a400000, 0x000000008a400000, 0x000000008a500000|  0%| F|  |TAMS 0x000000008a400000, 0x000000008a400000| Untracked 
| 127|0x000000008a500000, 0x000000008a500000, 0x000000008a600000|  0%| F|  |TAMS 0x000000008a500000, 0x000000008a500000| Untracked 
| 128|0x000000008a600000, 0x000000008a600000, 0x000000008a700000|  0%| F|  |TAMS 0x000000008a600000, 0x000000008a600000| Untracked 
| 129|0x000000008a700000, 0x000000008a700000, 0x000000008a800000|  0%| F|  |TAMS 0x000000008a700000, 0x000000008a700000| Untracked 
| 130|0x000000008a800000, 0x000000008a800000, 0x000000008a900000|  0%| F|  |TAMS 0x000000008a800000, 0x000000008a800000| Untracked 
| 131|0x000000008a900000, 0x000000008a900000, 0x000000008aa00000|  0%| F|  |TAMS 0x000000008a900000, 0x000000008a900000| Untracked 
| 132|0x000000008aa00000, 0x000000008aa00000, 0x000000008ab00000|  0%| F|  |TAMS 0x000000008aa00000, 0x000000008aa00000| Untracked 
| 133|0x000000008ab00000, 0x000000008ab00000, 0x000000008ac00000|  0%| F|  |TAMS 0x000000008ab00000, 0x000000008ab00000| Untracked 
| 134|0x000000008ac00000, 0x000000008ac00000, 0x000000008ad00000|  0%| F|  |TAMS 0x000000008ac00000, 0x000000008ac00000| Untracked 
| 135|0x000000008ad00000, 0x000000008ad00000, 0x000000008ae00000|  0%| F|  |TAMS 0x000000008ad00000, 0x000000008ad00000| Untracked 
| 136|0x000000008ae00000, 0x000000008ae00000, 0x000000008af00000|  0%| F|  |TAMS 0x000000008ae00000, 0x000000008ae00000| Untracked 
| 137|0x000000008af00000, 0x000000008af00000, 0x000000008b000000|  0%| F|  |TAMS 0x000000008af00000, 0x000000008af00000| Untracked 
| 138|0x000000008b000000, 0x000000008b000000, 0x000000008b100000|  0%| F|  |TAMS 0x000000008b000000, 0x000000008b000000| Untracked 
| 139|0x000000008b100000, 0x000000008b100000, 0x000000008b200000|  0%| F|  |TAMS 0x000000008b100000, 0x000000008b100000| Untracked 
| 140|0x000000008b200000, 0x000000008b200000, 0x000000008b300000|  0%| F|  |TAMS 0x000000008b200000, 0x000000008b200000| Untracked 
| 141|0x000000008b300000, 0x000000008b300000, 0x000000008b400000|  0%| F|  |TAMS 0x000000008b300000, 0x000000008b300000| Untracked 
| 142|0x000000008b400000, 0x000000008b400000, 0x000000008b500000|  0%| F|  |TAMS 0x000000008b400000, 0x000000008b400000| Untracked 
| 143|0x000000008b500000, 0x000000008b500000, 0x000000008b600000|  0%| F|  |TAMS 0x000000008b500000, 0x000000008b500000| Untracked 
| 144|0x000000008b600000, 0x000000008b600000, 0x000000008b700000|  0%| F|  |TAMS 0x000000008b600000, 0x000000008b600000| Untracked 
| 145|0x000000008b700000, 0x000000008b700000, 0x000000008b800000|  0%| F|  |TAMS 0x000000008b700000, 0x000000008b700000| Untracked 
| 146|0x000000008b800000, 0x000000008b800000, 0x000000008b900000|  0%| F|  |TAMS 0x000000008b800000, 0x000000008b800000| Untracked 
| 147|0x000000008b900000, 0x000000008b900000, 0x000000008ba00000|  0%| F|  |TAMS 0x000000008b900000, 0x000000008b900000| Untracked 
| 148|0x000000008ba00000, 0x000000008ba00000, 0x000000008bb00000|  0%| F|  |TAMS 0x000000008ba00000, 0x000000008ba00000| Untracked 
| 149|0x000000008bb00000, 0x000000008bb00000, 0x000000008bc00000|  0%| F|  |TAMS 0x000000008bb00000, 0x000000008bb00000| Untracked 
| 150|0x000000008bc00000, 0x000000008bc00000, 0x000000008bd00000|  0%| F|  |TAMS 0x000000008bc00000, 0x000000008bc00000| Untracked 
| 151|0x000000008bd00000, 0x000000008bd00000, 0x000000008be00000|  0%| F|  |TAMS 0x000000008bd00000, 0x000000008bd00000| Untracked 
| 152|0x000000008be00000, 0x000000008be00000, 0x000000008bf00000|  0%| F|  |TAMS 0x000000008be00000, 0x000000008be00000| Untracked 
| 153|0x000000008bf00000, 0x000000008bf00000, 0x000000008c000000|  0%| F|  |TAMS 0x000000008bf00000, 0x000000008bf00000| Untracked 
| 154|0x000000008c000000, 0x000000008c000000, 0x000000008c100000|  0%| F|  |TAMS 0x000000008c000000, 0x000000008c000000| Untracked 
| 155|0x000000008c100000, 0x000000008c100000, 0x000000008c200000|  0%| F|  |TAMS 0x000000008c100000, 0x000000008c100000| Untracked 
| 156|0x000000008c200000, 0x000000008c200000, 0x000000008c300000|  0%| F|  |TAMS 0x000000008c200000, 0x000000008c200000| Untracked 
| 157|0x000000008c300000, 0x000000008c300000, 0x000000008c400000|  0%| F|  |TAMS 0x000000008c300000, 0x000000008c300000| Untracked 
| 158|0x000000008c400000, 0x000000008c400000, 0x000000008c500000|  0%| F|  |TAMS 0x000000008c400000, 0x000000008c400000| Untracked 
| 159|0x000000008c500000, 0x000000008c500000, 0x000000008c600000|  0%| F|  |TAMS 0x000000008c500000, 0x000000008c500000| Untracked 
| 160|0x000000008c600000, 0x000000008c600000, 0x000000008c700000|  0%| F|  |TAMS 0x000000008c600000, 0x000000008c600000| Untracked 
| 161|0x000000008c700000, 0x000000008c700000, 0x000000008c800000|  0%| F|  |TAMS 0x000000008c700000, 0x000000008c700000| Untracked 
| 162|0x000000008c800000, 0x000000008c800000, 0x000000008c900000|  0%| F|  |TAMS 0x000000008c800000, 0x000000008c800000| Untracked 
| 163|0x000000008c900000, 0x000000008c900000, 0x000000008ca00000|  0%| F|  |TAMS 0x000000008c900000, 0x000000008c900000| Untracked 
| 164|0x000000008ca00000, 0x000000008ca00000, 0x000000008cb00000|  0%| F|  |TAMS 0x000000008ca00000, 0x000000008ca00000| Untracked 
| 165|0x000000008cb00000, 0x000000008cb00000, 0x000000008cc00000|  0%| F|  |TAMS 0x000000008cb00000, 0x000000008cb00000| Untracked 
| 166|0x000000008cc00000, 0x000000008cc00000, 0x000000008cd00000|  0%| F|  |TAMS 0x000000008cc00000, 0x000000008cc00000| Untracked 
| 167|0x000000008cd00000, 0x000000008cd00000, 0x000000008ce00000|  0%| F|  |TAMS 0x000000008cd00000, 0x000000008cd00000| Untracked 
| 168|0x000000008ce00000, 0x000000008ce00000, 0x000000008cf00000|  0%| F|  |TAMS 0x000000008ce00000, 0x000000008ce00000| Untracked 
| 169|0x000000008cf00000, 0x000000008cf00000, 0x000000008d000000|  0%| F|  |TAMS 0x000000008cf00000, 0x000000008cf00000| Untracked 
| 170|0x000000008d000000, 0x000000008d000000, 0x000000008d100000|  0%| F|  |TAMS 0x000000008d000000, 0x000000008d000000| Untracked 
| 171|0x000000008d100000, 0x000000008d100000, 0x000000008d200000|  0%| F|  |TAMS 0x000000008d100000, 0x000000008d100000| Untracked 
| 172|0x000000008d200000, 0x000000008d200000, 0x000000008d300000|  0%| F|  |TAMS 0x000000008d200000, 0x000000008d200000| Untracked 
| 173|0x000000008d300000, 0x000000008d300000, 0x000000008d400000|  0%| F|  |TAMS 0x000000008d300000, 0x000000008d300000| Untracked 
| 174|0x000000008d400000, 0x000000008d400000, 0x000000008d500000|  0%| F|  |TAMS 0x000000008d400000, 0x000000008d400000| Untracked 
| 175|0x000000008d500000, 0x000000008d500000, 0x000000008d600000|  0%| F|  |TAMS 0x000000008d500000, 0x000000008d500000| Untracked 
| 176|0x000000008d600000, 0x000000008d600000, 0x000000008d700000|  0%| F|  |TAMS 0x000000008d600000, 0x000000008d600000| Untracked 
| 177|0x000000008d700000, 0x000000008d700000, 0x000000008d800000|  0%| F|  |TAMS 0x000000008d700000, 0x000000008d700000| Untracked 
| 178|0x000000008d800000, 0x000000008d800000, 0x000000008d900000|  0%| F|  |TAMS 0x000000008d800000, 0x000000008d800000| Untracked 
| 179|0x000000008d900000, 0x000000008d900000, 0x000000008da00000|  0%| F|  |TAMS 0x000000008d900000, 0x000000008d900000| Untracked 
| 180|0x000000008da00000, 0x000000008da00000, 0x000000008db00000|  0%| F|  |TAMS 0x000000008da00000, 0x000000008da00000| Untracked 
| 181|0x000000008db00000, 0x000000008db00000, 0x000000008dc00000|  0%| F|  |TAMS 0x000000008db00000, 0x000000008db00000| Untracked 
| 182|0x000000008dc00000, 0x000000008dc00000, 0x000000008dd00000|  0%| F|  |TAMS 0x000000008dc00000, 0x000000008dc00000| Untracked 
| 183|0x000000008dd00000, 0x000000008dd00000, 0x000000008de00000|  0%| F|  |TAMS 0x000000008dd00000, 0x000000008dd00000| Untracked 
| 184|0x000000008de00000, 0x000000008de00000, 0x000000008df00000|  0%| F|  |TAMS 0x000000008de00000, 0x000000008de00000| Untracked 
| 185|0x000000008df00000, 0x000000008df00000, 0x000000008e000000|  0%| F|  |TAMS 0x000000008df00000, 0x000000008df00000| Untracked 
| 186|0x000000008e000000, 0x000000008e000000, 0x000000008e100000|  0%| F|  |TAMS 0x000000008e000000, 0x000000008e000000| Untracked 
| 187|0x000000008e100000, 0x000000008e100000, 0x000000008e200000|  0%| F|  |TAMS 0x000000008e100000, 0x000000008e100000| Untracked 
| 188|0x000000008e200000, 0x000000008e200000, 0x000000008e300000|  0%| F|  |TAMS 0x000000008e200000, 0x000000008e200000| Untracked 
| 189|0x000000008e300000, 0x000000008e300000, 0x000000008e400000|  0%| F|  |TAMS 0x000000008e300000, 0x000000008e300000| Untracked 
| 190|0x000000008e400000, 0x000000008e400000, 0x000000008e500000|  0%| F|  |TAMS 0x000000008e400000, 0x000000008e400000| Untracked 
| 191|0x000000008e500000, 0x000000008e500000, 0x000000008e600000|  0%| F|  |TAMS 0x000000008e500000, 0x000000008e500000| Untracked 
| 192|0x000000008e600000, 0x000000008e600000, 0x000000008e700000|  0%| F|  |TAMS 0x000000008e600000, 0x000000008e600000| Untracked 
| 193|0x000000008e700000, 0x000000008e700000, 0x000000008e800000|  0%| F|  |TAMS 0x000000008e700000, 0x000000008e700000| Untracked 
| 194|0x000000008e800000, 0x000000008e800000, 0x000000008e900000|  0%| F|  |TAMS 0x000000008e800000, 0x000000008e800000| Untracked 
| 195|0x000000008e900000, 0x000000008e900000, 0x000000008ea00000|  0%| F|  |TAMS 0x000000008e900000, 0x000000008e900000| Untracked 
| 196|0x000000008ea00000, 0x000000008ea00000, 0x000000008eb00000|  0%| F|  |TAMS 0x000000008ea00000, 0x000000008ea00000| Untracked 
| 197|0x000000008eb00000, 0x000000008eb00000, 0x000000008ec00000|  0%| F|  |TAMS 0x000000008eb00000, 0x000000008eb00000| Untracked 
| 198|0x000000008ec00000, 0x000000008ec00000, 0x000000008ed00000|  0%| F|  |TAMS 0x000000008ec00000, 0x000000008ec00000| Untracked 
| 199|0x000000008ed00000, 0x000000008ed00000, 0x000000008ee00000|  0%| F|  |TAMS 0x000000008ed00000, 0x000000008ed00000| Untracked 
| 200|0x000000008ee00000, 0x000000008ee00000, 0x000000008ef00000|  0%| F|  |TAMS 0x000000008ee00000, 0x000000008ee00000| Untracked 
| 201|0x000000008ef00000, 0x000000008ef00000, 0x000000008f000000|  0%| F|  |TAMS 0x000000008ef00000, 0x000000008ef00000| Untracked 
| 202|0x000000008f000000, 0x000000008f000000, 0x000000008f100000|  0%| F|  |TAMS 0x000000008f000000, 0x000000008f000000| Untracked 
| 203|0x000000008f100000, 0x000000008f100000, 0x000000008f200000|  0%| F|  |TAMS 0x000000008f100000, 0x000000008f100000| Untracked 
| 204|0x000000008f200000, 0x000000008f200000, 0x000000008f300000|  0%| F|  |TAMS 0x000000008f200000, 0x000000008f200000| Untracked 
| 205|0x000000008f300000, 0x000000008f300000, 0x000000008f400000|  0%| F|  |TAMS 0x000000008f300000, 0x000000008f300000| Untracked 
| 206|0x000000008f400000, 0x000000008f400000, 0x000000008f500000|  0%| F|  |TAMS 0x000000008f400000, 0x000000008f400000| Untracked 
| 207|0x000000008f500000, 0x000000008f500000, 0x000000008f600000|  0%| F|  |TAMS 0x000000008f500000, 0x000000008f500000| Untracked 
| 208|0x000000008f600000, 0x000000008f600000, 0x000000008f700000|  0%| F|  |TAMS 0x000000008f600000, 0x000000008f600000| Untracked 
| 209|0x000000008f700000, 0x000000008f700000, 0x000000008f800000|  0%| F|  |TAMS 0x000000008f700000, 0x000000008f700000| Untracked 
| 210|0x000000008f800000, 0x000000008f800000, 0x000000008f900000|  0%| F|  |TAMS 0x000000008f800000, 0x000000008f800000| Untracked 
| 211|0x000000008f900000, 0x000000008f900000, 0x000000008fa00000|  0%| F|  |TAMS 0x000000008f900000, 0x000000008f900000| Untracked 
| 212|0x000000008fa00000, 0x000000008fa00000, 0x000000008fb00000|  0%| F|  |TAMS 0x000000008fa00000, 0x000000008fa00000| Untracked 
| 213|0x000000008fb00000, 0x000000008fb00000, 0x000000008fc00000|  0%| F|  |TAMS 0x000000008fb00000, 0x000000008fb00000| Untracked 
| 214|0x000000008fc00000, 0x000000008fc00000, 0x000000008fd00000|  0%| F|  |TAMS 0x000000008fc00000, 0x000000008fc00000| Untracked 
| 215|0x000000008fd00000, 0x000000008fd00000, 0x000000008fe00000|  0%| F|  |TAMS 0x000000008fd00000, 0x000000008fd00000| Untracked 
| 216|0x000000008fe00000, 0x000000008fe00000, 0x000000008ff00000|  0%| F|  |TAMS 0x000000008fe00000, 0x000000008fe00000| Untracked 
| 217|0x000000008ff00000, 0x000000008ff00000, 0x0000000090000000|  0%| F|  |TAMS 0x000000008ff00000, 0x000000008ff00000| Untracked 
| 218|0x0000000090000000, 0x0000000090000000, 0x0000000090100000|  0%| F|  |TAMS 0x0000000090000000, 0x0000000090000000| Untracked 
| 219|0x0000000090100000, 0x0000000090100000, 0x0000000090200000|  0%| F|  |TAMS 0x0000000090100000, 0x0000000090100000| Untracked 
| 220|0x0000000090200000, 0x0000000090200000, 0x0000000090300000|  0%| F|  |TAMS 0x0000000090200000, 0x0000000090200000| Untracked 
| 221|0x0000000090300000, 0x0000000090300000, 0x0000000090400000|  0%| F|  |TAMS 0x0000000090300000, 0x0000000090300000| Untracked 
| 222|0x0000000090400000, 0x0000000090400000, 0x0000000090500000|  0%| F|  |TAMS 0x0000000090400000, 0x0000000090400000| Untracked 
| 223|0x0000000090500000, 0x0000000090500000, 0x0000000090600000|  0%| F|  |TAMS 0x0000000090500000, 0x0000000090500000| Untracked 
| 224|0x0000000090600000, 0x0000000090600000, 0x0000000090700000|  0%| F|  |TAMS 0x0000000090600000, 0x0000000090600000| Untracked 
| 225|0x0000000090700000, 0x0000000090700000, 0x0000000090800000|  0%| F|  |TAMS 0x0000000090700000, 0x0000000090700000| Untracked 
| 226|0x0000000090800000, 0x0000000090800000, 0x0000000090900000|  0%| F|  |TAMS 0x0000000090800000, 0x0000000090800000| Untracked 
| 227|0x0000000090900000, 0x0000000090900000, 0x0000000090a00000|  0%| F|  |TAMS 0x0000000090900000, 0x0000000090900000| Untracked 
| 228|0x0000000090a00000, 0x0000000090a00000, 0x0000000090b00000|  0%| F|  |TAMS 0x0000000090a00000, 0x0000000090a00000| Untracked 
| 229|0x0000000090b00000, 0x0000000090b80800, 0x0000000090c00000| 50%| E|  |TAMS 0x0000000090b00000, 0x0000000090b00000| Complete 
| 230|0x0000000090c00000, 0x0000000090d00000, 0x0000000090d00000|100%| E|CS|TAMS 0x0000000090c00000, 0x0000000090c00000| Complete 
| 231|0x0000000090d00000, 0x0000000090e00000, 0x0000000090e00000|100%| E|CS|TAMS 0x0000000090d00000, 0x0000000090d00000| Complete 
| 232|0x0000000090e00000, 0x0000000090f00000, 0x0000000090f00000|100%| E|CS|TAMS 0x0000000090e00000, 0x0000000090e00000| Complete 
| 233|0x0000000090f00000, 0x0000000091000000, 0x0000000091000000|100%| E|CS|TAMS 0x0000000090f00000, 0x0000000090f00000| Complete 
| 234|0x0000000091000000, 0x0000000091100000, 0x0000000091100000|100%| E|CS|TAMS 0x0000000091000000, 0x0000000091000000| Complete 
| 235|0x0000000091100000, 0x0000000091200000, 0x0000000091200000|100%| E|CS|TAMS 0x0000000091100000, 0x0000000091100000| Complete 
| 236|0x0000000091200000, 0x0000000091300000, 0x0000000091300000|100%| E|CS|TAMS 0x0000000091200000, 0x0000000091200000| Complete 
| 237|0x0000000091300000, 0x0000000091400000, 0x0000000091400000|100%| E|CS|TAMS 0x0000000091300000, 0x0000000091300000| Complete 
| 238|0x0000000091400000, 0x0000000091500000, 0x0000000091500000|100%| E|CS|TAMS 0x0000000091400000, 0x0000000091400000| Complete 
| 239|0x0000000091500000, 0x0000000091600000, 0x0000000091600000|100%| E|CS|TAMS 0x0000000091500000, 0x0000000091500000| Complete 
| 240|0x0000000091600000, 0x0000000091700000, 0x0000000091700000|100%| E|CS|TAMS 0x0000000091600000, 0x0000000091600000| Complete 
| 241|0x0000000091700000, 0x0000000091800000, 0x0000000091800000|100%| E|CS|TAMS 0x0000000091700000, 0x0000000091700000| Complete 
| 242|0x0000000091800000, 0x0000000091900000, 0x0000000091900000|100%| E|CS|TAMS 0x0000000091800000, 0x0000000091800000| Complete 
| 243|0x0000000091900000, 0x0000000091a00000, 0x0000000091a00000|100%| E|CS|TAMS 0x0000000091900000, 0x0000000091900000| Complete 
| 244|0x0000000091a00000, 0x0000000091b00000, 0x0000000091b00000|100%| E|CS|TAMS 0x0000000091a00000, 0x0000000091a00000| Complete 
| 245|0x0000000091b00000, 0x0000000091c00000, 0x0000000091c00000|100%| E|CS|TAMS 0x0000000091b00000, 0x0000000091b00000| Complete 
| 246|0x0000000091c00000, 0x0000000091d00000, 0x0000000091d00000|100%| E|CS|TAMS 0x0000000091c00000, 0x0000000091c00000| Complete 
| 247|0x0000000091d00000, 0x0000000091e00000, 0x0000000091e00000|100%| E|CS|TAMS 0x0000000091d00000, 0x0000000091d00000| Complete 
| 248|0x0000000091e00000, 0x0000000091f00000, 0x0000000091f00000|100%| E|CS|TAMS 0x0000000091e00000, 0x0000000091e00000| Complete 
| 249|0x0000000091f00000, 0x0000000092000000, 0x0000000092000000|100%| E|CS|TAMS 0x0000000091f00000, 0x0000000091f00000| Complete 
| 250|0x0000000092000000, 0x0000000092100000, 0x0000000092100000|100%| E|CS|TAMS 0x0000000092000000, 0x0000000092000000| Complete 
| 251|0x0000000092100000, 0x0000000092200000, 0x0000000092200000|100%| E|CS|TAMS 0x0000000092100000, 0x0000000092100000| Complete 
| 252|0x0000000092200000, 0x0000000092300000, 0x0000000092300000|100%| E|CS|TAMS 0x0000000092200000, 0x0000000092200000| Complete 
| 253|0x0000000092300000, 0x0000000092400000, 0x0000000092400000|100%| E|CS|TAMS 0x0000000092300000, 0x0000000092300000| Complete 
| 254|0x0000000092400000, 0x0000000092500000, 0x0000000092500000|100%| E|CS|TAMS 0x0000000092400000, 0x0000000092400000| Complete 
| 255|0x0000000092500000, 0x0000000092600000, 0x0000000092600000|100%| E|CS|TAMS 0x0000000092500000, 0x0000000092500000| Complete 
| 256|0x0000000092600000, 0x0000000092700000, 0x0000000092700000|100%| E|CS|TAMS 0x0000000092600000, 0x0000000092600000| Complete 
| 257|0x0000000092700000, 0x0000000092800000, 0x0000000092800000|100%| E|CS|TAMS 0x0000000092700000, 0x0000000092700000| Complete 
| 258|0x0000000092800000, 0x0000000092900000, 0x0000000092900000|100%| E|CS|TAMS 0x0000000092800000, 0x0000000092800000| Complete 
| 259|0x0000000092900000, 0x0000000092a00000, 0x0000000092a00000|100%| E|CS|TAMS 0x0000000092900000, 0x0000000092900000| Complete 
| 260|0x0000000092a00000, 0x0000000092b00000, 0x0000000092b00000|100%| E|CS|TAMS 0x0000000092a00000, 0x0000000092a00000| Complete 
| 261|0x0000000092b00000, 0x0000000092c00000, 0x0000000092c00000|100%| E|CS|TAMS 0x0000000092b00000, 0x0000000092b00000| Complete 
| 262|0x0000000092c00000, 0x0000000092d00000, 0x0000000092d00000|100%| E|CS|TAMS 0x0000000092c00000, 0x0000000092c00000| Complete 
| 263|0x0000000092d00000, 0x0000000092e00000, 0x0000000092e00000|100%| E|CS|TAMS 0x0000000092d00000, 0x0000000092d00000| Complete 
| 264|0x0000000092e00000, 0x0000000092f00000, 0x0000000092f00000|100%| E|CS|TAMS 0x0000000092e00000, 0x0000000092e00000| Complete 
| 265|0x0000000092f00000, 0x0000000093000000, 0x0000000093000000|100%| E|CS|TAMS 0x0000000092f00000, 0x0000000092f00000| Complete 
| 266|0x0000000093000000, 0x0000000093100000, 0x0000000093100000|100%| E|CS|TAMS 0x0000000093000000, 0x0000000093000000| Complete 
| 267|0x0000000093100000, 0x0000000093200000, 0x0000000093200000|100%| E|CS|TAMS 0x0000000093100000, 0x0000000093100000| Complete 
| 268|0x0000000093200000, 0x0000000093300000, 0x0000000093300000|100%| E|CS|TAMS 0x0000000093200000, 0x0000000093200000| Complete 
| 269|0x0000000093300000, 0x0000000093400000, 0x0000000093400000|100%| E|CS|TAMS 0x0000000093300000, 0x0000000093300000| Complete 
| 270|0x0000000093400000, 0x0000000093500000, 0x0000000093500000|100%| E|CS|TAMS 0x0000000093400000, 0x0000000093400000| Complete 
| 271|0x0000000093500000, 0x0000000093600000, 0x0000000093600000|100%| E|CS|TAMS 0x0000000093500000, 0x0000000093500000| Complete 
| 272|0x0000000093600000, 0x0000000093700000, 0x0000000093700000|100%| E|CS|TAMS 0x0000000093600000, 0x0000000093600000| Complete 
| 273|0x0000000093700000, 0x0000000093800000, 0x0000000093800000|100%| E|CS|TAMS 0x0000000093700000, 0x0000000093700000| Complete 
| 274|0x0000000093800000, 0x0000000093900000, 0x0000000093900000|100%| E|CS|TAMS 0x0000000093800000, 0x0000000093800000| Complete 
| 275|0x0000000093900000, 0x0000000093a00000, 0x0000000093a00000|100%| E|CS|TAMS 0x0000000093900000, 0x0000000093900000| Complete 
| 276|0x0000000093a00000, 0x0000000093b00000, 0x0000000093b00000|100%| E|CS|TAMS 0x0000000093a00000, 0x0000000093a00000| Complete 
| 277|0x0000000093b00000, 0x0000000093c00000, 0x0000000093c00000|100%| E|CS|TAMS 0x0000000093b00000, 0x0000000093b00000| Complete 
| 278|0x0000000093c00000, 0x0000000093d00000, 0x0000000093d00000|100%| E|CS|TAMS 0x0000000093c00000, 0x0000000093c00000| Complete 
| 279|0x0000000093d00000, 0x0000000093e00000, 0x0000000093e00000|100%| E|CS|TAMS 0x0000000093d00000, 0x0000000093d00000| Complete 
| 280|0x0000000093e00000, 0x0000000093f00000, 0x0000000093f00000|100%| E|CS|TAMS 0x0000000093e00000, 0x0000000093e00000| Complete 
| 281|0x0000000093f00000, 0x0000000094000000, 0x0000000094000000|100%| E|CS|TAMS 0x0000000093f00000, 0x0000000093f00000| Complete 
| 282|0x0000000094000000, 0x0000000094100000, 0x0000000094100000|100%| E|CS|TAMS 0x0000000094000000, 0x0000000094000000| Complete 
| 283|0x0000000094100000, 0x0000000094200000, 0x0000000094200000|100%| E|CS|TAMS 0x0000000094100000, 0x0000000094100000| Complete 
| 284|0x0000000094200000, 0x0000000094300000, 0x0000000094300000|100%| E|CS|TAMS 0x0000000094200000, 0x0000000094200000| Complete 
| 285|0x0000000094300000, 0x0000000094400000, 0x0000000094400000|100%| E|CS|TAMS 0x0000000094300000, 0x0000000094300000| Complete 
| 286|0x0000000094400000, 0x0000000094500000, 0x0000000094500000|100%| E|CS|TAMS 0x0000000094400000, 0x0000000094400000| Complete 
| 287|0x0000000094500000, 0x0000000094600000, 0x0000000094600000|100%| E|CS|TAMS 0x0000000094500000, 0x0000000094500000| Complete 
| 288|0x0000000094600000, 0x0000000094700000, 0x0000000094700000|100%| E|CS|TAMS 0x0000000094600000, 0x0000000094600000| Complete 
| 289|0x0000000094700000, 0x0000000094800000, 0x0000000094800000|100%| E|CS|TAMS 0x0000000094700000, 0x0000000094700000| Complete 
| 290|0x0000000094800000, 0x0000000094900000, 0x0000000094900000|100%| E|CS|TAMS 0x0000000094800000, 0x0000000094800000| Complete 
| 291|0x0000000094900000, 0x0000000094a00000, 0x0000000094a00000|100%| E|CS|TAMS 0x0000000094900000, 0x0000000094900000| Complete 
| 292|0x0000000094a00000, 0x0000000094b00000, 0x0000000094b00000|100%| E|CS|TAMS 0x0000000094a00000, 0x0000000094a00000| Complete 
| 293|0x0000000094b00000, 0x0000000094c00000, 0x0000000094c00000|100%| E|CS|TAMS 0x0000000094b00000, 0x0000000094b00000| Complete 
| 294|0x0000000094c00000, 0x0000000094d00000, 0x0000000094d00000|100%| E|CS|TAMS 0x0000000094c00000, 0x0000000094c00000| Complete 

Card table byte_map: [0x0000017a74e40000,0x0000017a75230000] _byte_map_base: 0x0000017a74a2d000

Marking Bits (Prev, Next): (CMBitMap*) 0x0000017a5bf28860, (CMBitMap*) 0x0000017a5bf28820
 Prev Bits: [0x0000017a77590000, 0x0000017a794f8000)
 Next Bits: [0x0000017a75620000, 0x0000017a77588000)

Polling page: 0x0000017a5bbb0000

Metaspace:

Usage:
  Non-class:     19.59 MB used.
      Class:      2.69 MB used.
       Both:     22.28 MB used.

Virtual space:
  Non-class space:       64.00 MB reserved,      19.75 MB ( 31%) committed,  1 nodes.
      Class space:        1.00 GB reserved,       2.81 MB ( <1%) committed,  1 nodes.
             Both:        1.06 GB reserved,      22.56 MB (  2%) committed. 

Chunk freelists:
   Non-Class:  11.92 MB
       Class:  13.12 MB
        Both:  25.05 MB

MaxMetaspaceSize: unlimited
CompressedClassSpaceSize: 1.00 GB
Initial GC threshold: 21.00 MB
Current GC threshold: 35.31 MB
CDS: on
MetaspaceReclaimPolicy: balanced
 - commit_granule_bytes: 65536.
 - commit_granule_words: 8192.
 - virtual_space_node_default_size: 8388608.
 - enlarge_chunks_in_place: 1.
 - new_chunks_are_fully_committed: 0.
 - uncommit_free_chunks: 1.
 - use_allocation_guard: 0.
 - handle_deallocations: 1.


Internal statistics:

num_allocs_failed_limit: 3.
num_arena_births: 164.
num_arena_deaths: 0.
num_vsnodes_births: 2.
num_vsnodes_deaths: 0.
num_space_committed: 361.
num_space_uncommitted: 0.
num_chunks_returned_to_freelist: 3.
num_chunks_taken_from_freelist: 990.
num_chunk_merges: 3.
num_chunk_splits: 669.
num_chunks_enlarged: 517.
num_inconsistent_stats: 0.

CodeHeap 'non-profiled nmethods': size=120000Kb used=2964Kb max_used=2974Kb free=117035Kb
 bounds [0x0000017a6cab0000, 0x0000017a6cdc0000, 0x0000017a73fe0000]
CodeHeap 'profiled nmethods': size=120000Kb used=10562Kb max_used=11854Kb free=109437Kb
 bounds [0x0000017a64fe0000, 0x0000017a65b80000, 0x0000017a6c510000]
CodeHeap 'non-nmethods': size=5760Kb used=1202Kb max_used=1273Kb free=4557Kb
 bounds [0x0000017a6c510000, 0x0000017a6c780000, 0x0000017a6cab0000]
 total_blobs=5739 nmethods=5239 adapters=412
 compilation: enabled
              stopped_count=0, restarted_count=0
 full_count=0

Compilation events (20 events):
Event: 12.695 Thread 0x0000017a7bf82f10 6025       3       sun.nio.fs.WindowsFileAttributes::toWindowsTime (18 bytes)
Event: 12.695 Thread 0x0000017a7bf82f10 nmethod 6025 0x0000017a65048d10 code [0x0000017a65048ec0, 0x0000017a65049028]
Event: 12.695 Thread 0x0000017a7bf82f10 6026       3       java.nio.file.attribute.FileTime::to (117 bytes)
Event: 12.696 Thread 0x0000017a7bf82f10 nmethod 6026 0x0000017a654f8e90 code [0x0000017a654f90c0, 0x0000017a654f96b8]
Event: 12.699 Thread 0x0000017a47161330 nmethod 6024 0x0000017a6cccd590 code [0x0000017a6cccd780, 0x0000017a6cccddb0]
Event: 12.745 Thread 0x0000017a7bf82f10 6027       3       java.lang.Throwable::<init> (29 bytes)
Event: 12.746 Thread 0x0000017a7bf82f10 nmethod 6027 0x0000017a651e4390 code [0x0000017a651e4540, 0x0000017a651e48a8]
Event: 12.751 Thread 0x0000017a7bf82f10 6028   !   3       sun.nio.fs.WindowsPath::openForReadAttributeAccess (44 bytes)
Event: 12.752 Thread 0x0000017a7bf82f10 nmethod 6028 0x0000017a654f8890 code [0x0000017a654f8a60, 0x0000017a654f8d78]
Event: 12.752 Thread 0x0000017a7bf82f10 6029       3       sun.nio.fs.WindowsPath::openFileForReadAttributeAccess (16 bytes)
Event: 12.752 Thread 0x0000017a7bf82f10 nmethod 6029 0x0000017a654f8410 code [0x0000017a654f85c0, 0x0000017a654f87d8]
Event: 12.752 Thread 0x0000017a7bf82f10 6030   !   3       sun.nio.fs.WindowsFileCopy::asWin32Path (13 bytes)
Event: 12.752 Thread 0x0000017a7bf82f10 nmethod 6030 0x0000017a654f7e10 code [0x0000017a654f7fe0, 0x0000017a654f8298]
Event: 12.753 Thread 0x0000017a7bf82f10 6031       3       org.mule.tools.api.classloader.model.ArtifactCoordinates::hashCode (56 bytes)
Event: 12.754 Thread 0x0000017a7bf82f10 nmethod 6031 0x0000017a654f7710 code [0x0000017a654f7900, 0x0000017a654f7c38]
Event: 12.754 Thread 0x0000017a7bf82f10 6032       3       java.io.File::mkdir (33 bytes)
Event: 12.754 Thread 0x0000017a7bf82f10 nmethod 6032 0x0000017a6514be10 code [0x0000017a6514c000, 0x0000017a6514c408]
Event: 12.754 Thread 0x0000017a7bf82f10 6034   !   3       java.io.File::mkdirs (67 bytes)
Event: 12.756 Thread 0x0000017a7bf82f10 nmethod 6034 0x0000017a6514a210 code [0x0000017a6514a560, 0x0000017a6514b8e8]
Event: 12.829 Thread 0x0000017a47161330 6035       4       java.io.WinNTFileSystem::resolve (275 bytes)

GC Heap History (20 events):
Event: 1.297 GC heap before
{Heap before GC invocations=0 (full 0):
 garbage-first heap   total 129024K, used 23552K [0x0000000082600000, 0x0000000100000000)
  region size 1024K, 23 young (23552K), 0 survivors (0K)
 Metaspace       used 5412K, committed 5632K, reserved 1114112K
  class space    used 652K, committed 768K, reserved 1048576K
}
Event: 1.306 GC heap after
{Heap after GC invocations=1 (full 0):
 garbage-first heap   total 129024K, used 3672K [0x0000000082600000, 0x0000000100000000)
  region size 1024K, 3 young (3072K), 3 survivors (3072K)
 Metaspace       used 5412K, committed 5632K, reserved 1114112K
  class space    used 652K, committed 768K, reserved 1048576K
}
Event: 2.241 GC heap before
{Heap before GC invocations=1 (full 0):
 garbage-first heap   total 129024K, used 34392K [0x0000000082600000, 0x0000000100000000)
  region size 1024K, 33 young (33792K), 3 survivors (3072K)
 Metaspace       used 9421K, committed 9600K, reserved 1114112K
  class space    used 1138K, committed 1216K, reserved 1048576K
}
Event: 2.249 GC heap after
{Heap after GC invocations=2 (full 0):
 garbage-first heap   total 129024K, used 5335K [0x0000000082600000, 0x0000000100000000)
  region size 1024K, 2 young (2048K), 2 survivors (2048K)
 Metaspace       used 9421K, committed 9600K, reserved 1114112K
  class space    used 1138K, committed 1216K, reserved 1048576K
}
Event: 4.552 GC heap before
{Heap before GC invocations=2 (full 0):
 garbage-first heap   total 129024K, used 80087K [0x0000000082600000, 0x0000000100000000)
  region size 1024K, 75 young (76800K), 2 survivors (2048K)
 Metaspace       used 15019K, committed 15168K, reserved 1114112K
  class space    used 1789K, committed 1856K, reserved 1048576K
}
Event: 4.573 GC heap after
{Heap after GC invocations=3 (full 0):
 garbage-first heap   total 129024K, used 11034K [0x0000000082600000, 0x0000000100000000)
  region size 1024K, 8 young (8192K), 8 survivors (8192K)
 Metaspace       used 15019K, committed 15168K, reserved 1114112K
  class space    used 1789K, committed 1856K, reserved 1048576K
}
Event: 5.658 GC heap before
{Heap before GC invocations=3 (full 0):
 garbage-first heap   total 129024K, used 79642K [0x0000000082600000, 0x0000000100000000)
  region size 1024K, 75 young (76800K), 8 survivors (8192K)
 Metaspace       used 15542K, committed 15808K, reserved 1114112K
  class space    used 1793K, committed 1920K, reserved 1048576K
}
Event: 5.676 GC heap after
{Heap after GC invocations=4 (full 0):
 garbage-first heap   total 129024K, used 14077K [0x0000000082600000, 0x0000000100000000)
  region size 1024K, 4 young (4096K), 4 survivors (4096K)
 Metaspace       used 15542K, committed 15808K, reserved 1114112K
  class space    used 1793K, committed 1920K, reserved 1048576K
}
Event: 7.160 GC heap before
{Heap before GC invocations=4 (full 0):
 garbage-first heap   total 129024K, used 86781K [0x0000000082600000, 0x0000000100000000)
  region size 1024K, 75 young (76800K), 4 survivors (4096K)
 Metaspace       used 17625K, committed 17792K, reserved 1114112K
  class space    used 2093K, committed 2176K, reserved 1048576K
}
Event: 7.170 GC heap after
{Heap after GC invocations=5 (full 0):
 garbage-first heap   total 129024K, used 19943K [0x0000000082600000, 0x0000000100000000)
  region size 1024K, 10 young (10240K), 10 survivors (10240K)
 Metaspace       used 17625K, committed 17792K, reserved 1114112K
  class space    used 2093K, committed 2176K, reserved 1048576K
}
Event: 8.416 GC heap before
{Heap before GC invocations=5 (full 0):
 garbage-first heap   total 129024K, used 86503K [0x0000000082600000, 0x0000000100000000)
  region size 1024K, 75 young (76800K), 10 survivors (10240K)
 Metaspace       used 18691K, committed 18880K, reserved 1114112K
  class space    used 2217K, committed 2304K, reserved 1048576K
}
Event: 8.438 GC heap after
{Heap after GC invocations=6 (full 0):
 garbage-first heap   total 129024K, used 24385K [0x0000000082600000, 0x0000000100000000)
  region size 1024K, 5 young (5120K), 5 survivors (5120K)
 Metaspace       used 18691K, committed 18880K, reserved 1114112K
  class space    used 2217K, committed 2304K, reserved 1048576K
}
Event: 10.391 GC heap before
{Heap before GC invocations=6 (full 0):
 garbage-first heap   total 129024K, used 49985K [0x0000000082600000, 0x0000000100000000)
  region size 1024K, 31 young (31744K), 5 survivors (5120K)
 Metaspace       used 21253K, committed 21504K, reserved 1114112K
  class space    used 2555K, committed 2688K, reserved 1048576K
}
Event: 10.404 GC heap after
{Heap after GC invocations=7 (full 0):
 garbage-first heap   total 129024K, used 25481K [0x0000000082600000, 0x0000000100000000)
  region size 1024K, 6 young (6144K), 6 survivors (6144K)
 Metaspace       used 21253K, committed 21504K, reserved 1114112K
  class space    used 2555K, committed 2688K, reserved 1048576K
}
Event: 10.711 GC heap before
{Heap before GC invocations=8 (full 0):
 garbage-first heap   total 106496K, used 88969K [0x0000000082600000, 0x0000000100000000)
  region size 1024K, 68 young (69632K), 6 survivors (6144K)
 Metaspace       used 21428K, committed 21760K, reserved 1114112K
  class space    used 2578K, committed 2752K, reserved 1048576K
}
Event: 10.741 GC heap after
{Heap after GC invocations=9 (full 0):
 garbage-first heap   total 106496K, used 29333K [0x0000000082600000, 0x0000000100000000)
  region size 1024K, 6 young (6144K), 6 survivors (6144K)
 Metaspace       used 21428K, committed 21760K, reserved 1114112K
  class space    used 2578K, committed 2752K, reserved 1048576K
}
Event: 10.743 GC heap before
{Heap before GC invocations=9 (full 0):
 garbage-first heap   total 106496K, used 29333K [0x0000000082600000, 0x0000000100000000)
  region size 1024K, 7 young (7168K), 6 survivors (6144K)
 Metaspace       used 21428K, committed 21760K, reserved 1114112K
  class space    used 2578K, committed 2752K, reserved 1048576K
}
Event: 10.761 GC heap after
{Heap after GC invocations=10 (full 0):
 garbage-first heap   total 106496K, used 29654K [0x0000000082600000, 0x0000000100000000)
  region size 1024K, 1 young (1024K), 1 survivors (1024K)
 Metaspace       used 21428K, committed 21760K, reserved 1114112K
  class space    used 2578K, committed 2752K, reserved 1048576K
}
Event: 11.164 GC heap before
{Heap before GC invocations=10 (full 0):
 garbage-first heap   total 106496K, used 89046K [0x0000000082600000, 0x0000000100000000)
  region size 1024K, 54 young (55296K), 1 survivors (1024K)
 Metaspace       used 21607K, committed 21952K, reserved 1114112K
  class space    used 2602K, committed 2752K, reserved 1048576K
}
Event: 11.176 GC heap after
{Heap after GC invocations=11 (full 0):
 garbage-first heap   total 302080K, used 36270K [0x0000000082600000, 0x0000000100000000)
  region size 1024K, 3 young (3072K), 3 survivors (3072K)
 Metaspace       used 21607K, committed 21952K, reserved 1114112K
  class space    used 2602K, committed 2752K, reserved 1048576K
}

Dll operation events (8 events):
Event: 0.012 Loaded shared library D:\AnypointStudio-7.24.0-win64\AnypointStudio\plugins\org.mule.tooling.jdk.win32.x86_64_1.4.1\bin\java.dll
Event: 0.037 Loaded shared library D:\AnypointStudio-7.24.0-win64\AnypointStudio\plugins\org.mule.tooling.jdk.win32.x86_64_1.4.1\bin\jsvml.dll
Event: 0.092 Loaded shared library D:\AnypointStudio-7.24.0-win64\AnypointStudio\plugins\org.mule.tooling.jdk.win32.x86_64_1.4.1\bin\net.dll
Event: 0.096 Loaded shared library D:\AnypointStudio-7.24.0-win64\AnypointStudio\plugins\org.mule.tooling.jdk.win32.x86_64_1.4.1\bin\nio.dll
Event: 0.104 Loaded shared library D:\AnypointStudio-7.24.0-win64\AnypointStudio\plugins\org.mule.tooling.jdk.win32.x86_64_1.4.1\bin\zip.dll
Event: 0.339 Loaded shared library D:\apache-maven-3.9.12-bin\apache-maven-3.9.12\lib\jansi-native\Windows\x86_64\jansi.dll
Event: 0.342 Loaded shared library D:\AnypointStudio-7.24.0-win64\AnypointStudio\plugins\org.mule.tooling.jdk.win32.x86_64_1.4.1\bin\jimage.dll
Event: 0.360 Loaded shared library D:\AnypointStudio-7.24.0-win64\AnypointStudio\plugins\org.mule.tooling.jdk.win32.x86_64_1.4.1\bin\verify.dll

Deoptimization events (20 events):
Event: 11.906 Thread 0x0000017a5bec9640 Uncommon trap: trap_request=0xffffffde fr.pc=0x0000017a6cd6cf7c relative=0x000000000000015c
Event: 11.906 Thread 0x0000017a5bec9640 Uncommon trap: reason=class_check action=maybe_recompile pc=0x0000017a6cd6cf7c method=java.util.stream.StreamOpFlag.fromCharacteristics(Ljava/util/Spliterator;)I @ 14 c2
Event: 11.906 Thread 0x0000017a5bec9640 DEOPT PACKING pc=0x0000017a6cd6cf7c sp=0x00000029963fd900
Event: 11.906 Thread 0x0000017a5bec9640 DEOPT UNPACKING pc=0x0000017a6c5669a3 sp=0x00000029963fd840 mode 2
Event: 11.906 Thread 0x0000017a5bec9640 Uncommon trap: trap_request=0xffffffde fr.pc=0x0000017a6cd0d200 relative=0x0000000000000060
Event: 11.906 Thread 0x0000017a5bec9640 Uncommon trap: reason=class_check action=maybe_recompile pc=0x0000017a6cd0d200 method=java.util.stream.StreamOpFlag.fromCharacteristics(Ljava/util/Spliterator;)I @ 14 c2
Event: 11.906 Thread 0x0000017a5bec9640 DEOPT PACKING pc=0x0000017a6cd0d200 sp=0x00000029963fd890
Event: 11.906 Thread 0x0000017a5bec9640 DEOPT UNPACKING pc=0x0000017a6c5669a3 sp=0x00000029963fd828 mode 2
Event: 11.907 Thread 0x0000017a5bec9640 Uncommon trap: trap_request=0xffffffc6 fr.pc=0x0000017a6cbc1298 relative=0x0000000000000a98
Event: 11.907 Thread 0x0000017a5bec9640 Uncommon trap: reason=bimorphic_or_optimized_type_check action=maybe_recompile pc=0x0000017a6cbc1298 method=java.util.HashMap.putVal(ILjava/lang/Object;Ljava/lang/Object;ZZ)Ljava/lang/Object; @ 203 c2
Event: 11.907 Thread 0x0000017a5bec9640 DEOPT PACKING pc=0x0000017a6cbc1298 sp=0x00000029963fdba0
Event: 11.907 Thread 0x0000017a5bec9640 DEOPT UNPACKING pc=0x0000017a6c5669a3 sp=0x00000029963fdb40 mode 2
Event: 11.918 Thread 0x0000017a5bec9640 DEOPT PACKING pc=0x0000017a65b5b234 sp=0x00000029963fd5d0
Event: 11.918 Thread 0x0000017a5bec9640 DEOPT UNPACKING pc=0x0000017a6c567143 sp=0x00000029963fcb50 mode 0
Event: 12.129 Thread 0x0000017a5bec9640 DEOPT PACKING pc=0x0000017a65b5b234 sp=0x00000029963fd5e0
Event: 12.129 Thread 0x0000017a5bec9640 DEOPT UNPACKING pc=0x0000017a6c567143 sp=0x00000029963fcb60 mode 0
Event: 12.502 Thread 0x0000017a5bec9640 DEOPT PACKING pc=0x0000017a658a9364 sp=0x00000029963fd1e0
Event: 12.504 Thread 0x0000017a5bec9640 DEOPT UNPACKING pc=0x0000017a6c567143 sp=0x00000029963fc6d8 mode 0
Event: 12.507 Thread 0x0000017a5bec9640 DEOPT PACKING pc=0x0000017a658acfb8 sp=0x00000029963fd2d0
Event: 12.507 Thread 0x0000017a5bec9640 DEOPT UNPACKING pc=0x0000017a6c567143 sp=0x00000029963fc7e8 mode 0

Classes loaded (20 events):
Event: 11.712 Loading class java/util/function/IntUnaryOperator
Event: 11.712 Loading class java/util/function/IntUnaryOperator done
Event: 11.902 Loading class java/util/TreeMap$KeySpliterator
Event: 11.903 Loading class java/util/TreeMap$TreeMapSpliterator
Event: 11.903 Loading class java/util/TreeMap$TreeMapSpliterator done
Event: 11.903 Loading class java/util/TreeMap$KeySpliterator done
Event: 12.372 Loading class java/io/FileReader
Event: 12.372 Loading class java/io/FileReader done
Event: 12.437 Loading class sun/misc/Unsafe
Event: 12.438 Loading class sun/misc/Unsafe done
Event: 12.457 Loading class java/util/BitSet
Event: 12.458 Loading class java/util/BitSet done
Event: 12.463 Loading class java/util/concurrent/atomic/AtomicIntegerArray
Event: 12.464 Loading class java/util/concurrent/atomic/AtomicIntegerArray done
Event: 12.467 Loading class java/util/UUID
Event: 12.467 Loading class java/util/UUID done
Event: 12.468 Loading class java/util/Currency
Event: 12.469 Loading class java/util/Currency done
Event: 12.479 Loading class java/util/concurrent/atomic/AtomicLongArray
Event: 12.484 Loading class java/util/concurrent/atomic/AtomicLongArray done

Classes unloaded (0 events):
No events

Classes redefined (0 events):
No events

Internal exceptions (20 events):
Event: 12.714 Thread 0x0000017a5bec9640 Exception <a 'sun/nio/fs/WindowsException'{0x0000000090b27a90}> (0x0000000090b27a90) 
thrown [s\src\hotspot\share\prims\jni.cpp, line 516]
Event: 12.722 Thread 0x0000017a5bec9640 Exception <a 'sun/nio/fs/WindowsException'{0x0000000090b2ac90}> (0x0000000090b2ac90) 
thrown [s\src\hotspot\share\prims\jni.cpp, line 516]
Event: 12.726 Thread 0x0000017a5bec9640 Exception <a 'sun/nio/fs/WindowsException'{0x0000000090b2c1b0}> (0x0000000090b2c1b0) 
thrown [s\src\hotspot\share\prims\jni.cpp, line 516]
Event: 12.733 Thread 0x0000017a5bec9640 Exception <a 'sun/nio/fs/WindowsException'{0x0000000090b2f458}> (0x0000000090b2f458) 
thrown [s\src\hotspot\share\prims\jni.cpp, line 516]
Event: 12.738 Thread 0x0000017a5bec9640 Exception <a 'sun/nio/fs/WindowsException'{0x0000000090b30980}> (0x0000000090b30980) 
thrown [s\src\hotspot\share\prims\jni.cpp, line 516]
Event: 12.745 Thread 0x0000017a5bec9640 Exception <a 'sun/nio/fs/WindowsException'{0x0000000090b33c70}> (0x0000000090b33c70) 
thrown [s\src\hotspot\share\prims\jni.cpp, line 516]
Event: 12.751 Thread 0x0000017a5bec9640 Exception <a 'sun/nio/fs/WindowsException'{0x0000000090b34f58}> (0x0000000090b34f58) 
thrown [s\src\hotspot\share\prims\jni.cpp, line 516]
Event: 12.760 Thread 0x0000017a5bec9640 Exception <a 'sun/nio/fs/WindowsException'{0x0000000090b38318}> (0x0000000090b38318) 
thrown [s\src\hotspot\share\prims\jni.cpp, line 516]
Event: 12.810 Thread 0x0000017a5bec9640 Exception <a 'sun/nio/fs/WindowsException'{0x0000000090b39848}> (0x0000000090b39848) 
thrown [s\src\hotspot\share\prims\jni.cpp, line 516]
Event: 12.820 Thread 0x0000017a5bec9640 Exception <a 'sun/nio/fs/WindowsException'{0x0000000090b3cc08}> (0x0000000090b3cc08) 
thrown [s\src\hotspot\share\prims\jni.cpp, line 516]
Event: 12.824 Thread 0x0000017a5bec9640 Exception <a 'sun/nio/fs/WindowsException'{0x0000000090b3e0e8}> (0x0000000090b3e0e8) 
thrown [s\src\hotspot\share\prims\jni.cpp, line 516]
Event: 12.834 Thread 0x0000017a5bec9640 Exception <a 'sun/nio/fs/WindowsException'{0x0000000090b415c8}> (0x0000000090b415c8) 
thrown [s\src\hotspot\share\prims\jni.cpp, line 516]
Event: 12.839 Thread 0x0000017a5bec9640 Exception <a 'sun/nio/fs/WindowsException'{0x0000000090b42d20}> (0x0000000090b42d20) 
thrown [s\src\hotspot\share\prims\jni.cpp, line 516]
Event: 12.850 Thread 0x0000017a5bec9640 Exception <a 'sun/nio/fs/WindowsException'{0x0000000090b46300}> (0x0000000090b46300) 
thrown [s\src\hotspot\share\prims\jni.cpp, line 516]
Event: 12.855 Thread 0x0000017a5bec9640 Exception <a 'sun/nio/fs/WindowsException'{0x0000000090b47958}> (0x0000000090b47958) 
thrown [s\src\hotspot\share\prims\jni.cpp, line 516]
Event: 12.882 Thread 0x0000017a5bec9640 Exception <a 'sun/nio/fs/WindowsException'{0x0000000090b4ab80}> (0x0000000090b4ab80) 
thrown [s\src\hotspot\share\prims\jni.cpp, line 516]
Event: 12.890 Thread 0x0000017a5bec9640 Exception <a 'sun/nio/fs/WindowsException'{0x0000000090b4bea8}> (0x0000000090b4bea8) 
thrown [s\src\hotspot\share\prims\jni.cpp, line 516]
Event: 12.930 Thread 0x0000017a5bec9640 Exception <a 'sun/nio/fs/WindowsException'{0x0000000090b4ee00}> (0x0000000090b4ee00) 
thrown [s\src\hotspot\share\prims\jni.cpp, line 516]
Event: 12.940 Thread 0x0000017a5bec9640 Exception <a 'sun/nio/fs/WindowsException'{0x0000000090b500c0}> (0x0000000090b500c0) 
thrown [s\src\hotspot\share\prims\jni.cpp, line 516]
Event: 12.955 Thread 0x0000017a5bec9640 Exception <a 'sun/nio/fs/WindowsException'{0x0000000090b53508}> (0x0000000090b53508) 
thrown [s\src\hotspot\share\prims\jni.cpp, line 516]

VM Operations (20 events):
Event: 10.420 Executing VM operation: HandshakeAllThreads
Event: 10.420 Executing VM operation: HandshakeAllThreads done
Event: 10.446 Executing VM operation: G1PauseRemark
Event: 10.454 Executing VM operation: G1PauseRemark done
Event: 10.473 Executing VM operation: G1PauseCleanup
Event: 10.473 Executing VM operation: G1PauseCleanup done
Event: 10.711 Executing VM operation: G1CollectForAllocation
Event: 10.741 Executing VM operation: G1CollectForAllocation done
Event: 10.743 Executing VM operation: G1CollectForAllocation
Event: 10.761 Executing VM operation: G1CollectForAllocation done
Event: 10.841 Executing VM operation: HandshakeAllThreads
Event: 10.841 Executing VM operation: HandshakeAllThreads done
Event: 11.163 Executing VM operation: G1CollectForAllocation
Event: 11.176 Executing VM operation: G1CollectForAllocation done
Event: 12.191 Executing VM operation: Cleanup
Event: 12.191 Executing VM operation: Cleanup done
Event: 12.374 Executing VM operation: HandshakeAllThreads
Event: 12.374 Executing VM operation: HandshakeAllThreads done
Event: 12.527 Executing VM operation: HandshakeAllThreads
Event: 12.527 Executing VM operation: HandshakeAllThreads done

Events (20 events):
Event: 10.369 Thread 0x0000017a7bf83fa0 flushing nmethod 0x0000017a65adfe90
Event: 10.369 Thread 0x0000017a7bf83fa0 flushing nmethod 0x0000017a65ae7890
Event: 10.369 Thread 0x0000017a7bf83fa0 flushing nmethod 0x0000017a65ae9a10
Event: 10.369 Thread 0x0000017a7bf83fa0 flushing nmethod 0x0000017a65aeae90
Event: 10.369 Thread 0x0000017a7bf83fa0 flushing nmethod 0x0000017a65aeb810
Event: 10.369 Thread 0x0000017a7bf83fa0 flushing nmethod 0x0000017a65aebf10
Event: 10.369 Thread 0x0000017a7bf83fa0 flushing nmethod 0x0000017a65aec490
Event: 10.369 Thread 0x0000017a7bf83fa0 flushing nmethod 0x0000017a65aec910
Event: 10.370 Thread 0x0000017a7bf83fa0 flushing nmethod 0x0000017a65b1cb90
Event: 10.422 Thread 0x0000017a479c9470 Thread added: 0x0000017a479c9470
Event: 10.422 Thread 0x0000017a455e5080 Thread added: 0x0000017a455e5080
Event: 10.423 Thread 0x0000017a45e04240 Thread added: 0x0000017a45e04240
Event: 10.423 Thread 0x0000017a45bc2f10 Thread added: 0x0000017a45bc2f10
Event: 10.423 Thread 0x0000017a4538d4c0 Thread added: 0x0000017a4538d4c0
Event: 10.673 Thread 0x0000017a4538c080 Thread added: 0x0000017a4538c080
Event: 10.817 Thread 0x0000017a45bc2f10 Thread exited: 0x0000017a45bc2f10
Event: 10.817 Thread 0x0000017a4538d4c0 Thread exited: 0x0000017a4538d4c0
Event: 10.817 Thread 0x0000017a45e04240 Thread exited: 0x0000017a45e04240
Event: 10.817 Thread 0x0000017a455e5080 Thread exited: 0x0000017a455e5080
Event: 10.817 Thread 0x0000017a479c9470 Thread exited: 0x0000017a479c9470


Dynamic libraries:
0x00007ff673b50000 - 0x00007ff673b5e000 	D:\AnypointStudio-7.24.0-win64\AnypointStudio\plugins\org.mule.tooling.jdk.win32.x86_64_1.4.1\bin\java.exe
0x00007ffd235e0000 - 0x00007ffd23847000 	C:\WINDOWS\SYSTEM32\ntdll.dll
0x00007ffd220a0000 - 0x00007ffd22169000 	C:\WINDOWS\System32\KERNEL32.DLL
0x00007ffd206e0000 - 0x00007ffd20ad1000 	C:\WINDOWS\System32\KERNELBASE.dll
0x00007ffd1fec0000 - 0x00007ffd2000b000 	C:\WINDOWS\System32\ucrtbase.dll
0x00007ffd00c90000 - 0x00007ffd00ca7000 	D:\AnypointStudio-7.24.0-win64\AnypointStudio\plugins\org.mule.tooling.jdk.win32.x86_64_1.4.1\bin\jli.dll
0x00007ffd08260000 - 0x00007ffd0827b000 	D:\AnypointStudio-7.24.0-win64\AnypointStudio\plugins\org.mule.tooling.jdk.win32.x86_64_1.4.1\bin\VCRUNTIME140.dll
0x00007ffd22a50000 - 0x00007ffd22c15000 	C:\WINDOWS\System32\USER32.dll
0x00007ffd04b60000 - 0x00007ffd04df3000 	C:\WINDOWS\WinSxS\amd64_microsoft.windows.common-controls_6595b64144ccf1df_6.0.26100.7922_none_3e089e1ee3342171\COMCTL32.dll
0x00007ffd21350000 - 0x00007ffd21377000 	C:\WINDOWS\System32\win32u.dll
0x00007ffd22e90000 - 0x00007ffd22f39000 	C:\WINDOWS\System32\msvcrt.dll
0x00007ffd22630000 - 0x00007ffd2265b000 	C:\WINDOWS\System32\GDI32.dll
0x00007ffd20010000 - 0x00007ffd2013a000 	C:\WINDOWS\System32\gdi32full.dll
0x00007ffd20140000 - 0x00007ffd201e3000 	C:\WINDOWS\System32\msvcp_win.dll
0x00007ffd22170000 - 0x00007ffd221a1000 	C:\WINDOWS\System32\IMM32.DLL
0x00007ffd191b0000 - 0x00007ffd191bc000 	D:\AnypointStudio-7.24.0-win64\AnypointStudio\plugins\org.mule.tooling.jdk.win32.x86_64_1.4.1\bin\vcruntime140_1.dll
0x00007ffcd5640000 - 0x00007ffcd56cd000 	D:\AnypointStudio-7.24.0-win64\AnypointStudio\plugins\org.mule.tooling.jdk.win32.x86_64_1.4.1\bin\msvcp140.dll
0x00007ffc660c0000 - 0x00007ffc66d2a000 	D:\AnypointStudio-7.24.0-win64\AnypointStudio\plugins\org.mule.tooling.jdk.win32.x86_64_1.4.1\bin\server\jvm.dll
0x00007ffd22970000 - 0x00007ffd22a2b000 	C:\WINDOWS\System32\ADVAPI32.dll
0x00007ffd22580000 - 0x00007ffd22627000 	C:\WINDOWS\System32\sechost.dll
0x00007ffd21f00000 - 0x00007ffd22018000 	C:\WINDOWS\System32\RPCRT4.dll
0x00007ffd22e10000 - 0x00007ffd22e84000 	C:\WINDOWS\System32\WS2_32.dll
0x00007ffd1fd20000 - 0x00007ffd1fd7e000 	C:\WINDOWS\SYSTEM32\POWRPROF.dll
0x00007ffd05030000 - 0x00007ffd05065000 	C:\WINDOWS\SYSTEM32\WINMM.dll
0x00007ffd18600000 - 0x00007ffd1860b000 	C:\WINDOWS\SYSTEM32\VERSION.dll
0x00007ffd1fd00000 - 0x00007ffd1fd14000 	C:\WINDOWS\SYSTEM32\UMPDC.dll
0x00007ffd1ec10000 - 0x00007ffd1ec2b000 	C:\WINDOWS\SYSTEM32\kernel.appcore.dll
0x00007ffd0c3a0000 - 0x00007ffd0c3aa000 	D:\AnypointStudio-7.24.0-win64\AnypointStudio\plugins\org.mule.tooling.jdk.win32.x86_64_1.4.1\bin\jimage.dll
0x00007ffd1da00000 - 0x00007ffd1dc42000 	C:\WINDOWS\SYSTEM32\DBGHELP.DLL
0x00007ffd21380000 - 0x00007ffd21702000 	C:\WINDOWS\System32\combase.dll
0x00007ffd22c20000 - 0x00007ffd22cf7000 	C:\WINDOWS\System32\OLEAUT32.dll
0x00007ffd01e70000 - 0x00007ffd01eab000 	C:\WINDOWS\SYSTEM32\dbgcore.DLL
0x00007ffd20630000 - 0x00007ffd206d5000 	C:\WINDOWS\System32\bcryptPrimitives.dll
0x00007ffce07d0000 - 0x00007ffce07f5000 	D:\AnypointStudio-7.24.0-win64\AnypointStudio\plugins\org.mule.tooling.jdk.win32.x86_64_1.4.1\bin\java.dll
0x00007ffcd26a0000 - 0x00007ffcd2777000 	D:\AnypointStudio-7.24.0-win64\AnypointStudio\plugins\org.mule.tooling.jdk.win32.x86_64_1.4.1\bin\jsvml.dll
0x00007ffd21790000 - 0x00007ffd21eef000 	C:\WINDOWS\System32\SHELL32.dll
0x00007ffd202b0000 - 0x00007ffd2041a000 	C:\WINDOWS\System32\wintypes.dll
0x00007ffd20ae0000 - 0x00007ffd21344000 	C:\WINDOWS\System32\windows.storage.dll
0x00007ffd22d10000 - 0x00007ffd22e07000 	C:\WINDOWS\System32\SHCORE.dll
0x00007ffd223a0000 - 0x00007ffd22407000 	C:\WINDOWS\System32\shlwapi.dll
0x00007ffd1fde0000 - 0x00007ffd1fe09000 	C:\WINDOWS\SYSTEM32\profapi.dll
0x00007ffcfd520000 - 0x00007ffcfd539000 	D:\AnypointStudio-7.24.0-win64\AnypointStudio\plugins\org.mule.tooling.jdk.win32.x86_64_1.4.1\bin\net.dll
0x00007ffd0f900000 - 0x00007ffd0fa27000 	C:\WINDOWS\SYSTEM32\WINHTTP.dll
0x00007ffd1f160000 - 0x00007ffd1f1cb000 	C:\WINDOWS\system32\mswsock.dll
0x00007ffcf1c90000 - 0x00007ffcf1ca6000 	D:\AnypointStudio-7.24.0-win64\AnypointStudio\plugins\org.mule.tooling.jdk.win32.x86_64_1.4.1\bin\nio.dll
0x00007ffcec9c0000 - 0x00007ffcec9d8000 	D:\AnypointStudio-7.24.0-win64\AnypointStudio\plugins\org.mule.tooling.jdk.win32.x86_64_1.4.1\bin\zip.dll
0x00007ffce47b0000 - 0x00007ffce47d4000 	D:\apache-maven-3.9.12-bin\apache-maven-3.9.12\lib\jansi-native\Windows\x86_64\jansi.dll
0x00007ffd1af30000 - 0x00007ffd1af40000 	D:\AnypointStudio-7.24.0-win64\AnypointStudio\plugins\org.mule.tooling.jdk.win32.x86_64_1.4.1\bin\verify.dll
0x00007ffd1ed30000 - 0x00007ffd1ed66000 	C:\WINDOWS\SYSTEM32\ntmarta.dll

dbghelp: loaded successfully - version: 4.0.5 - missing functions: none
symbol engine: initialized successfully - sym options: 0x614 - pdb path: .;D:\AnypointStudio-7.24.0-win64\AnypointStudio\plugins\org.mule.tooling.jdk.win32.x86_64_1.4.1\bin;C:\WINDOWS\SYSTEM32;C:\WINDOWS\WinSxS\amd64_microsoft.windows.common-controls_6595b64144ccf1df_6.0.26100.7922_none_3e089e1ee3342171;D:\AnypointStudio-7.24.0-win64\AnypointStudio\plugins\org.mule.tooling.jdk.win32.x86_64_1.4.1\bin\server;D:\apache-maven-3.9.12-bin\apache-maven-3.9.12\lib\jansi-native\Windows\x86_64

VM Arguments:
jvm_args: --enable-native-access=ALL-UNNAMED -Dclassworlds.conf=D:\apache-maven-3.9.12-bin\apache-maven-3.9.12\bin\m2.conf -Dmaven.home=D:\apache-maven-3.9.12-bin\apache-maven-3.9.12 -Dlibrary.jansi.path=D:\apache-maven-3.9.12-bin\apache-maven-3.9.12\lib\jansi-native -Dmaven.multiModuleProjectDirectory=E:\Work-Space_Anypoint\workspace0003\vitech-bank-customer-check-balance 
java_command: org.codehaus.plexus.classworlds.launcher.Launcher clean package -nsu -DskipMunitTests -Dmaven.repo.local=C:\Users\BHARAT\.m2\repository --global-settings D:\apache-maven-3.9.12-bin\apache-maven-3.9.12\conf\settings.xml --settings C:\Users\BHARAT\AppData\Local\Temp\settings-temp-directory\1ce8cba9-567c-4922-94b1-1abb14050b03.xml
java_class_path (initial): D:\apache-maven-3.9.12-bin\apache-maven-3.9.12\boot\plexus-classworlds-2.9.0.jar
Launcher Type: SUN_STANDARD

[Global flags]
     intx CICompilerCount                          = 4                                         {product} {ergonomic}
     uint ConcGCThreads                            = 2                                         {product} {ergonomic}
     uint G1ConcRefinementThreads                  = 8                                         {product} {ergonomic}
   size_t G1HeapRegionSize                         = 1048576                                   {product} {ergonomic}
    uintx GCDrainStackTargetSize                   = 64                                        {product} {ergonomic}
   size_t InitialHeapSize                          = 132120576                                 {product} {ergonomic}
   size_t MarkStackSize                            = 4194304                                   {product} {ergonomic}
   size_t MaxHeapSize                              = 2107637760                                {product} {ergonomic}
   size_t MaxNewSize                               = 1264582656                                {product} {ergonomic}
   size_t MinHeapDeltaBytes                        = 1048576                                   {product} {ergonomic}
   size_t MinHeapSize                              = 8388608                                   {product} {ergonomic}
    uintx NonNMethodCodeHeapSize                   = 5839372                                {pd product} {ergonomic}
    uintx NonProfiledCodeHeapSize                  = 122909434                              {pd product} {ergonomic}
    uintx ProfiledCodeHeapSize                     = 122909434                              {pd product} {ergonomic}
    uintx ReservedCodeCacheSize                    = 251658240                              {pd product} {ergonomic}
     bool SegmentedCodeCache                       = true                                      {product} {ergonomic}
   size_t SoftMaxHeapSize                          = 2107637760                             {manageable} {ergonomic}
     bool UseCompressedClassPointers               = true                           {product lp64_product} {ergonomic}
     bool UseCompressedOops                        = true                           {product lp64_product} {ergonomic}
     bool UseG1GC                                  = true                                      {product} {ergonomic}
     bool UseLargePagesIndividualAllocation        = false                                  {pd product} {ergonomic}

Logging:
Log output configuration:
 #0: stdout all=warning uptime,level,tags
 #1: stderr all=off uptime,level,tags

Environment Variables:
JAVA_HOME=D:\AnypointStudio-7.24.0-win64\AnypointStudio\plugins\org.mule.tooling.jdk.win32.x86_64_1.4.1
PATH=C:\Python314\Scripts\;C:\Python314\;C:\Program Files (x86)\Common Files\Oracle\Java\javapath;C:\Program Files\Common Files\Oracle\Java\javapath;C:\app\BHARAT\product\21c\dbhomeXE\bin;C:\Python312\Scripts\;C:\Python312\;C:\Windows\System32;C:\ProgramData\chocolatey\bin;C:\WINDOWS\system32;C:\WINDOWS;C:\WINDOWS\System32\Wbem;C:\WINDOWS\System32\WindowsPowerShell\v1.0\;C:\WINDOWS\System32\OpenSSH\;D:\apache-maven-3.9.12-bin\apache-maven-3.9.12\bin;C:\Java\jdk-17\bin;C:\Java\jdk-17\bin;D:\Full-stackDeveloper\Git\Git\cmd;C:\Program Files\Docker\Docker\resources\bin;C:\Program Files\Amazon\AWSCLIV2\;C:\Program Files\nodejs\;C:\Program Files\sf\bin;C:\Program Files (x86)\sf\bin;C:\Users\BHARAT\AppData\Local\Programs\Python\Python312\Scripts\;C:\Users\BHARAT\AppData\Local\Programs\Python\Python312\;C:\Users\BHARAT\AppData\Local\Programs\Python\Launcher\;C:\Users\BHARAT\AppData\Local\Programs\Python\Python313\Scripts\;C:\Users\BHARAT\AppData\Local\Programs\Python\Python313\;C:\Program Files\MySQL\MySQL Shell 8.0\bin\;C:\Users\BHARAT\.console-ninja\.bin;C:\Users\BHARAT\AppData\Local\Microsoft\WindowsApps;C:\Users\BHARAT\vs-Code\install\Microsoft VS Code\bin;C:\Users\BHARAT\AppData\Local\Programs\Microsoft VS Code\bin;C:\Users\BHARAT\AppData\Local\Microsoft\WinGet\Packages\Schniz.fnm_Microsoft.Winget.Source_8wekyb3d8bbwe;E:\Mule-Soft\Studio-Extension\mongo-db\mongosh-2.3.2-win32-x64\bin;C:\Users\BHARAT\AppData\Local\Microsoft\WindowsApps;E:\Mule-Soft\Apache\apache-maven-3.8.8\apache-maven-3.8.8\bin;C:\Users\BHARAT\AppData\Local\GitHubDesktop\bin;C:\mongosh\;C:\IntelliJ IDEA Community Edition 2025.1.1.1\bin;C:\Users\BHARAT\AppData\Roaming\npm
USERNAME=BHARAT
OS=Windows_NT
PROCESSOR_IDENTIFIER=Intel64 Family 6 Model 142 Stepping 10, GenuineIntel
TMP=C:\Users\BHARAT\AppData\Local\Temp
TEMP=C:\Users\BHARAT\AppData\Local\Temp



Periodic native trim disabled


---------------  S Y S T E M  ---------------

OS:
 Windows 11 , 64 bit Build 26100 (10.0.26100.7920)
OS uptime: 5 days 2:12 hours
Hyper-V role detected

CPU: total 8 (initial active 8) (4 cores per cpu, 2 threads per core) family 6 model 142 stepping 10 microcode 0xf6, cx8, cmov, fxsr, ht, mmx, 3dnowpref, sse, sse2, sse3, ssse3, sse4.1, sse4.2, popcnt, lzcnt, tsc, tscinvbit, avx, avx2, aes, erms, clmul, bmi1, bmi2, rtm, adx, fma, vzeroupper, clflush, clflushopt, hv
Processor Information for processor 0
  Max Mhz: 1896, Current Mhz: 1696, Mhz Limit: 1687
Processor Information for processor 1
  Max Mhz: 1896, Current Mhz: 1696, Mhz Limit: 1687
Processor Information for processor 2
  Max Mhz: 1896, Current Mhz: 1696, Mhz Limit: 1687
Processor Information for processor 3
  Max Mhz: 1896, Current Mhz: 1696, Mhz Limit: 1687
Processor Information for processor 4
  Max Mhz: 1896, Current Mhz: 1696, Mhz Limit: 1687
Processor Information for processor 5
  Max Mhz: 1896, Current Mhz: 1696, Mhz Limit: 1687
Processor Information for processor 6
  Max Mhz: 1896, Current Mhz: 1496, Mhz Limit: 1687
Processor Information for processor 7
  Max Mhz: 1896, Current Mhz: 1696, Mhz Limit: 1687

Memory: 4k page, system-wide physical 8035M (487M free)
TotalPageFile size 28315M (AvailPageFile size 7M)
current process WorkingSet (physical memory assigned to process): 295M, peak: 295M
current process commit charge ("private bytes"): 470M, peak: 472M

vm_info: OpenJDK 64-Bit Server VM (17.0.12+7) for windows-amd64 JRE (17.0.12+7), built on Jul 16 2024 22:08:24 by "admin" with MS VC++ 16.10 / 16.11 (VS2019)

END.
