#
# There is insufficient memory for the Java Runtime Environment to continue.
# Native memory allocation (malloc) failed to allocate 1351376 bytes. Error detail: Chunk::new
# Possible reasons:
#   The system is out of physical RAM or swap space
#   This process is running with CompressedOops enabled, and the Java Heap may be blocking the growth of the native heap
# Possible solutions:
#   Reduce memory load on the system
#   Increase physical memory or swap space
#   Check if swap backing store is full
#   Decrease Java heap size (-Xmx/-Xms)
#   Decrease number of Java threads
#   Decrease Java thread stack sizes (-Xss)
#   Set larger code cache with -XX:ReservedCodeCacheSize=
#   JVM is running with Unscaled Compressed Oops mode in which the Java heap is
#     placed in the first 4GB address space. The Java Heap base address is the
#     maximum limit for the native heap growth. Please use -XX:HeapBaseMinAddress
#     to set the Java Heap base and to place the Java Heap above 4GB virtual address.
# This output file may be truncated or incomplete.
#
#  Out of Memory Error (arena.cpp:191), pid=68020, tid=84196
#
# JRE version: OpenJDK Runtime Environment Temurin-17.0.12+7 (17.0.12+7) (build 17.0.12+7)
# Java VM: OpenJDK 64-Bit Server VM Temurin-17.0.12+7 (17.0.12+7, mixed mode, sharing, tiered, compressed oops, compressed class ptrs, g1 gc, windows-amd64)
# No core dump will be written. Minidumps are not enabled by default on client versions of Windows
#

---------------  S U M M A R Y ------------

Command Line: --enable-native-access=ALL-UNNAMED -Dclassworlds.conf=D:\apache-maven-3.9.12-bin\apache-maven-3.9.12\bin\m2.conf -Dmaven.home=D:\apache-maven-3.9.12-bin\apache-maven-3.9.12 -Dlibrary.jansi.path=D:\apache-maven-3.9.12-bin\apache-maven-3.9.12\lib\jansi-native -Dmaven.multiModuleProjectDirectory=E:\Work-Space_Anypoint\workspace0003\vitech-bank-customer-check-balance org.codehaus.plexus.classworlds.launcher.Launcher clean package -nsu -DskipMunitTests -Dmaven.repo.local=C:\Users\BHARAT\.m2\repository --global-settings D:\apache-maven-3.9.12-bin\apache-maven-3.9.12\conf\settings.xml --settings C:\Users\BHARAT\AppData\Local\Temp\settings-temp-directory\1ce8cba9-567c-4922-94b1-1abb14050b03.xml

Host: Intel(R) Core(TM) i5-8350U CPU @ 1.70GHz, 8 cores, 7G,  Windows 11 , 64 bit Build 26100 (10.0.26100.7920)
Time: Thu Mar 12 09:21:11 2026 India Standard Time elapsed time: 66.162125 seconds (0d 0h 1m 6s)

---------------  T H R E A D  ---------------

Current thread (0x0000010fc8fd7490):  JavaThread "C2 CompilerThread1" daemon [_thread_in_native, id=84196, stack(0x000000089da00000,0x000000089db00000)]


Current CompileTask:
C2:  66162 7646   !   4       java.net.URLClassLoader::findClass (47 bytes)

Stack: [0x000000089da00000,0x000000089db00000]
Native frames: (J=compiled Java code, j=interpreted, Vv=VM code, C=native code)
V  [jvm.dll+0x67f929]
V  [jvm.dll+0x8371ba]
V  [jvm.dll+0x838c7e]
V  [jvm.dll+0x8392e3]
V  [jvm.dll+0x24834f]
V  [jvm.dll+0xac9d4]
V  [jvm.dll+0xad01c]
V  [jvm.dll+0x367452]
V  [jvm.dll+0x1bd376]
V  [jvm.dll+0x21aa09]
V  [jvm.dll+0x219cf1]
V  [jvm.dll+0x1a58bd]
V  [jvm.dll+0x229a2d]
V  [jvm.dll+0x227bdc]
V  [jvm.dll+0x7ec1f7]
V  [jvm.dll+0x7e65dc]
V  [jvm.dll+0x67e7f7]
C  [ucrtbase.dll+0x37b0]
C  [KERNEL32.DLL+0x2e8d7]
C  [ntdll.dll+0x8c48c]


---------------  P R O C E S S  ---------------

Threads class SMR info:
_java_thread_list=0x0000010fca7bd950, length=20, elements={
0x0000010fe135a9f0, 0x0000010ffed67bc0, 0x0000010ffed69200, 0x0000010ffed8a410,
0x0000010ffed8ace0, 0x0000010ffed8c120, 0x0000010ffed8d560, 0x0000010ffed96220,
0x0000010fff538090, 0x0000010fff5389a0, 0x0000010fff65ad00, 0x0000010fff663e70,
0x0000010fc7bdad70, 0x0000010fc92b8070, 0x0000010fc92b6c30, 0x0000010fc92b94b0,
0x0000010fc92b9ed0, 0x0000010fc92b6720, 0x0000010fc8fd7490, 0x0000010fc73b7040
}

Java Threads: ( => current thread )
  0x0000010fe135a9f0 JavaThread "main" [_thread_blocked, id=81244, stack(0x000000089dc00000,0x000000089dd00000)]
  0x0000010ffed67bc0 JavaThread "Reference Handler" daemon [_thread_blocked, id=81128, stack(0x000000089e300000,0x000000089e400000)]
  0x0000010ffed69200 JavaThread "Finalizer" daemon [_thread_blocked, id=70892, stack(0x000000089e400000,0x000000089e500000)]
  0x0000010ffed8a410 JavaThread "Signal Dispatcher" daemon [_thread_blocked, id=84952, stack(0x000000089e500000,0x000000089e600000)]
  0x0000010ffed8ace0 JavaThread "Attach Listener" daemon [_thread_blocked, id=84516, stack(0x000000089e600000,0x000000089e700000)]
  0x0000010ffed8c120 JavaThread "Service Thread" daemon [_thread_blocked, id=77556, stack(0x000000089e700000,0x000000089e800000)]
  0x0000010ffed8d560 JavaThread "Monitor Deflation Thread" daemon [_thread_blocked, id=81604, stack(0x000000089e800000,0x000000089e900000)]
  0x0000010ffed96220 JavaThread "C2 CompilerThread0" daemon [_thread_in_native, id=77036, stack(0x000000089e900000,0x000000089ea00000)]
  0x0000010fff538090 JavaThread "C1 CompilerThread0" daemon [_thread_in_native, id=82748, stack(0x000000089ea00000,0x000000089eb00000)]
  0x0000010fff5389a0 JavaThread "Sweeper thread" daemon [_thread_blocked, id=53448, stack(0x000000089eb00000,0x000000089ec00000)]
  0x0000010fff65ad00 JavaThread "Notification Thread" daemon [_thread_blocked, id=55488, stack(0x000000089ec00000,0x000000089ed00000)]
  0x0000010fff663e70 JavaThread "Common-Cleaner" daemon [_thread_blocked, id=66184, stack(0x000000089ee00000,0x000000089ef00000)]
  0x0000010fc7bdad70 JavaThread "Thread-1" daemon [_thread_blocked, id=80960, stack(0x000000089f700000,0x000000089f800000)]
  0x0000010fc92b8070 JavaThread "ForkJoinPool.commonPool-worker-1" daemon [_thread_in_Java, id=84828, stack(0x000000089fe00000,0x000000089ff00000)]
  0x0000010fc92b6c30 JavaThread "ForkJoinPool.commonPool-worker-2" daemon [_thread_blocked, id=83008, stack(0x000000089fd00000,0x000000089fe00000)]
  0x0000010fc92b94b0 JavaThread "ForkJoinPool.commonPool-worker-3" daemon [_thread_blocked, id=56736, stack(0x000000089ef00000,0x000000089f000000)]
  0x0000010fc92b9ed0 JavaThread "ForkJoinPool.commonPool-worker-5" daemon [_thread_blocked, id=83168, stack(0x000000089f900000,0x000000089fa00000)]
  0x0000010fc92b6720 JavaThread "ForkJoinPool.commonPool-worker-4" daemon [_thread_blocked, id=84932, stack(0x000000089fa00000,0x000000089fb00000)]
=>0x0000010fc8fd7490 JavaThread "C2 CompilerThread1" daemon [_thread_in_native, id=84196, stack(0x000000089da00000,0x000000089db00000)]
  0x0000010fc73b7040 JavaThread "C2 CompilerThread2" daemon [_thread_in_native, id=67760, stack(0x000000089db00000,0x000000089dc00000)]

Other Threads:
  0x0000010ffed60ae0 VMThread "VM Thread" [stack: 0x000000089e200000,0x000000089e300000] [id=77728]
  0x0000010fff65d600 WatcherThread [stack: 0x000000089ed00000,0x000000089ee00000] [id=83056]
  0x0000010fe13b6760 GCTaskThread "GC Thread#0" [stack: 0x000000089dd00000,0x000000089de00000] [id=82848]
  0x0000010fc715d690 GCTaskThread "GC Thread#1" [stack: 0x000000089f000000,0x000000089f100000] [id=81056]
  0x0000010fff797ff0 GCTaskThread "GC Thread#2" [stack: 0x000000089f100000,0x000000089f200000] [id=81852]
  0x0000010fc785d2b0 GCTaskThread "GC Thread#3" [stack: 0x000000089f200000,0x000000089f300000] [id=83216]
  0x0000010fc7638220 GCTaskThread "GC Thread#4" [stack: 0x000000089f300000,0x000000089f400000] [id=67924]
  0x0000010fc78bf980 GCTaskThread "GC Thread#5" [stack: 0x000000089f400000,0x000000089f500000] [id=83292]
  0x0000010fc78bfc40 GCTaskThread "GC Thread#6" [stack: 0x000000089f500000,0x000000089f600000] [id=79368]
  0x0000010fc7a2f850 GCTaskThread "GC Thread#7" [stack: 0x000000089f600000,0x000000089f700000] [id=82344]
  0x0000010fe13c8110 ConcurrentGCThread "G1 Main Marker" [stack: 0x000000089de00000,0x000000089df00000] [id=83312]
  0x0000010fe13c9710 ConcurrentGCThread "G1 Conc#0" [stack: 0x000000089df00000,0x000000089e000000] [id=81316]
  0x0000010fc979ecf0 ConcurrentGCThread "G1 Conc#1" [stack: 0x000000089f800000,0x000000089f900000] [id=84264]
  0x0000010fe1407c80 ConcurrentGCThread "G1 Refine#0" [stack: 0x000000089e000000,0x000000089e100000] [id=80168]
  0x0000010ffec26180 ConcurrentGCThread "G1 Service" [stack: 0x000000089e100000,0x000000089e200000] [id=84276]

Threads with active compile tasks:
C2 CompilerThread0    66241 7654       4       jdk.internal.org.objectweb.asm.SymbolTable::addType (81 bytes)
C1 CompilerThread0    66241 7909       3       net.bytebuddy.description.type.TypeDescription$Generic$LazyProjection$WithEagerNavigation::<init> (5 bytes)
C2 CompilerThread1    66241 7646   !   4       java.net.URLClassLoader::findClass (47 bytes)
C2 CompilerThread2    66241 7661       4       jdk.internal.org.objectweb.asm.SymbolTable::addConstantMemberReference (147 bytes)

VM state: not at safepoint (normal execution)

VM Mutex/Monitor currently owned by a thread: None

Heap address: 0x0000000082600000, size: 2010 MB, Compressed Oops mode: 32-bit

CDS archive(s) mapped at: [0x0000010f82000000-0x0000010f82bb0000-0x0000010f82bb0000), size 12255232, SharedBaseAddress: 0x0000010f82000000, ArchiveRelocationMode: 1.
Compressed class space mapped at: 0x0000010f83000000-0x0000010fc3000000, reserved size: 1073741824
Narrow klass base: 0x0000010f82000000, Narrow klass shift: 0, Narrow klass range: 0x100000000

GC Precious Log:
 CPUs: 8 total, 8 available
 Memory: 8035M
 Large Page Support: Disabled
 NUMA Support: Disabled
 Compressed Oops: Enabled (32-bit)
 Heap Region Size: 1M
 Heap Min Capacity: 8M
 Heap Initial Capacity: 126M
 Heap Max Capacity: 2010M
 Pre-touch: Disabled
 Parallel Workers: 8
 Concurrent Workers: 2
 Concurrent Refinement Workers: 8
 Periodic GC: Disabled

Heap:
 garbage-first heap   total 143360K, used 77677K [0x0000000082600000, 0x0000000100000000)
  region size 1024K, 33 young (33792K), 9 survivors (9216K)
 Metaspace       used 38626K, committed 39040K, reserved 1114112K
  class space    used 5224K, committed 5440K, reserved 1048576K

Heap Regions: E=young(eden), S=young(survivor), O=old, HS=humongous(starts), HC=humongous(continues), CS=collection set, F=free, OA=open archive, CA=closed archive, TAMS=top-at-mark-start (previous, next)
|   0|0x0000000082600000, 0x0000000082700000, 0x0000000082700000|100%| O|  |TAMS 0x0000000082700000, 0x0000000082600000| Untracked 
|   1|0x0000000082700000, 0x0000000082800000, 0x0000000082800000|100%| O|  |TAMS 0x0000000082800000, 0x0000000082700000| Untracked 
|   2|0x0000000082800000, 0x0000000082900000, 0x0000000082900000|100%| O|  |TAMS 0x0000000082900000, 0x0000000082800000| Untracked 
|   3|0x0000000082900000, 0x0000000082a00000, 0x0000000082a00000|100%| O|  |TAMS 0x0000000082a00000, 0x0000000082900000| Untracked 
|   4|0x0000000082a00000, 0x0000000082b00000, 0x0000000082b00000|100%| O|  |TAMS 0x0000000082b00000, 0x0000000082a00000| Untracked 
|   5|0x0000000082b00000, 0x0000000082c00000, 0x0000000082c00000|100%| O|  |TAMS 0x0000000082c00000, 0x0000000082b00000| Untracked 
|   6|0x0000000082c00000, 0x0000000082d00000, 0x0000000082d00000|100%| O|  |TAMS 0x0000000082d00000, 0x0000000082c00000| Untracked 
|   7|0x0000000082d00000, 0x0000000082e00000, 0x0000000082e00000|100%| O|  |TAMS 0x0000000082e00000, 0x0000000082d00000| Untracked 
|   8|0x0000000082e00000, 0x0000000082f00000, 0x0000000082f00000|100%| O|  |TAMS 0x0000000082f00000, 0x0000000082e00000| Untracked 
|   9|0x0000000082f00000, 0x0000000083000000, 0x0000000083000000|100%| O|  |TAMS 0x0000000083000000, 0x0000000082f00000| Untracked 
|  10|0x0000000083000000, 0x0000000083100000, 0x0000000083100000|100%| O|  |TAMS 0x0000000083100000, 0x0000000083000000| Untracked 
|  11|0x0000000083100000, 0x0000000083200000, 0x0000000083200000|100%| O|  |TAMS 0x0000000083200000, 0x0000000083100000| Untracked 
|  12|0x0000000083200000, 0x0000000083300000, 0x0000000083300000|100%| O|  |TAMS 0x0000000083300000, 0x0000000083200000| Untracked 
|  13|0x0000000083300000, 0x0000000083400000, 0x0000000083400000|100%| O|  |TAMS 0x0000000083400000, 0x0000000083300000| Untracked 
|  14|0x0000000083400000, 0x0000000083500000, 0x0000000083500000|100%| O|  |TAMS 0x0000000083500000, 0x0000000083400000| Untracked 
|  15|0x0000000083500000, 0x0000000083600000, 0x0000000083600000|100%| O|  |TAMS 0x0000000083600000, 0x0000000083500000| Untracked 
|  16|0x0000000083600000, 0x0000000083700000, 0x0000000083700000|100%| O|  |TAMS 0x0000000083700000, 0x0000000083600000| Untracked 
|  17|0x0000000083700000, 0x0000000083800000, 0x0000000083800000|100%| O|  |TAMS 0x0000000083800000, 0x0000000083700000| Untracked 
|  18|0x0000000083800000, 0x0000000083900000, 0x0000000083900000|100%|HS|  |TAMS 0x0000000083900000, 0x0000000083800000| Complete 
|  19|0x0000000083900000, 0x0000000083a00000, 0x0000000083a00000|100%| O|  |TAMS 0x0000000083a00000, 0x0000000083900000| Untracked 
|  20|0x0000000083a00000, 0x0000000083b00000, 0x0000000083b00000|100%| O|  |TAMS 0x0000000083b00000, 0x0000000083a00000| Untracked 
|  21|0x0000000083b00000, 0x0000000083c00000, 0x0000000083c00000|100%| O|  |TAMS 0x0000000083c00000, 0x0000000083b00000| Untracked 
|  22|0x0000000083c00000, 0x0000000083d00000, 0x0000000083d00000|100%| O|  |TAMS 0x0000000083d00000, 0x0000000083c00000| Untracked 
|  23|0x0000000083d00000, 0x0000000083e00000, 0x0000000083e00000|100%| O|  |TAMS 0x0000000083e00000, 0x0000000083d00000| Untracked 
|  24|0x0000000083e00000, 0x0000000083f00000, 0x0000000083f00000|100%| O|  |TAMS 0x0000000083f00000, 0x0000000083e00000| Untracked 
|  25|0x0000000083f00000, 0x0000000084000000, 0x0000000084000000|100%| O|  |TAMS 0x0000000084000000, 0x0000000083f00000| Untracked 
|  26|0x0000000084000000, 0x0000000084100000, 0x0000000084100000|100%| O|  |TAMS 0x0000000084100000, 0x0000000084000000| Untracked 
|  27|0x0000000084100000, 0x0000000084200000, 0x0000000084200000|100%| O|  |TAMS 0x0000000084200000, 0x0000000084100000| Complete 
|  28|0x0000000084200000, 0x0000000084300000, 0x0000000084300000|100%| O|  |TAMS 0x0000000084300000, 0x0000000084200000| Untracked 
|  29|0x0000000084300000, 0x0000000084400000, 0x0000000084400000|100%|HS|  |TAMS 0x0000000084400000, 0x0000000084300000| Complete 
|  30|0x0000000084400000, 0x0000000084500000, 0x0000000084500000|100%| O|  |TAMS 0x0000000084500000, 0x0000000084400000| Untracked 
|  31|0x0000000084500000, 0x0000000084600000, 0x0000000084600000|100%| O|  |TAMS 0x0000000084600000, 0x0000000084500000| Untracked 
|  32|0x0000000084600000, 0x0000000084700000, 0x0000000084700000|100%| O|  |TAMS 0x0000000084700000, 0x0000000084600000| Untracked 
|  33|0x0000000084700000, 0x0000000084800000, 0x0000000084800000|100%| O|  |TAMS 0x0000000084800000, 0x0000000084700000| Complete 
|  34|0x0000000084800000, 0x0000000084900000, 0x0000000084900000|100%| O|  |TAMS 0x0000000084900000, 0x0000000084800000| Complete 
|  35|0x0000000084900000, 0x0000000084900000, 0x0000000084a00000|  0%| F|  |TAMS 0x0000000084900000, 0x0000000084900000| Untracked 
|  36|0x0000000084a00000, 0x0000000084adb600, 0x0000000084b00000| 85%| O|  |TAMS 0x0000000084a00000, 0x0000000084a00000| Untracked 
|  37|0x0000000084b00000, 0x0000000084b00000, 0x0000000084c00000|  0%| F|  |TAMS 0x0000000084b00000, 0x0000000084b00000| Untracked 
|  38|0x0000000084c00000, 0x0000000084c00000, 0x0000000084d00000|  0%| F|  |TAMS 0x0000000084c00000, 0x0000000084c00000| Untracked 
|  39|0x0000000084d00000, 0x0000000084d00000, 0x0000000084e00000|  0%| F|  |TAMS 0x0000000084d00000, 0x0000000084d00000| Untracked 
|  40|0x0000000084e00000, 0x0000000084f00000, 0x0000000084f00000|100%| O|  |TAMS 0x0000000084f00000, 0x0000000084e00000| Untracked 
|  41|0x0000000084f00000, 0x0000000085000000, 0x0000000085000000|100%| O|  |TAMS 0x0000000085000000, 0x0000000084f00000| Untracked 
|  42|0x0000000085000000, 0x0000000085100000, 0x0000000085100000|100%| O|  |TAMS 0x0000000085100000, 0x0000000085000000| Untracked 
|  43|0x0000000085100000, 0x0000000085200000, 0x0000000085200000|100%| O|  |TAMS 0x0000000085200000, 0x0000000085100000| Untracked 
|  44|0x0000000085200000, 0x0000000085300000, 0x0000000085300000|100%| O|  |TAMS 0x0000000085300000, 0x0000000085200000| Untracked 
|  45|0x0000000085300000, 0x0000000085300000, 0x0000000085400000|  0%| F|  |TAMS 0x0000000085300000, 0x0000000085300000| Untracked 
|  46|0x0000000085400000, 0x0000000085400000, 0x0000000085500000|  0%| F|  |TAMS 0x0000000085400000, 0x0000000085400000| Untracked 
|  47|0x0000000085500000, 0x0000000085500000, 0x0000000085600000|  0%| F|  |TAMS 0x0000000085500000, 0x0000000085500000| Untracked 
|  48|0x0000000085600000, 0x0000000085600000, 0x0000000085700000|  0%| F|  |TAMS 0x0000000085600000, 0x0000000085600000| Untracked 
|  49|0x0000000085700000, 0x0000000085700000, 0x0000000085800000|  0%| F|  |TAMS 0x0000000085700000, 0x0000000085700000| Untracked 
|  50|0x0000000085800000, 0x0000000085800000, 0x0000000085900000|  0%| F|  |TAMS 0x0000000085800000, 0x0000000085800000| Untracked 
|  51|0x0000000085900000, 0x0000000085a00000, 0x0000000085a00000|100%| O|  |TAMS 0x0000000085a00000, 0x0000000085900000| Untracked 
|  52|0x0000000085a00000, 0x0000000085b00000, 0x0000000085b00000|100%| O|  |TAMS 0x0000000085b00000, 0x0000000085a00000| Untracked 
|  53|0x0000000085b00000, 0x0000000085c00000, 0x0000000085c00000|100%| O|  |TAMS 0x0000000085c00000, 0x0000000085b00000| Complete 
|  54|0x0000000085c00000, 0x0000000085c00000, 0x0000000085d00000|  0%| F|  |TAMS 0x0000000085c00000, 0x0000000085c00000| Untracked 
|  55|0x0000000085d00000, 0x0000000085d00000, 0x0000000085e00000|  0%| F|  |TAMS 0x0000000085d00000, 0x0000000085d00000| Untracked 
|  56|0x0000000085e00000, 0x0000000085e00000, 0x0000000085f00000|  0%| F|  |TAMS 0x0000000085e00000, 0x0000000085e00000| Untracked 
|  57|0x0000000085f00000, 0x0000000086000000, 0x0000000086000000|100%| O|  |TAMS 0x0000000085f8b600, 0x0000000085f00000| Untracked 
|  58|0x0000000086000000, 0x0000000086000000, 0x0000000086100000|  0%| F|  |TAMS 0x0000000086000000, 0x0000000086000000| Untracked 
|  59|0x0000000086100000, 0x0000000086100000, 0x0000000086200000|  0%| F|  |TAMS 0x0000000086100000, 0x0000000086100000| Untracked 
|  60|0x0000000086200000, 0x0000000086200000, 0x0000000086300000|  0%| F|  |TAMS 0x0000000086200000, 0x0000000086200000| Untracked 
|  61|0x0000000086300000, 0x0000000086300000, 0x0000000086400000|  0%| F|  |TAMS 0x0000000086300000, 0x0000000086300000| Untracked 
|  62|0x0000000086400000, 0x0000000086500000, 0x0000000086500000|100%| S|CS|TAMS 0x0000000086400000, 0x0000000086400000| Complete 
|  63|0x0000000086500000, 0x0000000086600000, 0x0000000086600000|100%| S|CS|TAMS 0x0000000086500000, 0x0000000086500000| Complete 
|  64|0x0000000086600000, 0x0000000086700000, 0x0000000086700000|100%| S|CS|TAMS 0x0000000086600000, 0x0000000086600000| Complete 
|  65|0x0000000086700000, 0x0000000086800000, 0x0000000086800000|100%| S|CS|TAMS 0x0000000086700000, 0x0000000086700000| Complete 
|  66|0x0000000086800000, 0x0000000086800000, 0x0000000086900000|  0%| F|  |TAMS 0x0000000086800000, 0x0000000086800000| Untracked 
|  67|0x0000000086900000, 0x0000000086900000, 0x0000000086a00000|  0%| F|  |TAMS 0x0000000086900000, 0x0000000086900000| Untracked 
|  68|0x0000000086a00000, 0x0000000086a00000, 0x0000000086b00000|  0%| F|  |TAMS 0x0000000086a00000, 0x0000000086a00000| Untracked 
|  69|0x0000000086b00000, 0x0000000086b00000, 0x0000000086c00000|  0%| F|  |TAMS 0x0000000086b00000, 0x0000000086b00000| Untracked 
|  70|0x0000000086c00000, 0x0000000086d00000, 0x0000000086d00000|100%| S|CS|TAMS 0x0000000086c00000, 0x0000000086c00000| Complete 
|  71|0x0000000086d00000, 0x0000000086e00000, 0x0000000086e00000|100%| S|CS|TAMS 0x0000000086d00000, 0x0000000086d00000| Complete 
|  72|0x0000000086e00000, 0x0000000086f00000, 0x0000000086f00000|100%| S|CS|TAMS 0x0000000086e00000, 0x0000000086e00000| Complete 
|  73|0x0000000086f00000, 0x0000000087000000, 0x0000000087000000|100%| S|CS|TAMS 0x0000000086f00000, 0x0000000086f00000| Complete 
|  74|0x0000000087000000, 0x0000000087100000, 0x0000000087100000|100%| S|CS|TAMS 0x0000000087000000, 0x0000000087000000| Complete 
|  75|0x0000000087100000, 0x0000000087100000, 0x0000000087200000|  0%| F|  |TAMS 0x0000000087100000, 0x0000000087100000| Untracked 
|  76|0x0000000087200000, 0x0000000087200000, 0x0000000087300000|  0%| F|  |TAMS 0x0000000087200000, 0x0000000087200000| Untracked 
|  77|0x0000000087300000, 0x0000000087300000, 0x0000000087400000|  0%| F|  |TAMS 0x0000000087300000, 0x0000000087300000| Untracked 
|  78|0x0000000087400000, 0x0000000087400000, 0x0000000087500000|  0%| F|  |TAMS 0x0000000087400000, 0x0000000087400000| Untracked 
|  79|0x0000000087500000, 0x0000000087500000, 0x0000000087600000|  0%| F|  |TAMS 0x0000000087500000, 0x0000000087500000| Untracked 
|  80|0x0000000087600000, 0x0000000087600000, 0x0000000087700000|  0%| F|  |TAMS 0x0000000087600000, 0x0000000087600000| Untracked 
|  81|0x0000000087700000, 0x0000000087700000, 0x0000000087800000|  0%| F|  |TAMS 0x0000000087700000, 0x0000000087700000| Untracked 
|  82|0x0000000087800000, 0x0000000087800000, 0x0000000087900000|  0%| F|  |TAMS 0x0000000087800000, 0x0000000087800000| Untracked 
|  83|0x0000000087900000, 0x0000000087900000, 0x0000000087a00000|  0%| F|  |TAMS 0x0000000087900000, 0x0000000087900000| Untracked 
|  84|0x0000000087a00000, 0x0000000087a00000, 0x0000000087b00000|  0%| F|  |TAMS 0x0000000087a00000, 0x0000000087a00000| Untracked 
|  85|0x0000000087b00000, 0x0000000087b00000, 0x0000000087c00000|  0%| F|  |TAMS 0x0000000087b00000, 0x0000000087b00000| Untracked 
|  86|0x0000000087c00000, 0x0000000087c00000, 0x0000000087d00000|  0%| F|  |TAMS 0x0000000087c00000, 0x0000000087c00000| Untracked 
|  87|0x0000000087d00000, 0x0000000087d00000, 0x0000000087e00000|  0%| F|  |TAMS 0x0000000087d00000, 0x0000000087d00000| Untracked 
|  88|0x0000000087e00000, 0x0000000087e00000, 0x0000000087f00000|  0%| F|  |TAMS 0x0000000087e00000, 0x0000000087e00000| Untracked 
|  89|0x0000000087f00000, 0x0000000087f00000, 0x0000000088000000|  0%| F|  |TAMS 0x0000000087f00000, 0x0000000087f00000| Untracked 
|  90|0x0000000088000000, 0x0000000088000000, 0x0000000088100000|  0%| F|  |TAMS 0x0000000088000000, 0x0000000088000000| Untracked 
|  91|0x0000000088100000, 0x0000000088100000, 0x0000000088200000|  0%| F|  |TAMS 0x0000000088100000, 0x0000000088100000| Untracked 
|  92|0x0000000088200000, 0x0000000088200000, 0x0000000088300000|  0%| F|  |TAMS 0x0000000088200000, 0x0000000088200000| Untracked 
|  93|0x0000000088300000, 0x0000000088300000, 0x0000000088400000|  0%| F|  |TAMS 0x0000000088300000, 0x0000000088300000| Untracked 
|  94|0x0000000088400000, 0x0000000088400000, 0x0000000088500000|  0%| F|  |TAMS 0x0000000088400000, 0x0000000088400000| Untracked 
|  95|0x0000000088500000, 0x0000000088500000, 0x0000000088600000|  0%| F|  |TAMS 0x0000000088500000, 0x0000000088500000| Untracked 
|  96|0x0000000088600000, 0x0000000088600000, 0x0000000088700000|  0%| F|  |TAMS 0x0000000088600000, 0x0000000088600000| Untracked 
|  97|0x0000000088700000, 0x0000000088700000, 0x0000000088800000|  0%| F|  |TAMS 0x0000000088700000, 0x0000000088700000| Untracked 
|  98|0x0000000088800000, 0x0000000088800000, 0x0000000088900000|  0%| F|  |TAMS 0x0000000088800000, 0x0000000088800000| Untracked 
|  99|0x0000000088900000, 0x0000000088900000, 0x0000000088a00000|  0%| F|  |TAMS 0x0000000088900000, 0x0000000088900000| Untracked 
| 100|0x0000000088a00000, 0x0000000088a00000, 0x0000000088b00000|  0%| F|  |TAMS 0x0000000088a00000, 0x0000000088a00000| Untracked 
| 101|0x0000000088b00000, 0x0000000088b00000, 0x0000000088c00000|  0%| F|  |TAMS 0x0000000088b00000, 0x0000000088b00000| Untracked 
| 102|0x0000000088c00000, 0x0000000088c00000, 0x0000000088d00000|  0%| F|  |TAMS 0x0000000088c00000, 0x0000000088c00000| Untracked 
| 103|0x0000000088d00000, 0x0000000088d00000, 0x0000000088e00000|  0%| F|  |TAMS 0x0000000088d00000, 0x0000000088d00000| Untracked 
| 104|0x0000000088e00000, 0x0000000088e00000, 0x0000000088f00000|  0%| F|  |TAMS 0x0000000088e00000, 0x0000000088e00000| Untracked 
| 105|0x0000000088f00000, 0x0000000088f00000, 0x0000000089000000|  0%| F|  |TAMS 0x0000000088f00000, 0x0000000088f00000| Untracked 
| 106|0x0000000089000000, 0x0000000089000000, 0x0000000089100000|  0%| F|  |TAMS 0x0000000089000000, 0x0000000089000000| Untracked 
| 107|0x0000000089100000, 0x0000000089100000, 0x0000000089200000|  0%| F|  |TAMS 0x0000000089100000, 0x0000000089100000| Untracked 
| 108|0x0000000089200000, 0x0000000089200000, 0x0000000089300000|  0%| F|  |TAMS 0x0000000089200000, 0x0000000089200000| Untracked 
| 109|0x0000000089300000, 0x0000000089300000, 0x0000000089400000|  0%| F|  |TAMS 0x0000000089300000, 0x0000000089300000| Untracked 
| 110|0x0000000089400000, 0x0000000089400000, 0x0000000089500000|  0%| F|  |TAMS 0x0000000089400000, 0x0000000089400000| Untracked 
| 111|0x0000000089500000, 0x0000000089500000, 0x0000000089600000|  0%| F|  |TAMS 0x0000000089500000, 0x0000000089500000| Untracked 
| 112|0x0000000089600000, 0x0000000089600000, 0x0000000089700000|  0%| F|  |TAMS 0x0000000089600000, 0x0000000089600000| Untracked 
| 113|0x0000000089700000, 0x0000000089700000, 0x0000000089800000|  0%| F|  |TAMS 0x0000000089700000, 0x0000000089700000| Untracked 
| 114|0x0000000089800000, 0x0000000089800000, 0x0000000089900000|  0%| F|  |TAMS 0x0000000089800000, 0x0000000089800000| Untracked 
| 115|0x0000000089900000, 0x0000000089900000, 0x0000000089a00000|  0%| F|  |TAMS 0x0000000089900000, 0x0000000089900000| Untracked 
| 116|0x0000000089a00000, 0x0000000089a780a8, 0x0000000089b00000| 46%| E|  |TAMS 0x0000000089a00000, 0x0000000089a00000| Complete 
| 117|0x0000000089b00000, 0x0000000089c00000, 0x0000000089c00000|100%| E|CS|TAMS 0x0000000089b00000, 0x0000000089b00000| Complete 
| 118|0x0000000089c00000, 0x0000000089d00000, 0x0000000089d00000|100%| E|CS|TAMS 0x0000000089c00000, 0x0000000089c00000| Complete 
| 119|0x0000000089d00000, 0x0000000089e00000, 0x0000000089e00000|100%| E|CS|TAMS 0x0000000089d00000, 0x0000000089d00000| Complete 
| 120|0x0000000089e00000, 0x0000000089f00000, 0x0000000089f00000|100%| E|CS|TAMS 0x0000000089e00000, 0x0000000089e00000| Complete 
| 121|0x0000000089f00000, 0x000000008a000000, 0x000000008a000000|100%| E|CS|TAMS 0x0000000089f00000, 0x0000000089f00000| Complete 
| 122|0x000000008a000000, 0x000000008a100000, 0x000000008a100000|100%| E|CS|TAMS 0x000000008a000000, 0x000000008a000000| Complete 
| 123|0x000000008a100000, 0x000000008a200000, 0x000000008a200000|100%| E|CS|TAMS 0x000000008a100000, 0x000000008a100000| Complete 
| 124|0x000000008a200000, 0x000000008a300000, 0x000000008a300000|100%| E|CS|TAMS 0x000000008a200000, 0x000000008a200000| Complete 
| 125|0x000000008a300000, 0x000000008a400000, 0x000000008a400000|100%| E|CS|TAMS 0x000000008a300000, 0x000000008a300000| Complete 
| 126|0x000000008a400000, 0x000000008a500000, 0x000000008a500000|100%| E|CS|TAMS 0x000000008a400000, 0x000000008a400000| Complete 
| 127|0x000000008a500000, 0x000000008a600000, 0x000000008a600000|100%| E|CS|TAMS 0x000000008a500000, 0x000000008a500000| Complete 
| 128|0x000000008a600000, 0x000000008a700000, 0x000000008a700000|100%| E|CS|TAMS 0x000000008a600000, 0x000000008a600000| Complete 
| 129|0x000000008a700000, 0x000000008a800000, 0x000000008a800000|100%| E|CS|TAMS 0x000000008a700000, 0x000000008a700000| Complete 
| 130|0x000000008a800000, 0x000000008a900000, 0x000000008a900000|100%| E|CS|TAMS 0x000000008a800000, 0x000000008a800000| Complete 
| 131|0x000000008a900000, 0x000000008aa00000, 0x000000008aa00000|100%| E|CS|TAMS 0x000000008a900000, 0x000000008a900000| Complete 
| 132|0x000000008aa00000, 0x000000008ab00000, 0x000000008ab00000|100%| E|CS|TAMS 0x000000008aa00000, 0x000000008aa00000| Complete 
| 133|0x000000008ab00000, 0x000000008ac00000, 0x000000008ac00000|100%| E|  |TAMS 0x000000008ab00000, 0x000000008ab00000| Complete 
| 134|0x000000008ac00000, 0x000000008ad00000, 0x000000008ad00000|100%| E|CS|TAMS 0x000000008ac00000, 0x000000008ac00000| Complete 
| 135|0x000000008ad00000, 0x000000008ae00000, 0x000000008ae00000|100%| E|CS|TAMS 0x000000008ad00000, 0x000000008ad00000| Complete 
| 136|0x000000008ae00000, 0x000000008af00000, 0x000000008af00000|100%| E|CS|TAMS 0x000000008ae00000, 0x000000008ae00000| Complete 
| 137|0x000000008af00000, 0x000000008b000000, 0x000000008b000000|100%| E|CS|TAMS 0x000000008af00000, 0x000000008af00000| Complete 
| 138|0x000000008b000000, 0x000000008b100000, 0x000000008b100000|100%| E|CS|TAMS 0x000000008b000000, 0x000000008b000000| Complete 
| 139|0x000000008b100000, 0x000000008b200000, 0x000000008b200000|100%| E|CS|TAMS 0x000000008b100000, 0x000000008b100000| Complete 

Card table byte_map: [0x0000010ffa2c0000,0x0000010ffa6b0000] _byte_map_base: 0x0000010ff9ead000

Marking Bits (Prev, Next): (CMBitMap*) 0x0000010fe13b7ca0, (CMBitMap*) 0x0000010fe13b7ce0
 Prev Bits: [0x0000010ffaaa0000, 0x0000010ffca08000)
 Next Bits: [0x0000010ffca10000, 0x0000010ffe978000)

Polling page: 0x0000010fe1040000

Metaspace:

Usage:
  Non-class:     32.63 MB used.
      Class:      5.10 MB used.
       Both:     37.73 MB used.

Virtual space:
  Non-class space:       64.00 MB reserved,      32.81 MB ( 51%) committed,  1 nodes.
      Class space:        1.00 GB reserved,       5.31 MB ( <1%) committed,  1 nodes.
             Both:        1.06 GB reserved,      38.12 MB (  4%) committed. 

Chunk freelists:
   Non-Class:  14.89 MB
       Class:  10.62 MB
        Both:  25.52 MB

MaxMetaspaceSize: unlimited
CompressedClassSpaceSize: 1.00 GB
Initial GC threshold: 21.00 MB
Current GC threshold: 59.19 MB
CDS: on
MetaspaceReclaimPolicy: balanced
 - commit_granule_bytes: 65536.
 - commit_granule_words: 8192.
 - virtual_space_node_default_size: 8388608.
 - enlarge_chunks_in_place: 1.
 - new_chunks_are_fully_committed: 0.
 - uncommit_free_chunks: 1.
 - use_allocation_guard: 0.
 - handle_deallocations: 1.


Internal statistics:

num_allocs_failed_limit: 6.
num_arena_births: 352.
num_arena_deaths: 0.
num_vsnodes_births: 2.
num_vsnodes_deaths: 0.
num_space_committed: 610.
num_space_uncommitted: 0.
num_chunks_returned_to_freelist: 6.
num_chunks_taken_from_freelist: 1853.
num_chunk_merges: 6.
num_chunk_splits: 1240.
num_chunks_enlarged: 878.
num_inconsistent_stats: 0.

CodeHeap 'non-profiled nmethods': size=120000Kb used=4405Kb max_used=5019Kb free=115594Kb
 bounds [0x0000010ff1f40000, 0x0000010ff2430000, 0x0000010ff9470000]
CodeHeap 'profiled nmethods': size=120000Kb used=13504Kb max_used=14581Kb free=106495Kb
 bounds [0x0000010fea470000, 0x0000010feb2b0000, 0x0000010ff19a0000]
CodeHeap 'non-nmethods': size=5760Kb used=1282Kb max_used=1374Kb free=4477Kb
 bounds [0x0000010ff19a0000, 0x0000010ff1c10000, 0x0000010ff1f40000]
 total_blobs=7160 nmethods=6569 adapters=503
 compilation: enabled
              stopped_count=0, restarted_count=0
 full_count=0

Compilation events (20 events):
Event: 66.068 Thread 0x0000010fff538090 7852       3       net.bytebuddy.description.ByteCodeElement$Token$TokenList::<init> (10 bytes)
Event: 66.068 Thread 0x0000010fff538090 nmethod 7852 0x0000010fead8d490 code [0x0000010fead8d640, 0x0000010fead8d938]
Event: 66.068 Thread 0x0000010fff538090 7856       3       net.bytebuddy.description.type.TypeList$Generic$ForDetachedTypes$OfTypeVariables$AttachedTypeVariable::getSymbol (8 bytes)
Event: 66.069 Thread 0x0000010fff538090 nmethod 7856 0x0000010feaa21410 code [0x0000010feaa215a0, 0x0000010feaa216d8]
Event: 66.069 Thread 0x0000010fff538090 7857       3       net.bytebuddy.description.type.TypeDescription$Generic$OfNonGenericType::represents (11 bytes)
Event: 66.069 Thread 0x0000010fff538090 nmethod 7857 0x0000010fea5c1410 code [0x0000010fea5c15c0, 0x0000010fea5c1858]
Event: 66.069 Thread 0x0000010fff538090 7858       3       net.bytebuddy.pool.TypePool$Default$LazyTypeDescription$GenericTypeToken$ForTypeVariable::toGenericType (66 bytes)
Event: 66.070 Thread 0x0000010fff538090 nmethod 7858 0x0000010fea59d810 code [0x0000010fea59da40, 0x0000010fea59e538]
Event: 66.070 Thread 0x0000010fff538090 7859       3       net.bytebuddy.pool.TypePool$Default$LazyTypeDescription$GenericTypeToken$ForTypeVariable$AnnotatedTypeVariable::<init> (20 bytes)
Event: 66.070 Thread 0x0000010fff538090 nmethod 7859 0x0000010fea5c0d90 code [0x0000010fea5c0f40, 0x0000010fea5c12d8]
Event: 66.070 Thread 0x0000010fff538090 7860       3       net.bytebuddy.dynamic.scaffold.MethodGraph$Compiler$Default$Key::<init> (15 bytes)
Event: 66.071 Thread 0x0000010fff538090 nmethod 7860 0x0000010fea4bb190 code [0x0000010fea4bb320, 0x0000010fea4bb4d8]
Event: 66.071 Thread 0x0000010fff538090 7861       3       net.bytebuddy.description.type.TypeDescription$Generic$LazyProjection::accept (11 bytes)
Event: 66.071 Thread 0x0000010fff538090 nmethod 7861 0x0000010fea4bac10 code [0x0000010fea4badc0, 0x0000010fea4bb058]
Event: 66.071 Thread 0x0000010fff538090 7862       3       net.bytebuddy.pool.TypePool$Default$LazyTypeDescription$TokenizedGenericType::resolve (73 bytes)
Event: 66.072 Thread 0x0000010fff538090 nmethod 7862 0x0000010fea6f2710 code [0x0000010fea6f28e0, 0x0000010fea6f2d28]
Event: 66.072 Thread 0x0000010fff538090 7863       3       net.bytebuddy.description.type.TypeDescription$Generic$OfWildcardType::<init> (5 bytes)
Event: 66.072 Thread 0x0000010fff538090 nmethod 7863 0x0000010fea4ba610 code [0x0000010fea4ba7c0, 0x0000010fea4ba9f8]
Event: 66.072 Thread 0x0000010fff538090 7855       1       net.bytebuddy.description.type.TypeDescription$Generic$OfParameterizedType$Latent::getOwnerType (5 bytes)
Event: 66.072 Thread 0x0000010fff538090 nmethod 7855 0x0000010ff2070c10 code [0x0000010ff2070da0, 0x0000010ff2070e78]

GC Heap History (20 events):
Event: 9.709 GC heap before
{Heap before GC invocations=5 (full 0):
 garbage-first heap   total 129024K, used 86727K [0x0000000082600000, 0x0000000100000000)
  region size 1024K, 75 young (76800K), 10 survivors (10240K)
 Metaspace       used 18661K, committed 18880K, reserved 1114112K
  class space    used 2217K, committed 2304K, reserved 1048576K
}
Event: 9.728 GC heap after
{Heap after GC invocations=6 (full 0):
 garbage-first heap   total 129024K, used 24533K [0x0000000082600000, 0x0000000100000000)
  region size 1024K, 5 young (5120K), 5 survivors (5120K)
 Metaspace       used 18661K, committed 18880K, reserved 1114112K
  class space    used 2217K, committed 2304K, reserved 1048576K
}
Event: 11.552 GC heap before
{Heap before GC invocations=6 (full 0):
 garbage-first heap   total 129024K, used 48085K [0x0000000082600000, 0x0000000100000000)
  region size 1024K, 29 young (29696K), 5 survivors (5120K)
 Metaspace       used 21231K, committed 21504K, reserved 1114112K
  class space    used 2556K, committed 2688K, reserved 1048576K
}
Event: 11.565 GC heap after
{Heap after GC invocations=7 (full 0):
 garbage-first heap   total 129024K, used 25557K [0x0000000082600000, 0x0000000100000000)
  region size 1024K, 6 young (6144K), 6 survivors (6144K)
 Metaspace       used 21231K, committed 21504K, reserved 1114112K
  class space    used 2556K, committed 2688K, reserved 1048576K
}
Event: 11.843 GC heap before
{Heap before GC invocations=8 (full 0):
 garbage-first heap   total 102400K, used 88021K [0x0000000082600000, 0x0000000100000000)
  region size 1024K, 68 young (69632K), 6 survivors (6144K)
 Metaspace       used 21382K, committed 21696K, reserved 1114112K
  class space    used 2575K, committed 2752K, reserved 1048576K
}
Event: 11.872 GC heap after
{Heap after GC invocations=9 (full 0):
 garbage-first heap   total 102400K, used 29034K [0x0000000082600000, 0x0000000100000000)
  region size 1024K, 5 young (5120K), 5 survivors (5120K)
 Metaspace       used 21382K, committed 21696K, reserved 1114112K
  class space    used 2575K, committed 2752K, reserved 1048576K
}
Event: 11.878 GC heap before
{Heap before GC invocations=9 (full 0):
 garbage-first heap   total 102400K, used 29034K [0x0000000082600000, 0x0000000100000000)
  region size 1024K, 6 young (6144K), 5 survivors (5120K)
 Metaspace       used 21382K, committed 21696K, reserved 1114112K
  class space    used 2575K, committed 2752K, reserved 1048576K
}
Event: 11.895 GC heap after
{Heap after GC invocations=10 (full 0):
 garbage-first heap   total 143360K, used 30018K [0x0000000082600000, 0x0000000100000000)
  region size 1024K, 1 young (1024K), 1 survivors (1024K)
 Metaspace       used 21382K, committed 21696K, reserved 1114112K
  class space    used 2575K, committed 2752K, reserved 1048576K
}
Event: 12.696 GC heap before
{Heap before GC invocations=10 (full 0):
 garbage-first heap   total 143360K, used 116034K [0x0000000082600000, 0x0000000100000000)
  region size 1024K, 80 young (81920K), 1 survivors (1024K)
 Metaspace       used 21637K, committed 21952K, reserved 1114112K
  class space    used 2607K, committed 2752K, reserved 1048576K
}
Event: 12.703 GC heap after
{Heap after GC invocations=11 (full 0):
 garbage-first heap   total 143360K, used 31262K [0x0000000082600000, 0x0000000100000000)
  region size 1024K, 3 young (3072K), 3 survivors (3072K)
 Metaspace       used 21637K, committed 21952K, reserved 1114112K
  class space    used 2607K, committed 2752K, reserved 1048576K
}
Event: 16.627 GC heap before
{Heap before GC invocations=11 (full 0):
 garbage-first heap   total 143360K, used 113182K [0x0000000082600000, 0x0000000100000000)
  region size 1024K, 81 young (82944K), 3 survivors (3072K)
 Metaspace       used 25037K, committed 25408K, reserved 1114112K
  class space    used 2965K, committed 3136K, reserved 1048576K
}
Event: 16.636 GC heap after
{Heap after GC invocations=12 (full 0):
 garbage-first heap   total 143360K, used 33489K [0x0000000082600000, 0x0000000100000000)
  region size 1024K, 5 young (5120K), 5 survivors (5120K)
 Metaspace       used 25037K, committed 25408K, reserved 1114112K
  class space    used 2965K, committed 3136K, reserved 1048576K
}
Event: 20.367 GC heap before
{Heap before GC invocations=12 (full 0):
 garbage-first heap   total 143360K, used 120529K [0x0000000082600000, 0x0000000100000000)
  region size 1024K, 84 young (86016K), 5 survivors (5120K)
 Metaspace       used 25866K, committed 26176K, reserved 1114112K
  class space    used 3046K, committed 3200K, reserved 1048576K
}
Event: 20.373 GC heap after
{Heap after GC invocations=13 (full 0):
 garbage-first heap   total 143360K, used 33809K [0x0000000082600000, 0x0000000100000000)
  region size 1024K, 5 young (5120K), 5 survivors (5120K)
 Metaspace       used 25866K, committed 26176K, reserved 1114112K
  class space    used 3046K, committed 3200K, reserved 1048576K
}
Event: 61.568 GC heap before
{Heap before GC invocations=13 (full 0):
 garbage-first heap   total 143360K, used 115729K [0x0000000082600000, 0x0000000100000000)
  region size 1024K, 84 young (86016K), 5 survivors (5120K)
 Metaspace       used 27718K, committed 28096K, reserved 1114112K
  class space    used 3294K, committed 3456K, reserved 1048576K
}
Event: 61.587 GC heap after
{Heap after GC invocations=14 (full 0):
 garbage-first heap   total 143360K, used 43546K [0x0000000082600000, 0x0000000100000000)
  region size 1024K, 11 young (11264K), 11 survivors (11264K)
 Metaspace       used 27718K, committed 28096K, reserved 1114112K
  class space    used 3294K, committed 3456K, reserved 1048576K
}
Event: 62.737 GC heap before
{Heap before GC invocations=14 (full 0):
 garbage-first heap   total 143360K, used 120346K [0x0000000082600000, 0x0000000100000000)
  region size 1024K, 81 young (82944K), 11 survivors (11264K)
 Metaspace       used 28582K, committed 28992K, reserved 1114112K
  class space    used 3430K, committed 3648K, reserved 1048576K
}
Event: 62.753 GC heap after
{Heap after GC invocations=15 (full 0):
 garbage-first heap   total 143360K, used 47149K [0x0000000082600000, 0x0000000100000000)
  region size 1024K, 4 young (4096K), 4 survivors (4096K)
 Metaspace       used 28582K, committed 28992K, reserved 1114112K
  class space    used 3430K, committed 3648K, reserved 1048576K
}
Event: 65.079 GC heap before
{Heap before GC invocations=15 (full 0):
 garbage-first heap   total 143360K, used 113709K [0x0000000082600000, 0x0000000100000000)
  region size 1024K, 69 young (70656K), 4 survivors (4096K)
 Metaspace       used 35608K, committed 36096K, reserved 1114112K
  class space    used 4650K, committed 4928K, reserved 1048576K
}
Event: 65.094 GC heap after
{Heap after GC invocations=16 (full 0):
 garbage-first heap   total 143360K, used 55149K [0x0000000082600000, 0x0000000100000000)
  region size 1024K, 9 young (9216K), 9 survivors (9216K)
 Metaspace       used 35608K, committed 36096K, reserved 1114112K
  class space    used 4650K, committed 4928K, reserved 1048576K
}

Dll operation events (8 events):
Event: 0.012 Loaded shared library D:\AnypointStudio-7.24.0-win64\AnypointStudio\plugins\org.mule.tooling.jdk.win32.x86_64_1.4.1\bin\java.dll
Event: 0.036 Loaded shared library D:\AnypointStudio-7.24.0-win64\AnypointStudio\plugins\org.mule.tooling.jdk.win32.x86_64_1.4.1\bin\jsvml.dll
Event: 0.085 Loaded shared library D:\AnypointStudio-7.24.0-win64\AnypointStudio\plugins\org.mule.tooling.jdk.win32.x86_64_1.4.1\bin\net.dll
Event: 0.087 Loaded shared library D:\AnypointStudio-7.24.0-win64\AnypointStudio\plugins\org.mule.tooling.jdk.win32.x86_64_1.4.1\bin\nio.dll
Event: 0.092 Loaded shared library D:\AnypointStudio-7.24.0-win64\AnypointStudio\plugins\org.mule.tooling.jdk.win32.x86_64_1.4.1\bin\zip.dll
Event: 0.328 Loaded shared library D:\AnypointStudio-7.24.0-win64\AnypointStudio\plugins\org.mule.tooling.jdk.win32.x86_64_1.4.1\bin\jimage.dll
Event: 0.330 Loaded shared library D:\apache-maven-3.9.12-bin\apache-maven-3.9.12\lib\jansi-native\Windows\x86_64\jansi.dll
Event: 0.356 Loaded shared library D:\AnypointStudio-7.24.0-win64\AnypointStudio\plugins\org.mule.tooling.jdk.win32.x86_64_1.4.1\bin\verify.dll

Deoptimization events (20 events):
Event: 65.640 Thread 0x0000010fc92b8070 Uncommon trap: trap_request=0xffffff45 fr.pc=0x0000010ff1fb88dc relative=0x000000000000137c
Event: 65.640 Thread 0x0000010fc92b8070 Uncommon trap: reason=unstable_if action=reinterpret pc=0x0000010ff1fb88dc method=java.util.concurrent.ConcurrentHashMap.transfer([Ljava/util/concurrent/ConcurrentHashMap$Node;[Ljava/util/concurrent/ConcurrentHashMap$Node;)V @ 352 c2
Event: 65.640 Thread 0x0000010fc92b8070 DEOPT PACKING pc=0x0000010ff1fb88dc sp=0x000000089fef8fd0
Event: 65.640 Thread 0x0000010fc92b8070 DEOPT UNPACKING pc=0x0000010ff19f69a3 sp=0x000000089fef8f58 mode 2
Event: 66.025 Thread 0x0000010fc92b8070 Uncommon trap: trap_request=0xffffffc6 fr.pc=0x0000010ff2402670 relative=0x0000000000000b90
Event: 66.025 Thread 0x0000010fc92b8070 Uncommon trap: reason=bimorphic_or_optimized_type_check action=maybe_recompile pc=0x0000010ff2402670 method=java.util.HashMap.removeNode(ILjava/lang/Object;Ljava/lang/Object;ZZ)Ljava/util/HashMap$Node; @ 143 c2
Event: 66.025 Thread 0x0000010fc92b8070 DEOPT PACKING pc=0x0000010ff2402670 sp=0x000000089fefcf10
Event: 66.025 Thread 0x0000010fc92b8070 DEOPT UNPACKING pc=0x0000010ff19f69a3 sp=0x000000089fefcea8 mode 2
Event: 66.029 Thread 0x0000010fc92b8070 Uncommon trap: trap_request=0xffffffc6 fr.pc=0x0000010ff2402670 relative=0x0000000000000b90
Event: 66.029 Thread 0x0000010fc92b8070 Uncommon trap: reason=bimorphic_or_optimized_type_check action=maybe_recompile pc=0x0000010ff2402670 method=java.util.HashMap.removeNode(ILjava/lang/Object;Ljava/lang/Object;ZZ)Ljava/util/HashMap$Node; @ 143 c2
Event: 66.029 Thread 0x0000010fc92b8070 DEOPT PACKING pc=0x0000010ff2402670 sp=0x000000089fefcf00
Event: 66.029 Thread 0x0000010fc92b8070 DEOPT UNPACKING pc=0x0000010ff19f69a3 sp=0x000000089fefce98 mode 2
Event: 66.034 Thread 0x0000010fc92b8070 Uncommon trap: trap_request=0xffffffc6 fr.pc=0x0000010ff2402670 relative=0x0000000000000b90
Event: 66.034 Thread 0x0000010fc92b8070 Uncommon trap: reason=bimorphic_or_optimized_type_check action=maybe_recompile pc=0x0000010ff2402670 method=java.util.HashMap.removeNode(ILjava/lang/Object;Ljava/lang/Object;ZZ)Ljava/util/HashMap$Node; @ 143 c2
Event: 66.034 Thread 0x0000010fc92b8070 DEOPT PACKING pc=0x0000010ff2402670 sp=0x000000089fefcf70
Event: 66.034 Thread 0x0000010fc92b8070 DEOPT UNPACKING pc=0x0000010ff19f69a3 sp=0x000000089fefcf08 mode 2
Event: 66.038 Thread 0x0000010fc92b8070 Uncommon trap: trap_request=0xffffffc6 fr.pc=0x0000010ff2402670 relative=0x0000000000000b90
Event: 66.038 Thread 0x0000010fc92b8070 Uncommon trap: reason=bimorphic_or_optimized_type_check action=maybe_recompile pc=0x0000010ff2402670 method=java.util.HashMap.removeNode(ILjava/lang/Object;Ljava/lang/Object;ZZ)Ljava/util/HashMap$Node; @ 143 c2
Event: 66.038 Thread 0x0000010fc92b8070 DEOPT PACKING pc=0x0000010ff2402670 sp=0x000000089fefd0a0
Event: 66.038 Thread 0x0000010fc92b8070 DEOPT UNPACKING pc=0x0000010ff19f69a3 sp=0x000000089fefd038 mode 2

Classes loaded (20 events):
Event: 65.105 Loading class java/lang/reflect/GenericSignatureFormatError
Event: 65.105 Loading class java/lang/reflect/GenericSignatureFormatError done
Event: 65.206 Loading class java/io/Console
Event: 65.207 Loading class java/io/Console done
Event: 65.394 Loading class sun/net/www/protocol/jrt/JavaRuntimeURLConnection
Event: 65.395 Loading class sun/net/www/protocol/jrt/JavaRuntimeURLConnection done
Event: 65.396 Loading class sun/net/www/protocol/jrt/JavaRuntimeURLConnection$1
Event: 65.396 Loading class sun/net/www/protocol/jrt/JavaRuntimeURLConnection$1 done
Event: 65.397 Loading class jdk/internal/jimage/ImageBufferCache
Event: 65.397 Loading class jdk/internal/jimage/ImageBufferCache done
Event: 65.397 Loading class jdk/internal/jimage/ImageBufferCache$1
Event: 65.397 Loading class jdk/internal/jimage/ImageBufferCache$1 done
Event: 65.397 Loading class jdk/internal/jimage/ImageBufferCache$2
Event: 65.398 Loading class jdk/internal/jimage/ImageBufferCache$2 done
Event: 65.398 Loading class java/util/AbstractMap$SimpleEntry
Event: 65.398 Loading class java/util/AbstractMap$SimpleEntry done
Event: 65.468 Loading class java/lang/reflect/MalformedParameterizedTypeException
Event: 65.468 Loading class java/lang/reflect/MalformedParameterizedTypeException done
Event: 65.952 Loading class java/util/AbstractList$SubList
Event: 65.954 Loading class java/util/AbstractList$SubList done

Classes unloaded (0 events):
No events

Classes redefined (0 events):
No events

Internal exceptions (20 events):
Event: 64.836 Thread 0x0000010fe135a9f0 Exception <a 'java/lang/ClassNotFoundException'{0x0000000087aaada0}: org/mule/runtime/extension/api/exception/ModuleExceptionCustomizer> (0x0000000087aaada0) 
thrown [s\src\hotspot\share\classfile\systemDictionary.cpp, line 256]
Event: 64.837 Thread 0x0000010fe135a9f0 Exception <a 'java/lang/ClassNotFoundException'{0x0000000087ab2a88}: org/mule/extension/socket/api/exceptions/LengthExceededExceptionCustomizer> (0x0000000087ab2a88) 
thrown [s\src\hotspot\share\classfile\systemDictionary.cpp, line 256]
Event: 64.840 Thread 0x0000010fc92b6c30 Exception <a 'java/lang/ClassNotFoundException'{0x0000000087915168}: com/mulesoft/connector/snowflake/api/params/encryption/AwsSseS3AmazonS3EncryptionBeanInfo> (0x0000000087915168) 
thrown [s\src\hotspot\share\classfile\systemDictionary.cpp, line 256]
Event: 64.841 Thread 0x0000010fc92b6c30 Exception <a 'java/lang/ClassNotFoundException'{0x000000008791b260}: com/mulesoft/connector/snowflake/api/params/encryption/AwsSseS3AmazonS3EncryptionCustomizer> (0x000000008791b260) 
thrown [s\src\hotspot\share\classfile\systemDictionary.cpp, line 256]
Event: 64.847 Thread 0x0000010fc92b6c30 Exception <a 'java/lang/ClassNotFoundException'{0x0000000087965b38}: com/mulesoft/connector/snowflake/api/params/AmazonS3NoCredentialsBeanInfo> (0x0000000087965b38) 
thrown [s\src\hotspot\share\classfile\systemDictionary.cpp, line 256]
Event: 64.848 Thread 0x0000010fc92b6c30 Exception <a 'java/lang/ClassNotFoundException'{0x000000008796b668}: com/mulesoft/connector/snowflake/api/params/AmazonS3NoCredentialsCustomizer> (0x000000008796b668) 
thrown [s\src\hotspot\share\classfile\systemDictionary.cpp, line 256]
Event: 64.851 Thread 0x0000010fc92b6c30 Exception <a 'java/lang/ClassNotFoundException'{0x0000000087978578}: com/mulesoft/connector/snowflake/api/params/MicrosoftAzureNoCredentialsBeanInfo> (0x0000000087978578) 
thrown [s\src\hotspot\share\classfile\systemDictionary.cpp, line 256]
Event: 64.851 Thread 0x0000010fc92b6c30 Exception <a 'java/lang/ClassNotFoundException'{0x000000008797e250}: com/mulesoft/connector/snowflake/api/params/MicrosoftAzureNoCredentialsCustomizer> (0x000000008797e250) 
thrown [s\src\hotspot\share\classfile\systemDictionary.cpp, line 256]
Event: 64.857 Thread 0x0000010fe135a9f0 Exception <a 'java/lang/ClassNotFoundException'{0x0000000087804a90}: java/lang/ClassLoaderBeanInfo> (0x0000000087804a90) 
thrown [s\src\hotspot\share\classfile\systemDictionary.cpp, line 256]
Event: 64.858 Thread 0x0000010fe135a9f0 Exception <a 'java/lang/ClassNotFoundException'{0x000000008780d568}: java/lang/ClassLoaderCustomizer> (0x000000008780d568) 
thrown [s\src\hotspot\share\classfile\systemDictionary.cpp, line 256]
Event: 64.867 Thread 0x0000010fe135a9f0 Exception <a 'java/lang/ClassNotFoundException'{0x000000008783a028}: java/lang/PackageBeanInfo> (0x000000008783a028) 
thrown [s\src\hotspot\share\classfile\systemDictionary.cpp, line 256]
Event: 64.869 Thread 0x0000010fe135a9f0 Exception <a 'java/lang/ClassNotFoundException'{0x00000000878444a8}: java/lang/NamedPackageBeanInfo> (0x00000000878444a8) 
thrown [s\src\hotspot\share\classfile\systemDictionary.cpp, line 256]
Event: 64.871 Thread 0x0000010fe135a9f0 Exception <a 'java/lang/ClassNotFoundException'{0x000000008784ea10}: java/lang/NamedPackageCustomizer> (0x000000008784ea10) 
thrown [s\src\hotspot\share\classfile\systemDictionary.cpp, line 256]
Event: 64.875 Thread 0x0000010fe135a9f0 Exception <a 'java/lang/ClassNotFoundException'{0x00000000878597d8}: java/lang/PackageCustomizer> (0x00000000878597d8) 
thrown [s\src\hotspot\share\classfile\systemDictionary.cpp, line 256]
Event: 64.890 Thread 0x0000010fe135a9f0 Exception <a 'java/lang/ClassNotFoundException'{0x000000008787e880}: java/lang/ModuleBeanInfo> (0x000000008787e880) 
thrown [s\src\hotspot\share\classfile\systemDictionary.cpp, line 256]
Event: 64.894 Thread 0x0000010fe135a9f0 Exception <a 'java/lang/ClassNotFoundException'{0x000000008775f428}: java/lang/ModuleCustomizer> (0x000000008775f428) 
thrown [s\src\hotspot\share\classfile\systemDictionary.cpp, line 256]
Event: 64.897 Thread 0x0000010fe135a9f0 Exception <a 'java/lang/ClassNotFoundException'{0x000000008777b580}: java/lang/module/ModuleDescriptorBeanInfo> (0x000000008777b580) 
thrown [s\src\hotspot\share\classfile\systemDictionary.cpp, line 256]
Event: 64.899 Thread 0x0000010fe135a9f0 Exception <a 'java/lang/ClassNotFoundException'{0x0000000087786a90}: java/lang/module/ModuleDescriptorCustomizer> (0x0000000087786a90) 
thrown [s\src\hotspot\share\classfile\systemDictionary.cpp, line 256]
Event: 64.909 Thread 0x0000010fe135a9f0 Exception <a 'java/lang/ClassNotFoundException'{0x00000000877b4308}: java/lang/ModuleLayerBeanInfo> (0x00000000877b4308) 
thrown [s\src\hotspot\share\classfile\systemDictionary.cpp, line 256]
Event: 64.913 Thread 0x0000010fe135a9f0 Exception <a 'java/lang/ClassNotFoundException'{0x00000000877cba48}: java/lang/ModuleLayerCustomizer> (0x00000000877cba48) 
thrown [s\src\hotspot\share\classfile\systemDictionary.cpp, line 256]

VM Operations (20 events):
Event: 64.417 Executing VM operation: HandshakeAllThreads
Event: 64.417 Executing VM operation: HandshakeAllThreads done
Event: 64.453 Executing VM operation: ICBufferFull
Event: 64.454 Executing VM operation: ICBufferFull done
Event: 64.473 Executing VM operation: HandshakeAllThreads
Event: 64.474 Executing VM operation: HandshakeAllThreads done
Event: 64.500 Executing VM operation: HandshakeAllThreads
Event: 64.500 Executing VM operation: HandshakeAllThreads done
Event: 64.744 Executing VM operation: HandshakeAllThreads
Event: 64.745 Executing VM operation: HandshakeAllThreads done
Event: 64.882 Executing VM operation: HandshakeAllThreads
Event: 64.882 Executing VM operation: HandshakeAllThreads done
Event: 65.079 Executing VM operation: CollectForMetadataAllocation
Event: 65.094 Executing VM operation: CollectForMetadataAllocation done
Event: 65.106 Executing VM operation: HandshakeAllThreads
Event: 65.106 Executing VM operation: HandshakeAllThreads done
Event: 65.158 Executing VM operation: G1PauseRemark
Event: 65.168 Executing VM operation: G1PauseRemark done
Event: 65.202 Executing VM operation: G1PauseCleanup
Event: 65.203 Executing VM operation: G1PauseCleanup done

Events (20 events):
Event: 64.780 Thread 0x0000010fff5389a0 flushing nmethod 0x0000010feb106590
Event: 64.780 Thread 0x0000010fff5389a0 flushing nmethod 0x0000010feb107b10
Event: 64.781 Thread 0x0000010fff5389a0 flushing nmethod 0x0000010feb11cb10
Event: 64.781 Thread 0x0000010fff5389a0 flushing nmethod 0x0000010feb14c990
Event: 64.781 Thread 0x0000010fff5389a0 flushing nmethod 0x0000010feb153290
Event: 64.783 Thread 0x0000010fff5389a0 flushing nmethod 0x0000010feb1b1110
Event: 64.785 Thread 0x0000010fff5389a0 flushing nmethod 0x0000010feb211c90
Event: 64.785 Thread 0x0000010fff5389a0 flushing nmethod 0x0000010feb212610
Event: 64.785 Thread 0x0000010fff5389a0 flushing nmethod 0x0000010feb214f90
Event: 64.785 Thread 0x0000010fff5389a0 flushing nmethod 0x0000010feb21af10
Event: 64.785 Thread 0x0000010fff5389a0 flushing nmethod 0x0000010feb21b910
Event: 64.785 Thread 0x0000010fff5389a0 flushing nmethod 0x0000010feb21c310
Event: 64.785 Thread 0x0000010fff5389a0 flushing nmethod 0x0000010feb21cd10
Event: 64.785 Thread 0x0000010fff5389a0 flushing nmethod 0x0000010feb21e490
Event: 64.785 Thread 0x0000010fff5389a0 flushing nmethod 0x0000010feb223c90
Event: 64.785 Thread 0x0000010fff5389a0 flushing nmethod 0x0000010feb230390
Event: 64.786 Thread 0x0000010fff5389a0 flushing nmethod 0x0000010feb263290
Event: 65.196 Thread 0x0000010fcae4b040 Thread exited: 0x0000010fcae4b040
Event: 65.201 Thread 0x0000010fc8eaeea0 Thread exited: 0x0000010fc8eaeea0
Event: 65.425 Thread 0x0000010fc8fd7490 Thread added: 0x0000010fc8fd7490


Dynamic libraries:
0x00007ff6ef920000 - 0x00007ff6ef92e000 	D:\AnypointStudio-7.24.0-win64\AnypointStudio\plugins\org.mule.tooling.jdk.win32.x86_64_1.4.1\bin\java.exe
0x00007ffd235e0000 - 0x00007ffd23847000 	C:\WINDOWS\SYSTEM32\ntdll.dll
0x00007ffd220a0000 - 0x00007ffd22169000 	C:\WINDOWS\System32\KERNEL32.DLL
0x00007ffd206e0000 - 0x00007ffd20ad1000 	C:\WINDOWS\System32\KERNELBASE.dll
0x00007ffd1fec0000 - 0x00007ffd2000b000 	C:\WINDOWS\System32\ucrtbase.dll
0x00007ffd08260000 - 0x00007ffd0827b000 	D:\AnypointStudio-7.24.0-win64\AnypointStudio\plugins\org.mule.tooling.jdk.win32.x86_64_1.4.1\bin\VCRUNTIME140.dll
0x00007ffd00c90000 - 0x00007ffd00ca7000 	D:\AnypointStudio-7.24.0-win64\AnypointStudio\plugins\org.mule.tooling.jdk.win32.x86_64_1.4.1\bin\jli.dll
0x00007ffd22a50000 - 0x00007ffd22c15000 	C:\WINDOWS\System32\USER32.dll
0x00007ffd04b60000 - 0x00007ffd04df3000 	C:\WINDOWS\WinSxS\amd64_microsoft.windows.common-controls_6595b64144ccf1df_6.0.26100.7922_none_3e089e1ee3342171\COMCTL32.dll
0x00007ffd21350000 - 0x00007ffd21377000 	C:\WINDOWS\System32\win32u.dll
0x00007ffd22e90000 - 0x00007ffd22f39000 	C:\WINDOWS\System32\msvcrt.dll
0x00007ffd22630000 - 0x00007ffd2265b000 	C:\WINDOWS\System32\GDI32.dll
0x00007ffd20010000 - 0x00007ffd2013a000 	C:\WINDOWS\System32\gdi32full.dll
0x00007ffd20140000 - 0x00007ffd201e3000 	C:\WINDOWS\System32\msvcp_win.dll
0x00007ffd22170000 - 0x00007ffd221a1000 	C:\WINDOWS\System32\IMM32.DLL
0x00007ffd191b0000 - 0x00007ffd191bc000 	D:\AnypointStudio-7.24.0-win64\AnypointStudio\plugins\org.mule.tooling.jdk.win32.x86_64_1.4.1\bin\vcruntime140_1.dll
0x00007ffcd5640000 - 0x00007ffcd56cd000 	D:\AnypointStudio-7.24.0-win64\AnypointStudio\plugins\org.mule.tooling.jdk.win32.x86_64_1.4.1\bin\msvcp140.dll
0x00007ffc660c0000 - 0x00007ffc66d2a000 	D:\AnypointStudio-7.24.0-win64\AnypointStudio\plugins\org.mule.tooling.jdk.win32.x86_64_1.4.1\bin\server\jvm.dll
0x00007ffd22970000 - 0x00007ffd22a2b000 	C:\WINDOWS\System32\ADVAPI32.dll
0x00007ffd22580000 - 0x00007ffd22627000 	C:\WINDOWS\System32\sechost.dll
0x00007ffd21f00000 - 0x00007ffd22018000 	C:\WINDOWS\System32\RPCRT4.dll
0x00007ffd22e10000 - 0x00007ffd22e84000 	C:\WINDOWS\System32\WS2_32.dll
0x00007ffd1fd20000 - 0x00007ffd1fd7e000 	C:\WINDOWS\SYSTEM32\POWRPROF.dll
0x00007ffd05030000 - 0x00007ffd05065000 	C:\WINDOWS\SYSTEM32\WINMM.dll
0x00007ffd18600000 - 0x00007ffd1860b000 	C:\WINDOWS\SYSTEM32\VERSION.dll
0x00007ffd1fd00000 - 0x00007ffd1fd14000 	C:\WINDOWS\SYSTEM32\UMPDC.dll
0x00007ffd1ec10000 - 0x00007ffd1ec2b000 	C:\WINDOWS\SYSTEM32\kernel.appcore.dll
0x00007ffd0c3a0000 - 0x00007ffd0c3aa000 	D:\AnypointStudio-7.24.0-win64\AnypointStudio\plugins\org.mule.tooling.jdk.win32.x86_64_1.4.1\bin\jimage.dll
0x00007ffd1da00000 - 0x00007ffd1dc42000 	C:\WINDOWS\SYSTEM32\DBGHELP.DLL
0x00007ffd21380000 - 0x00007ffd21702000 	C:\WINDOWS\System32\combase.dll
0x00007ffd22c20000 - 0x00007ffd22cf7000 	C:\WINDOWS\System32\OLEAUT32.dll
0x00007ffd01e70000 - 0x00007ffd01eab000 	C:\WINDOWS\SYSTEM32\dbgcore.DLL
0x00007ffd20630000 - 0x00007ffd206d5000 	C:\WINDOWS\System32\bcryptPrimitives.dll
0x00007ffce07d0000 - 0x00007ffce07f5000 	D:\AnypointStudio-7.24.0-win64\AnypointStudio\plugins\org.mule.tooling.jdk.win32.x86_64_1.4.1\bin\java.dll
0x00007ffcd26a0000 - 0x00007ffcd2777000 	D:\AnypointStudio-7.24.0-win64\AnypointStudio\plugins\org.mule.tooling.jdk.win32.x86_64_1.4.1\bin\jsvml.dll
0x00007ffd21790000 - 0x00007ffd21eef000 	C:\WINDOWS\System32\SHELL32.dll
0x00007ffd202b0000 - 0x00007ffd2041a000 	C:\WINDOWS\System32\wintypes.dll
0x00007ffd20ae0000 - 0x00007ffd21344000 	C:\WINDOWS\System32\windows.storage.dll
0x00007ffd22d10000 - 0x00007ffd22e07000 	C:\WINDOWS\System32\SHCORE.dll
0x00007ffd223a0000 - 0x00007ffd22407000 	C:\WINDOWS\System32\shlwapi.dll
0x00007ffd1fde0000 - 0x00007ffd1fe09000 	C:\WINDOWS\SYSTEM32\profapi.dll
0x00007ffcfd520000 - 0x00007ffcfd539000 	D:\AnypointStudio-7.24.0-win64\AnypointStudio\plugins\org.mule.tooling.jdk.win32.x86_64_1.4.1\bin\net.dll
0x00007ffd0f900000 - 0x00007ffd0fa27000 	C:\WINDOWS\SYSTEM32\WINHTTP.dll
0x00007ffd1f160000 - 0x00007ffd1f1cb000 	C:\WINDOWS\system32\mswsock.dll
0x00007ffcf1c90000 - 0x00007ffcf1ca6000 	D:\AnypointStudio-7.24.0-win64\AnypointStudio\plugins\org.mule.tooling.jdk.win32.x86_64_1.4.1\bin\nio.dll
0x00007ffcec9c0000 - 0x00007ffcec9d8000 	D:\AnypointStudio-7.24.0-win64\AnypointStudio\plugins\org.mule.tooling.jdk.win32.x86_64_1.4.1\bin\zip.dll
0x00007ffceaab0000 - 0x00007ffceaad4000 	D:\apache-maven-3.9.12-bin\apache-maven-3.9.12\lib\jansi-native\Windows\x86_64\jansi.dll
0x00007ffd1af30000 - 0x00007ffd1af40000 	D:\AnypointStudio-7.24.0-win64\AnypointStudio\plugins\org.mule.tooling.jdk.win32.x86_64_1.4.1\bin\verify.dll
0x00007ffd1ed30000 - 0x00007ffd1ed66000 	C:\WINDOWS\SYSTEM32\ntmarta.dll
0x00007ffd1f560000 - 0x00007ffd1f57b000 	C:\WINDOWS\SYSTEM32\CRYPTSP.dll
0x00007ffd1eb70000 - 0x00007ffd1eba9000 	C:\WINDOWS\system32\rsaenh.dll
0x00007ffd1f210000 - 0x00007ffd1f242000 	C:\WINDOWS\SYSTEM32\USERENV.dll
0x00007ffd1fdb0000 - 0x00007ffd1fdda000 	C:\WINDOWS\SYSTEM32\bcrypt.dll
0x00007ffd1f3c0000 - 0x00007ffd1f3cc000 	C:\WINDOWS\SYSTEM32\CRYPTBASE.dll
0x00007ffd1e570000 - 0x00007ffd1e5a3000 	C:\WINDOWS\SYSTEM32\IPHLPAPI.DLL
0x00007ffd22a40000 - 0x00007ffd22a4a000 	C:\WINDOWS\System32\NSI.dll
0x00007ffd16da0000 - 0x00007ffd16dbd000 	C:\WINDOWS\SYSTEM32\dhcpcsvc6.DLL
0x00007ffd13040000 - 0x00007ffd13063000 	C:\WINDOWS\SYSTEM32\dhcpcsvc.DLL
0x00007ffd1e6f0000 - 0x00007ffd1e81a000 	C:\WINDOWS\SYSTEM32\DNSAPI.dll

dbghelp: loaded successfully - version: 4.0.5 - missing functions: none
symbol engine: initialized successfully - sym options: 0x614 - pdb path: .;D:\AnypointStudio-7.24.0-win64\AnypointStudio\plugins\org.mule.tooling.jdk.win32.x86_64_1.4.1\bin;C:\WINDOWS\SYSTEM32;C:\WINDOWS\WinSxS\amd64_microsoft.windows.common-controls_6595b64144ccf1df_6.0.26100.7922_none_3e089e1ee3342171;D:\AnypointStudio-7.24.0-win64\AnypointStudio\plugins\org.mule.tooling.jdk.win32.x86_64_1.4.1\bin\server;D:\apache-maven-3.9.12-bin\apache-maven-3.9.12\lib\jansi-native\Windows\x86_64

VM Arguments:
jvm_args: --enable-native-access=ALL-UNNAMED -Dclassworlds.conf=D:\apache-maven-3.9.12-bin\apache-maven-3.9.12\bin\m2.conf -Dmaven.home=D:\apache-maven-3.9.12-bin\apache-maven-3.9.12 -Dlibrary.jansi.path=D:\apache-maven-3.9.12-bin\apache-maven-3.9.12\lib\jansi-native -Dmaven.multiModuleProjectDirectory=E:\Work-Space_Anypoint\workspace0003\vitech-bank-customer-check-balance 
java_command: org.codehaus.plexus.classworlds.launcher.Launcher clean package -nsu -DskipMunitTests -Dmaven.repo.local=C:\Users\BHARAT\.m2\repository --global-settings D:\apache-maven-3.9.12-bin\apache-maven-3.9.12\conf\settings.xml --settings C:\Users\BHARAT\AppData\Local\Temp\settings-temp-directory\1ce8cba9-567c-4922-94b1-1abb14050b03.xml
java_class_path (initial): D:\apache-maven-3.9.12-bin\apache-maven-3.9.12\boot\plexus-classworlds-2.9.0.jar
Launcher Type: SUN_STANDARD

[Global flags]
     intx CICompilerCount                          = 4                                         {product} {ergonomic}
     uint ConcGCThreads                            = 2                                         {product} {ergonomic}
     uint G1ConcRefinementThreads                  = 8                                         {product} {ergonomic}
   size_t G1HeapRegionSize                         = 1048576                                   {product} {ergonomic}
    uintx GCDrainStackTargetSize                   = 64                                        {product} {ergonomic}
   size_t InitialHeapSize                          = 132120576                                 {product} {ergonomic}
   size_t MarkStackSize                            = 4194304                                   {product} {ergonomic}
   size_t MaxHeapSize                              = 2107637760                                {product} {ergonomic}
   size_t MaxNewSize                               = 1264582656                                {product} {ergonomic}
   size_t MinHeapDeltaBytes                        = 1048576                                   {product} {ergonomic}
   size_t MinHeapSize                              = 8388608                                   {product} {ergonomic}
    uintx NonNMethodCodeHeapSize                   = 5839372                                {pd product} {ergonomic}
    uintx NonProfiledCodeHeapSize                  = 122909434                              {pd product} {ergonomic}
    uintx ProfiledCodeHeapSize                     = 122909434                              {pd product} {ergonomic}
    uintx ReservedCodeCacheSize                    = 251658240                              {pd product} {ergonomic}
     bool SegmentedCodeCache                       = true                                      {product} {ergonomic}
   size_t SoftMaxHeapSize                          = 2107637760                             {manageable} {ergonomic}
     bool UseCompressedClassPointers               = true                           {product lp64_product} {ergonomic}
     bool UseCompressedOops                        = true                           {product lp64_product} {ergonomic}
     bool UseG1GC                                  = true                                      {product} {ergonomic}
     bool UseLargePagesIndividualAllocation        = false                                  {pd product} {ergonomic}

Logging:
Log output configuration:
 #0: stdout all=warning uptime,level,tags
 #1: stderr all=off uptime,level,tags

Environment Variables:
JAVA_HOME=D:\AnypointStudio-7.24.0-win64\AnypointStudio\plugins\org.mule.tooling.jdk.win32.x86_64_1.4.1
PATH=C:\Python314\Scripts\;C:\Python314\;C:\Program Files (x86)\Common Files\Oracle\Java\javapath;C:\Program Files\Common Files\Oracle\Java\javapath;C:\app\BHARAT\product\21c\dbhomeXE\bin;C:\Python312\Scripts\;C:\Python312\;C:\Windows\System32;C:\ProgramData\chocolatey\bin;C:\WINDOWS\system32;C:\WINDOWS;C:\WINDOWS\System32\Wbem;C:\WINDOWS\System32\WindowsPowerShell\v1.0\;C:\WINDOWS\System32\OpenSSH\;D:\apache-maven-3.9.12-bin\apache-maven-3.9.12\bin;C:\Java\jdk-17\bin;C:\Java\jdk-17\bin;D:\Full-stackDeveloper\Git\Git\cmd;C:\Program Files\Docker\Docker\resources\bin;C:\Program Files\Amazon\AWSCLIV2\;C:\Program Files\nodejs\;C:\Program Files\sf\bin;C:\Program Files (x86)\sf\bin;C:\Users\BHARAT\AppData\Local\Programs\Python\Python312\Scripts\;C:\Users\BHARAT\AppData\Local\Programs\Python\Python312\;C:\Users\BHARAT\AppData\Local\Programs\Python\Launcher\;C:\Users\BHARAT\AppData\Local\Programs\Python\Python313\Scripts\;C:\Users\BHARAT\AppData\Local\Programs\Python\Python313\;C:\Program Files\MySQL\MySQL Shell 8.0\bin\;C:\Users\BHARAT\.console-ninja\.bin;C:\Users\BHARAT\AppData\Local\Microsoft\WindowsApps;C:\Users\BHARAT\vs-Code\install\Microsoft VS Code\bin;C:\Users\BHARAT\AppData\Local\Programs\Microsoft VS Code\bin;C:\Users\BHARAT\AppData\Local\Microsoft\WinGet\Packages\Schniz.fnm_Microsoft.Winget.Source_8wekyb3d8bbwe;E:\Mule-Soft\Studio-Extension\mongo-db\mongosh-2.3.2-win32-x64\bin;C:\Users\BHARAT\AppData\Local\Microsoft\WindowsApps;E:\Mule-Soft\Apache\apache-maven-3.8.8\apache-maven-3.8.8\bin;C:\Users\BHARAT\AppData\Local\GitHubDesktop\bin;C:\mongosh\;C:\IntelliJ IDEA Community Edition 2025.1.1.1\bin;C:\Users\BHARAT\AppData\Roaming\npm
USERNAME=BHARAT
OS=Windows_NT
PROCESSOR_IDENTIFIER=Intel64 Family 6 Model 142 Stepping 10, GenuineIntel
TMP=C:\Users\BHARAT\AppData\Local\Temp
TEMP=C:\Users\BHARAT\AppData\Local\Temp



Periodic native trim disabled


---------------  S Y S T E M  ---------------

OS:
 Windows 11 , 64 bit Build 26100 (10.0.26100.7920)
OS uptime: 5 days 2:10 hours
Hyper-V role detected

CPU: total 8 (initial active 8) (4 cores per cpu, 2 threads per core) family 6 model 142 stepping 10 microcode 0xf6, cx8, cmov, fxsr, ht, mmx, 3dnowpref, sse, sse2, sse3, ssse3, sse4.1, sse4.2, popcnt, lzcnt, tsc, tscinvbit, avx, avx2, aes, erms, clmul, bmi1, bmi2, rtm, adx, fma, vzeroupper, clflush, clflushopt, hv
Processor Information for processor 0
  Max Mhz: 1896, Current Mhz: 1696, Mhz Limit: 1687
Processor Information for processor 1
  Max Mhz: 1896, Current Mhz: 1696, Mhz Limit: 1687
Processor Information for processor 2
  Max Mhz: 1896, Current Mhz: 1496, Mhz Limit: 1687
Processor Information for processor 3
  Max Mhz: 1896, Current Mhz: 1496, Mhz Limit: 1687
Processor Information for processor 4
  Max Mhz: 1896, Current Mhz: 1696, Mhz Limit: 1687
Processor Information for processor 5
  Max Mhz: 1896, Current Mhz: 1496, Mhz Limit: 1687
Processor Information for processor 6
  Max Mhz: 1896, Current Mhz: 1696, Mhz Limit: 1687
Processor Information for processor 7
  Max Mhz: 1896, Current Mhz: 1496, Mhz Limit: 1687

Memory: 4k page, system-wide physical 8035M (617M free)
TotalPageFile size 28315M (AvailPageFile size 15M)
current process WorkingSet (physical memory assigned to process): 299M, peak: 307M
current process commit charge ("private bytes"): 348M, peak: 358M

vm_info: OpenJDK 64-Bit Server VM (17.0.12+7) for windows-amd64 JRE (17.0.12+7), built on Jul 16 2024 22:08:24 by "admin" with MS VC++ 16.10 / 16.11 (VS2019)

END.
