#
# There is insufficient memory for the Java Runtime Environment to continue.
# Native memory allocation (mmap) failed to map 145752064 bytes. Error detail: G1 virtual space
# Possible reasons:
#   The system is out of physical RAM or swap space
#   This process is running with CompressedOops enabled, and the Java Heap may be blocking the growth of the native heap
# Possible solutions:
#   Reduce memory load on the system
#   Increase physical memory or swap space
#   Check if swap backing store is full
#   Decrease Java heap size (-Xmx/-Xms)
#   Decrease number of Java threads
#   Decrease Java thread stack sizes (-Xss)
#   Set larger code cache with -XX:ReservedCodeCacheSize=
#   JVM is running with Unscaled Compressed Oops mode in which the Java heap is
#     placed in the first 4GB address space. The Java Heap base address is the
#     maximum limit for the native heap growth. Please use -XX:HeapBaseMinAddress
#     to set the Java Heap base and to place the Java Heap above 4GB virtual address.
# This output file may be truncated or incomplete.
#
#  Out of Memory Error (os_windows.cpp:3613), pid=55016, tid=56460
#
# JRE version: OpenJDK Runtime Environment Temurin-17.0.12+7 (17.0.12+7) (build 17.0.12+7)
# Java VM: OpenJDK 64-Bit Server VM Temurin-17.0.12+7 (17.0.12+7, mixed mode, sharing, tiered, compressed oops, compressed class ptrs, g1 gc, windows-amd64)
# No core dump will be written. Minidumps are not enabled by default on client versions of Windows
#

---------------  S U M M A R Y ------------

Command Line: --enable-native-access=ALL-UNNAMED -Dclassworlds.conf=D:\apache-maven-3.9.12-bin\apache-maven-3.9.12\bin\m2.conf -Dmaven.home=D:\apache-maven-3.9.12-bin\apache-maven-3.9.12 -Dlibrary.jansi.path=D:\apache-maven-3.9.12-bin\apache-maven-3.9.12\lib\jansi-native -Dmaven.multiModuleProjectDirectory=E:\Work-Space_Anypoint\workspace0003\vitech-bank-cust-acct-lockunlock org.codehaus.plexus.classworlds.launcher.Launcher process-classes -nsu -DskipMunitTests -Dmaven.repo.local=C:\Users\BHARAT\.m2\repository --global-settings D:\apache-maven-3.9.12-bin\apache-maven-3.9.12\conf\settings.xml --settings C:\Users\BHARAT\AppData\Local\Temp\settings-temp-directory\7e68c835-a1c8-4dbe-b68c-214d5879f4d0.xml

Host: Intel(R) Core(TM) i5-8350U CPU @ 1.70GHz, 8 cores, 7G,  Windows 11 , 64 bit Build 26100 (10.0.26100.7920)
Time: Thu Mar 12 20:45:59 2026 India Standard Time elapsed time: 19.618901 seconds (0d 0h 0m 19s)

---------------  T H R E A D  ---------------

Current thread (0x0000025b50d43da0):  VMThread "VM Thread" [stack: 0x000000720b000000,0x000000720b100000] [id=56460]

Stack: [0x000000720b000000,0x000000720b100000]
Native frames: (J=compiled Java code, j=interpreted, Vv=VM code, C=native code)
V  [jvm.dll+0x67f929]
V  [jvm.dll+0x8371ba]
V  [jvm.dll+0x838c7e]
V  [jvm.dll+0x8392e3]
V  [jvm.dll+0x24834f]
V  [jvm.dll+0x67c6e9]
V  [jvm.dll+0x6711aa]
V  [jvm.dll+0x307f7b]
V  [jvm.dll+0x30f476]
V  [jvm.dll+0x35f63e]
V  [jvm.dll+0x35f87f]
V  [jvm.dll+0x2def9c]
V  [jvm.dll+0x2dd35f]
V  [jvm.dll+0x2dca8c]
V  [jvm.dll+0x32015b]
V  [jvm.dll+0x83d7dd]
V  [jvm.dll+0x83e522]
V  [jvm.dll+0x83ea4f]
V  [jvm.dll+0x83ee34]
V  [jvm.dll+0x83ef00]
V  [jvm.dll+0x7e65dc]
V  [jvm.dll+0x67e7f7]
C  [ucrtbase.dll+0x37b0]
C  [KERNEL32.DLL+0x2e8d7]
C  [ntdll.dll+0x8c48c]

VM_Operation (0x000000720aafce50): G1CollectForAllocation, mode: safepoint, requested by thread 0x0000025b329f88a0


---------------  P R O C E S S  ---------------

Threads class SMR info:
_java_thread_list=0x0000025b97f92b10, length=16, elements={
0x0000025b329f88a0, 0x0000025b50d49770, 0x0000025b50d4a240, 0x0000025b50d636a0,
0x0000025b50d67f80, 0x0000025b50d68850, 0x0000025b50d69120, 0x0000025b50d6cd40,
0x0000025b50d817c0, 0x0000025b50d81ce0, 0x0000025b9610f380, 0x0000025b96113cd0,
0x0000025b9626eb10, 0x0000025b9775cd20, 0x0000025b98b0b300, 0x0000025b983a0900
}

Java Threads: ( => current thread )
  0x0000025b329f88a0 JavaThread "main" [_thread_blocked, id=40060, stack(0x000000720aa00000,0x000000720ab00000)]
  0x0000025b50d49770 JavaThread "Reference Handler" daemon [_thread_blocked, id=41524, stack(0x000000720b100000,0x000000720b200000)]
  0x0000025b50d4a240 JavaThread "Finalizer" daemon [_thread_blocked, id=31204, stack(0x000000720b200000,0x000000720b300000)]
  0x0000025b50d636a0 JavaThread "Signal Dispatcher" daemon [_thread_blocked, id=37236, stack(0x000000720b300000,0x000000720b400000)]
  0x0000025b50d67f80 JavaThread "Attach Listener" daemon [_thread_blocked, id=82516, stack(0x000000720b400000,0x000000720b500000)]
  0x0000025b50d68850 JavaThread "Service Thread" daemon [_thread_blocked, id=5532, stack(0x000000720b500000,0x000000720b600000)]
  0x0000025b50d69120 JavaThread "Monitor Deflation Thread" daemon [_thread_blocked, id=22164, stack(0x000000720b600000,0x000000720b700000)]
  0x0000025b50d6cd40 JavaThread "C2 CompilerThread0" daemon [_thread_blocked, id=75636, stack(0x000000720b700000,0x000000720b800000)]
  0x0000025b50d817c0 JavaThread "C1 CompilerThread0" daemon [_thread_blocked, id=79040, stack(0x000000720b800000,0x000000720b900000)]
  0x0000025b50d81ce0 JavaThread "Sweeper thread" daemon [_thread_blocked, id=40200, stack(0x000000720b900000,0x000000720ba00000)]
  0x0000025b9610f380 JavaThread "Notification Thread" daemon [_thread_blocked, id=7600, stack(0x000000720ba00000,0x000000720bb00000)]
  0x0000025b96113cd0 JavaThread "Common-Cleaner" daemon [_thread_blocked, id=37116, stack(0x000000720bc00000,0x000000720bd00000)]
  0x0000025b9626eb10 JavaThread "Thread-1" daemon [_thread_blocked, id=29548, stack(0x000000720c500000,0x000000720c600000)]
  0x0000025b9775cd20 JavaThread "C2 CompilerThread1" daemon [_thread_blocked, id=25492, stack(0x000000720c400000,0x000000720c500000)]
  0x0000025b98b0b300 JavaThread "C2 CompilerThread2" daemon [_thread_blocked, id=17180, stack(0x000000720c600000,0x000000720c700000)]
  0x0000025b983a0900 JavaThread "ForkJoinPool.commonPool-worker-1" daemon [_thread_blocked, id=61204, stack(0x000000720cd00000,0x000000720ce00000)]

Other Threads:
=>0x0000025b50d43da0 VMThread "VM Thread" [stack: 0x000000720b000000,0x000000720b100000] [id=56460]
  0x0000025b9610f860 WatcherThread [stack: 0x000000720bb00000,0x000000720bc00000] [id=844]
  0x0000025b32a56490 GCTaskThread "GC Thread#0" [stack: 0x000000720ab00000,0x000000720ac00000] [id=65904]
  0x0000025b96993c80 GCTaskThread "GC Thread#1" [stack: 0x000000720bd00000,0x000000720be00000] [id=68028]
  0x0000025b96993f40 GCTaskThread "GC Thread#2" [stack: 0x000000720be00000,0x000000720bf00000] [id=62068]
  0x0000025b965c20e0 GCTaskThread "GC Thread#3" [stack: 0x000000720bf00000,0x000000720c000000] [id=83704]
  0x0000025b969bf570 GCTaskThread "GC Thread#4" [stack: 0x000000720c000000,0x000000720c100000] [id=31404]
  0x0000025b969bf830 GCTaskThread "GC Thread#5" [stack: 0x000000720c100000,0x000000720c200000] [id=2612]
  0x0000025b969927c0 GCTaskThread "GC Thread#6" [stack: 0x000000720c200000,0x000000720c300000] [id=78764]
  0x0000025b96afffd0 GCTaskThread "GC Thread#7" [stack: 0x000000720c300000,0x000000720c400000] [id=79816]
  0x0000025b32a68b10 ConcurrentGCThread "G1 Main Marker" [stack: 0x000000720ac00000,0x000000720ad00000] [id=66888]
  0x0000025b32a69be0 ConcurrentGCThread "G1 Conc#0" [stack: 0x000000720ad00000,0x000000720ae00000] [id=33428]
  0x0000025b995ca830 ConcurrentGCThread "G1 Conc#1" [stack: 0x000000720c700000,0x000000720c800000] [id=58248]
  0x0000025b32aae500 ConcurrentGCThread "G1 Refine#0" [stack: 0x000000720ae00000,0x000000720af00000] [id=10460]
  0x0000025b50bf7500 ConcurrentGCThread "G1 Service" [stack: 0x000000720af00000,0x000000720b000000] [id=75328]

Threads with active compile tasks:
C2 CompilerThread0    19689 5813       4       org.eclipse.aether.util.graph.transformer.ConflictResolver::gatherConflictItems (111 bytes)
C2 CompilerThread1    19689 5631   !   4       org.codehaus.plexus.interpolation.StringSearchInterpolator::interpolate (692 bytes)
C2 CompilerThread2    19689 5645       4       org.codehaus.plexus.util.xml.Xpp3DomBuilder::build (413 bytes)

VM state: at safepoint (normal execution)

VM Mutex/Monitor currently owned by a thread:  ([mutex/lock_event])
[0x0000025b3093a640] Threads_lock - owner thread: 0x0000025b50d43da0
[0x0000025b3093b8d0] Heap_lock - owner thread: 0x0000025b329f88a0

Heap address: 0x0000000082600000, size: 2010 MB, Compressed Oops mode: 32-bit

CDS archive(s) mapped at: [0x0000025b51000000-0x0000025b51bb0000-0x0000025b51bb0000), size 12255232, SharedBaseAddress: 0x0000025b51000000, ArchiveRelocationMode: 1.
Compressed class space mapped at: 0x0000025b52000000-0x0000025b92000000, reserved size: 1073741824
Narrow klass base: 0x0000025b51000000, Narrow klass shift: 0, Narrow klass range: 0x100000000

GC Precious Log:
 CPUs: 8 total, 8 available
 Memory: 8035M
 Large Page Support: Disabled
 NUMA Support: Disabled
 Compressed Oops: Enabled (32-bit)
 Heap Region Size: 1M
 Heap Min Capacity: 8M
 Heap Initial Capacity: 126M
 Heap Max Capacity: 2010M
 Pre-touch: Disabled
 Parallel Workers: 8
 Concurrent Workers: 2
 Concurrent Refinement Workers: 8
 Periodic GC: Disabled

Heap:
 garbage-first heap   total 129024K, used 35274K [0x0000000082600000, 0x0000000100000000)
  region size 1024K, 3 young (3072K), 3 survivors (3072K)
 Metaspace       used 21498K, committed 21824K, reserved 1114112K
  class space    used 2589K, committed 2752K, reserved 1048576K

Heap Regions: E=young(eden), S=young(survivor), O=old, HS=humongous(starts), HC=humongous(continues), CS=collection set, F=free, OA=open archive, CA=closed archive, TAMS=top-at-mark-start (previous, next)
|   0|0x0000000082600000, 0x0000000082700000, 0x0000000082700000|100%| O|  |TAMS 0x0000000082700000, 0x0000000082600000| Untracked 
|   1|0x0000000082700000, 0x0000000082800000, 0x0000000082800000|100%| O|  |TAMS 0x0000000082800000, 0x0000000082700000| Untracked 
|   2|0x0000000082800000, 0x0000000082900000, 0x0000000082900000|100%| O|  |TAMS 0x0000000082900000, 0x0000000082800000| Untracked 
|   3|0x0000000082900000, 0x0000000082a00000, 0x0000000082a00000|100%| O|  |TAMS 0x0000000082a00000, 0x0000000082900000| Untracked 
|   4|0x0000000082a00000, 0x0000000082b00000, 0x0000000082b00000|100%| O|  |TAMS 0x0000000082b00000, 0x0000000082a00000| Untracked 
|   5|0x0000000082b00000, 0x0000000082c00000, 0x0000000082c00000|100%| O|  |TAMS 0x0000000082c00000, 0x0000000082b00000| Untracked 
|   6|0x0000000082c00000, 0x0000000082d00000, 0x0000000082d00000|100%| O|  |TAMS 0x0000000082d00000, 0x0000000082c00000| Untracked 
|   7|0x0000000082d00000, 0x0000000082e00000, 0x0000000082e00000|100%| O|  |TAMS 0x0000000082e00000, 0x0000000082d00000| Untracked 
|   8|0x0000000082e00000, 0x0000000082f00000, 0x0000000082f00000|100%| O|  |TAMS 0x0000000082f00000, 0x0000000082e00000| Untracked 
|   9|0x0000000082f00000, 0x0000000083000000, 0x0000000083000000|100%| O|  |TAMS 0x0000000083000000, 0x0000000082f00000| Untracked 
|  10|0x0000000083000000, 0x0000000083100000, 0x0000000083100000|100%| O|  |TAMS 0x0000000083100000, 0x0000000083000000| Untracked 
|  11|0x0000000083100000, 0x0000000083200000, 0x0000000083200000|100%| O|  |TAMS 0x0000000083200000, 0x0000000083100000| Untracked 
|  12|0x0000000083200000, 0x0000000083300000, 0x0000000083300000|100%| O|  |TAMS 0x0000000083300000, 0x0000000083200000| Untracked 
|  13|0x0000000083300000, 0x0000000083400000, 0x0000000083400000|100%| O|  |TAMS 0x0000000083400000, 0x0000000083300000| Untracked 
|  14|0x0000000083400000, 0x0000000083500000, 0x0000000083500000|100%| O|  |TAMS 0x0000000083500000, 0x0000000083400000| Untracked 
|  15|0x0000000083500000, 0x0000000083600000, 0x0000000083600000|100%| O|  |TAMS 0x0000000083600000, 0x0000000083500000| Untracked 
|  16|0x0000000083600000, 0x0000000083700000, 0x0000000083700000|100%| O|  |TAMS 0x0000000083700000, 0x0000000083600000| Untracked 
|  17|0x0000000083700000, 0x0000000083800000, 0x0000000083800000|100%| O|  |TAMS 0x0000000083800000, 0x0000000083700000| Untracked 
|  18|0x0000000083800000, 0x0000000083800000, 0x0000000083900000|  0%| F|  |TAMS 0x0000000083800000, 0x0000000083800000| Untracked 
|  19|0x0000000083900000, 0x0000000083a00000, 0x0000000083a00000|100%| O|  |TAMS 0x0000000083900000, 0x0000000083900000| Untracked 
|  20|0x0000000083a00000, 0x0000000083b00000, 0x0000000083b00000|100%| O|  |TAMS 0x0000000083a00000, 0x0000000083a00000| Untracked 
|  21|0x0000000083b00000, 0x0000000083c00000, 0x0000000083c00000|100%| O|  |TAMS 0x0000000083b00000, 0x0000000083b00000| Untracked 
|  22|0x0000000083c00000, 0x0000000083d00000, 0x0000000083d00000|100%| O|  |TAMS 0x0000000083c00000, 0x0000000083c00000| Untracked 
|  23|0x0000000083d00000, 0x0000000083e00000, 0x0000000083e00000|100%| O|  |TAMS 0x0000000083d00000, 0x0000000083d00000| Untracked 
|  24|0x0000000083e00000, 0x0000000083f00000, 0x0000000083f00000|100%| O|  |TAMS 0x0000000083e00000, 0x0000000083e00000| Untracked 
|  25|0x0000000083f00000, 0x0000000084000000, 0x0000000084000000|100%| O|  |TAMS 0x0000000083f00000, 0x0000000083f00000| Untracked 
|  26|0x0000000084000000, 0x0000000084100000, 0x0000000084100000|100%| O|  |TAMS 0x0000000084000000, 0x0000000084000000| Untracked 
|  27|0x0000000084100000, 0x0000000084200000, 0x0000000084200000|100%| O|  |TAMS 0x0000000084100000, 0x0000000084100000| Untracked 
|  28|0x0000000084200000, 0x0000000084252a00, 0x0000000084300000| 32%| O|  |TAMS 0x0000000084200000, 0x0000000084200000| Untracked 
|  29|0x0000000084300000, 0x0000000084400000, 0x0000000084400000|100%|HS|  |TAMS 0x0000000084300000, 0x0000000084300000| Complete 
|  30|0x0000000084400000, 0x0000000084500000, 0x0000000084500000|100%|HC|  |TAMS 0x0000000084400000, 0x0000000084400000| Complete 
|  31|0x0000000084500000, 0x0000000084600000, 0x0000000084600000|100%|HC|  |TAMS 0x0000000084500000, 0x0000000084500000| Complete 
|  32|0x0000000084600000, 0x0000000084700000, 0x0000000084700000|100%|HC|  |TAMS 0x0000000084600000, 0x0000000084600000| Complete 
|  33|0x0000000084700000, 0x0000000084800000, 0x0000000084800000|100%|HC|  |TAMS 0x0000000084700000, 0x0000000084700000| Complete 
|  34|0x0000000084800000, 0x0000000084800000, 0x0000000084900000|  0%| F|  |TAMS 0x0000000084800000, 0x0000000084800000| Untracked 
|  35|0x0000000084900000, 0x0000000084900000, 0x0000000084a00000|  0%| F|  |TAMS 0x0000000084900000, 0x0000000084900000| Untracked 
|  36|0x0000000084a00000, 0x0000000084a00000, 0x0000000084b00000|  0%| F|  |TAMS 0x0000000084a00000, 0x0000000084a00000| Untracked 
|  37|0x0000000084b00000, 0x0000000084b00000, 0x0000000084c00000|  0%| F|  |TAMS 0x0000000084b00000, 0x0000000084b00000| Untracked 
|  38|0x0000000084c00000, 0x0000000084c00000, 0x0000000084d00000|  0%| F|  |TAMS 0x0000000084c00000, 0x0000000084c00000| Untracked 
|  39|0x0000000084d00000, 0x0000000084d00000, 0x0000000084e00000|  0%| F|  |TAMS 0x0000000084d00000, 0x0000000084d00000| Untracked 
|  40|0x0000000084e00000, 0x0000000084e00000, 0x0000000084f00000|  0%| F|  |TAMS 0x0000000084e00000, 0x0000000084e00000| Untracked 
|  41|0x0000000084f00000, 0x0000000084f00000, 0x0000000085000000|  0%| F|  |TAMS 0x0000000084f00000, 0x0000000084f00000| Untracked 
|  42|0x0000000085000000, 0x0000000085000000, 0x0000000085100000|  0%| F|  |TAMS 0x0000000085000000, 0x0000000085000000| Untracked 
|  43|0x0000000085100000, 0x0000000085100000, 0x0000000085200000|  0%| F|  |TAMS 0x0000000085100000, 0x0000000085100000| Untracked 
|  44|0x0000000085200000, 0x0000000085200000, 0x0000000085300000|  0%| F|  |TAMS 0x0000000085200000, 0x0000000085200000| Untracked 
|  45|0x0000000085300000, 0x0000000085300000, 0x0000000085400000|  0%| F|  |TAMS 0x0000000085300000, 0x0000000085300000| Untracked 
|  46|0x0000000085400000, 0x0000000085400000, 0x0000000085500000|  0%| F|  |TAMS 0x0000000085400000, 0x0000000085400000| Untracked 
|  47|0x0000000085500000, 0x000000008551fea8, 0x0000000085600000| 12%| S|CS|TAMS 0x0000000085500000, 0x0000000085500000| Complete 
|  48|0x0000000085600000, 0x0000000085700000, 0x0000000085700000|100%| S|CS|TAMS 0x0000000085600000, 0x0000000085600000| Complete 
|  49|0x0000000085700000, 0x0000000085800000, 0x0000000085800000|100%| S|CS|TAMS 0x0000000085700000, 0x0000000085700000| Complete 
|  50|0x0000000085800000, 0x0000000085800000, 0x0000000085900000|  0%| F|  |TAMS 0x0000000085800000, 0x0000000085800000| Untracked 
|  51|0x0000000085900000, 0x0000000085900000, 0x0000000085a00000|  0%| F|  |TAMS 0x0000000085900000, 0x0000000085900000| Untracked 
|  52|0x0000000085a00000, 0x0000000085a00000, 0x0000000085b00000|  0%| F|  |TAMS 0x0000000085a00000, 0x0000000085a00000| Untracked 
|  53|0x0000000085b00000, 0x0000000085b00000, 0x0000000085c00000|  0%| F|  |TAMS 0x0000000085b00000, 0x0000000085b00000| Untracked 
|  54|0x0000000085c00000, 0x0000000085c00000, 0x0000000085d00000|  0%| F|  |TAMS 0x0000000085c00000, 0x0000000085c00000| Untracked 
|  55|0x0000000085d00000, 0x0000000085d00000, 0x0000000085e00000|  0%| F|  |TAMS 0x0000000085d00000, 0x0000000085d00000| Untracked 
|  56|0x0000000085e00000, 0x0000000085e00000, 0x0000000085f00000|  0%| F|  |TAMS 0x0000000085e00000, 0x0000000085e00000| Untracked 
|  57|0x0000000085f00000, 0x0000000085f00000, 0x0000000086000000|  0%| F|  |TAMS 0x0000000085f00000, 0x0000000085f00000| Untracked 
|  58|0x0000000086000000, 0x0000000086000000, 0x0000000086100000|  0%| F|  |TAMS 0x0000000086000000, 0x0000000086000000| Untracked 
|  59|0x0000000086100000, 0x0000000086100000, 0x0000000086200000|  0%| F|  |TAMS 0x0000000086100000, 0x0000000086100000| Untracked 
|  60|0x0000000086200000, 0x0000000086200000, 0x0000000086300000|  0%| F|  |TAMS 0x0000000086200000, 0x0000000086200000| Untracked 
|  61|0x0000000086300000, 0x0000000086300000, 0x0000000086400000|  0%| F|  |TAMS 0x0000000086300000, 0x0000000086300000| Untracked 
|  62|0x0000000086400000, 0x0000000086400000, 0x0000000086500000|  0%| F|  |TAMS 0x0000000086400000, 0x0000000086400000| Untracked 
|  63|0x0000000086500000, 0x0000000086500000, 0x0000000086600000|  0%| F|  |TAMS 0x0000000086500000, 0x0000000086500000| Untracked 
|  64|0x0000000086600000, 0x0000000086600000, 0x0000000086700000|  0%| F|  |TAMS 0x0000000086600000, 0x0000000086600000| Untracked 
|  65|0x0000000086700000, 0x0000000086700000, 0x0000000086800000|  0%| F|  |TAMS 0x0000000086700000, 0x0000000086700000| Untracked 
|  66|0x0000000086800000, 0x0000000086800000, 0x0000000086900000|  0%| F|  |TAMS 0x0000000086800000, 0x0000000086800000| Untracked 
|  67|0x0000000086900000, 0x0000000086900000, 0x0000000086a00000|  0%| F|  |TAMS 0x0000000086900000, 0x0000000086900000| Untracked 
|  68|0x0000000086a00000, 0x0000000086a00000, 0x0000000086b00000|  0%| F|  |TAMS 0x0000000086a00000, 0x0000000086a00000| Untracked 
|  69|0x0000000086b00000, 0x0000000086b00000, 0x0000000086c00000|  0%| F|  |TAMS 0x0000000086b00000, 0x0000000086b00000| Untracked 
|  70|0x0000000086c00000, 0x0000000086c00000, 0x0000000086d00000|  0%| F|  |TAMS 0x0000000086c00000, 0x0000000086c00000| Untracked 
|  71|0x0000000086d00000, 0x0000000086d00000, 0x0000000086e00000|  0%| F|  |TAMS 0x0000000086d00000, 0x0000000086d00000| Untracked 
|  72|0x0000000086e00000, 0x0000000086e00000, 0x0000000086f00000|  0%| F|  |TAMS 0x0000000086e00000, 0x0000000086e00000| Untracked 
|  73|0x0000000086f00000, 0x0000000086f00000, 0x0000000087000000|  0%| F|  |TAMS 0x0000000086f00000, 0x0000000086f00000| Untracked 
|  74|0x0000000087000000, 0x0000000087000000, 0x0000000087100000|  0%| F|  |TAMS 0x0000000087000000, 0x0000000087000000| Untracked 
|  75|0x0000000087100000, 0x0000000087100000, 0x0000000087200000|  0%| F|  |TAMS 0x0000000087100000, 0x0000000087100000| Untracked 
|  76|0x0000000087200000, 0x0000000087200000, 0x0000000087300000|  0%| F|  |TAMS 0x0000000087200000, 0x0000000087200000| Untracked 
|  77|0x0000000087300000, 0x0000000087300000, 0x0000000087400000|  0%| F|  |TAMS 0x0000000087300000, 0x0000000087300000| Untracked 
|  78|0x0000000087400000, 0x0000000087400000, 0x0000000087500000|  0%| F|  |TAMS 0x0000000087400000, 0x0000000087400000| Untracked 
|  79|0x0000000087500000, 0x0000000087500000, 0x0000000087600000|  0%| F|  |TAMS 0x0000000087500000, 0x0000000087500000| Untracked 
|  80|0x0000000087600000, 0x0000000087600000, 0x0000000087700000|  0%| F|  |TAMS 0x0000000087600000, 0x0000000087600000| Untracked 
|  81|0x0000000087700000, 0x0000000087700000, 0x0000000087800000|  0%| F|  |TAMS 0x0000000087700000, 0x0000000087700000| Untracked 
|  82|0x0000000087800000, 0x0000000087800000, 0x0000000087900000|  0%| F|  |TAMS 0x0000000087800000, 0x0000000087800000| Untracked 
|  83|0x0000000087900000, 0x0000000087900000, 0x0000000087a00000|  0%| F|  |TAMS 0x0000000087900000, 0x0000000087900000| Untracked 
|  84|0x0000000087a00000, 0x0000000087a00000, 0x0000000087b00000|  0%| F|  |TAMS 0x0000000087a00000, 0x0000000087a00000| Untracked 
|  85|0x0000000087b00000, 0x0000000087b00000, 0x0000000087c00000|  0%| F|  |TAMS 0x0000000087b00000, 0x0000000087b00000| Untracked 
|  86|0x0000000087c00000, 0x0000000087c00000, 0x0000000087d00000|  0%| F|  |TAMS 0x0000000087c00000, 0x0000000087c00000| Untracked 
|  87|0x0000000087d00000, 0x0000000087d00000, 0x0000000087e00000|  0%| F|  |TAMS 0x0000000087d00000, 0x0000000087d00000| Untracked 
|  88|0x0000000087e00000, 0x0000000087e00000, 0x0000000087f00000|  0%| F|  |TAMS 0x0000000087e00000, 0x0000000087e00000| Untracked 
|  89|0x0000000087f00000, 0x0000000087f00000, 0x0000000088000000|  0%| F|  |TAMS 0x0000000087f00000, 0x0000000087f00000| Untracked 
|  90|0x0000000088000000, 0x0000000088000000, 0x0000000088100000|  0%| F|  |TAMS 0x0000000088000000, 0x0000000088000000| Untracked 
|  91|0x0000000088100000, 0x0000000088100000, 0x0000000088200000|  0%| F|  |TAMS 0x0000000088100000, 0x0000000088100000| Untracked 
|  92|0x0000000088200000, 0x0000000088200000, 0x0000000088300000|  0%| F|  |TAMS 0x0000000088200000, 0x0000000088200000| Untracked 
|  93|0x0000000088300000, 0x0000000088300000, 0x0000000088400000|  0%| F|  |TAMS 0x0000000088300000, 0x0000000088300000| Untracked 
|  94|0x0000000088400000, 0x0000000088400000, 0x0000000088500000|  0%| F|  |TAMS 0x0000000088400000, 0x0000000088400000| Untracked 
|  95|0x0000000088500000, 0x0000000088500000, 0x0000000088600000|  0%| F|  |TAMS 0x0000000088500000, 0x0000000088500000| Untracked 
|  96|0x0000000088600000, 0x0000000088600000, 0x0000000088700000|  0%| F|  |TAMS 0x0000000088600000, 0x0000000088600000| Untracked 
|  97|0x0000000088700000, 0x0000000088700000, 0x0000000088800000|  0%| F|  |TAMS 0x0000000088700000, 0x0000000088700000| Untracked 
|  98|0x0000000088800000, 0x0000000088800000, 0x0000000088900000|  0%| F|  |TAMS 0x0000000088800000, 0x0000000088800000| Untracked 
|  99|0x0000000088900000, 0x0000000088900000, 0x0000000088a00000|  0%| F|  |TAMS 0x0000000088900000, 0x0000000088900000| Untracked 
| 100|0x0000000088a00000, 0x0000000088a00000, 0x0000000088b00000|  0%| F|  |TAMS 0x0000000088a00000, 0x0000000088a00000| Untracked 
| 101|0x0000000088b00000, 0x0000000088b00000, 0x0000000088c00000|  0%| F|  |TAMS 0x0000000088b00000, 0x0000000088b00000| Untracked 
| 102|0x0000000088c00000, 0x0000000088c00000, 0x0000000088d00000|  0%| F|  |TAMS 0x0000000088c00000, 0x0000000088c00000| Untracked 
| 103|0x0000000088d00000, 0x0000000088d00000, 0x0000000088e00000|  0%| F|  |TAMS 0x0000000088d00000, 0x0000000088d00000| Untracked 
| 104|0x0000000088e00000, 0x0000000088e00000, 0x0000000088f00000|  0%| F|  |TAMS 0x0000000088e00000, 0x0000000088e00000| Untracked 
| 105|0x0000000088f00000, 0x0000000088f00000, 0x0000000089000000|  0%| F|  |TAMS 0x0000000088f00000, 0x0000000088f00000| Untracked 
| 106|0x0000000089000000, 0x0000000089000000, 0x0000000089100000|  0%| F|  |TAMS 0x0000000089000000, 0x0000000089000000| Untracked 
| 107|0x0000000089100000, 0x0000000089100000, 0x0000000089200000|  0%| F|  |TAMS 0x0000000089100000, 0x0000000089100000| Untracked 
| 108|0x0000000089200000, 0x0000000089200000, 0x0000000089300000|  0%| F|  |TAMS 0x0000000089200000, 0x0000000089200000| Untracked 
| 109|0x0000000089300000, 0x0000000089300000, 0x0000000089400000|  0%| F|  |TAMS 0x0000000089300000, 0x0000000089300000| Untracked 
| 110|0x0000000089400000, 0x0000000089400000, 0x0000000089500000|  0%| F|  |TAMS 0x0000000089400000, 0x0000000089400000| Untracked 
| 111|0x0000000089500000, 0x0000000089500000, 0x0000000089600000|  0%| F|  |TAMS 0x0000000089500000, 0x0000000089500000| Untracked 
| 112|0x0000000089600000, 0x0000000089600000, 0x0000000089700000|  0%| F|  |TAMS 0x0000000089600000, 0x0000000089600000| Untracked 
| 113|0x0000000089700000, 0x0000000089700000, 0x0000000089800000|  0%| F|  |TAMS 0x0000000089700000, 0x0000000089700000| Untracked 
| 114|0x0000000089800000, 0x0000000089800000, 0x0000000089900000|  0%| F|  |TAMS 0x0000000089800000, 0x0000000089800000| Untracked 
| 115|0x0000000089900000, 0x0000000089900000, 0x0000000089a00000|  0%| F|  |TAMS 0x0000000089900000, 0x0000000089900000| Untracked 
| 116|0x0000000089a00000, 0x0000000089a00000, 0x0000000089b00000|  0%| F|  |TAMS 0x0000000089a00000, 0x0000000089a00000| Untracked 
| 117|0x0000000089b00000, 0x0000000089b00000, 0x0000000089c00000|  0%| F|  |TAMS 0x0000000089b00000, 0x0000000089b00000| Untracked 
| 118|0x0000000089c00000, 0x0000000089c00000, 0x0000000089d00000|  0%| F|  |TAMS 0x0000000089c00000, 0x0000000089c00000| Untracked 
| 119|0x0000000089d00000, 0x0000000089d00000, 0x0000000089e00000|  0%| F|  |TAMS 0x0000000089d00000, 0x0000000089d00000| Untracked 
| 120|0x0000000089e00000, 0x0000000089e00000, 0x0000000089f00000|  0%| F|  |TAMS 0x0000000089e00000, 0x0000000089e00000| Untracked 
| 121|0x0000000089f00000, 0x0000000089f00000, 0x000000008a000000|  0%| F|  |TAMS 0x0000000089f00000, 0x0000000089f00000| Untracked 
| 122|0x000000008a000000, 0x000000008a000000, 0x000000008a100000|  0%| F|  |TAMS 0x000000008a000000, 0x000000008a000000| Untracked 
| 123|0x000000008a100000, 0x000000008a100000, 0x000000008a200000|  0%| F|  |TAMS 0x000000008a100000, 0x000000008a100000| Untracked 
| 124|0x000000008a200000, 0x000000008a200000, 0x000000008a300000|  0%| F|  |TAMS 0x000000008a200000, 0x000000008a200000| Untracked 
| 125|0x000000008a300000, 0x000000008a300000, 0x000000008a400000|  0%| F|  |TAMS 0x000000008a300000, 0x000000008a300000| Untracked 

Card table byte_map: [0x0000025b49c60000,0x0000025b4a050000] _byte_map_base: 0x0000025b4984d000

Marking Bits (Prev, Next): (CMBitMap*) 0x0000025b32a57a10, (CMBitMap*) 0x0000025b32a579d0
 Prev Bits: [0x0000025b4c3b0000, 0x0000025b4e318000)
 Next Bits: [0x0000025b4a440000, 0x0000025b4c3a8000)

Polling page: 0x0000025b30950000

Metaspace:

Usage:
  Non-class:     18.47 MB used.
      Class:      2.53 MB used.
       Both:     20.99 MB used.

Virtual space:
  Non-class space:       64.00 MB reserved,      18.62 MB ( 29%) committed,  1 nodes.
      Class space:        1.00 GB reserved,       2.69 MB ( <1%) committed,  1 nodes.
             Both:        1.06 GB reserved,      21.31 MB (  2%) committed. 

Chunk freelists:
   Non-Class:  12.86 MB
       Class:  13.29 MB
        Both:  26.15 MB

MaxMetaspaceSize: unlimited
CompressedClassSpaceSize: 1.00 GB
Initial GC threshold: 21.00 MB
Current GC threshold: 35.25 MB
CDS: on
MetaspaceReclaimPolicy: balanced
 - commit_granule_bytes: 65536.
 - commit_granule_words: 8192.
 - virtual_space_node_default_size: 8388608.
 - enlarge_chunks_in_place: 1.
 - new_chunks_are_fully_committed: 0.
 - uncommit_free_chunks: 1.
 - use_allocation_guard: 0.
 - handle_deallocations: 1.


Internal statistics:

num_allocs_failed_limit: 3.
num_arena_births: 156.
num_arena_deaths: 0.
num_vsnodes_births: 2.
num_vsnodes_deaths: 0.
num_space_committed: 341.
num_space_uncommitted: 0.
num_chunks_returned_to_freelist: 3.
num_chunks_taken_from_freelist: 942.
num_chunk_merges: 0.
num_chunk_splits: 628.
num_chunks_enlarged: 477.
num_inconsistent_stats: 0.

CodeHeap 'non-profiled nmethods': size=120000Kb used=3035Kb max_used=3035Kb free=116964Kb
 bounds [0x0000025b42000000, 0x0000025b42340000, 0x0000025b49530000]
CodeHeap 'profiled nmethods': size=120000Kb used=11263Kb max_used=11268Kb free=108736Kb
 bounds [0x0000025b3a530000, 0x0000025b3b050000, 0x0000025b41a60000]
CodeHeap 'non-nmethods': size=5760Kb used=1201Kb max_used=1288Kb free=4558Kb
 bounds [0x0000025b41a60000, 0x0000025b41cd0000, 0x0000025b42000000]
 total_blobs=5528 nmethods=5031 adapters=409
 compilation: enabled
              stopped_count=0, restarted_count=0
 full_count=0

Compilation events (20 events):
Event: 18.427 Thread 0x0000025b50d817c0 5875       2       java.lang.AbstractStringBuilder::append (67 bytes)
Event: 18.428 Thread 0x0000025b50d817c0 nmethod 5875 0x0000025b3ab34090 code [0x0000025b3ab34260, 0x0000025b3ab344a8]
Event: 18.428 Thread 0x0000025b50d817c0 5876       2       java.lang.AbstractStringBuilder::getBytes (44 bytes)
Event: 18.428 Thread 0x0000025b50d817c0 nmethod 5876 0x0000025b3ab33c10 code [0x0000025b3ab33dc0, 0x0000025b3ab33ff8]
Event: 18.428 Thread 0x0000025b50d817c0 5877       3       java.util.regex.Matcher::appendExpandedReplacement (510 bytes)
Event: 18.436 Thread 0x0000025b50d817c0 nmethod 5877 0x0000025b3a804710 code [0x0000025b3a804f00, 0x0000025b3a8097d8]
Event: 18.436 Thread 0x0000025b50d817c0 5878       3       java.lang.AbstractStringBuilder::append (67 bytes)
Event: 18.437 Thread 0x0000025b50d817c0 nmethod 5878 0x0000025b3a803e10 code [0x0000025b3a804020, 0x0000025b3a804548]
Event: 18.437 Thread 0x0000025b50d817c0 5880       3       java.util.regex.Matcher::appendReplacement (75 bytes)
Event: 18.437 Thread 0x0000025b50d817c0 nmethod 5880 0x0000025b3a803490 code [0x0000025b3a8036a0, 0x0000025b3a803b68]
Event: 18.437 Thread 0x0000025b50d817c0 5879       3       java.lang.AbstractStringBuilder::getBytes (44 bytes)
Event: 18.438 Thread 0x0000025b50d817c0 nmethod 5879 0x0000025b3a802f90 code [0x0000025b3a803140, 0x0000025b3a8033d8]
Event: 18.438 Thread 0x0000025b50d817c0 5883       3       java.util.zip.ZipFile$ZipEntryIterator::hasMoreElements (5 bytes)
Event: 18.438 Thread 0x0000025b50d817c0 nmethod 5883 0x0000025b3a802b90 code [0x0000025b3a802d20, 0x0000025b3a802ef8]
Event: 18.438 Thread 0x0000025b50d817c0 5884       3       java.util.zip.ZipEntry::isDirectory (10 bytes)
Event: 18.438 Thread 0x0000025b50d817c0 nmethod 5884 0x0000025b3a802490 code [0x0000025b3a802660, 0x0000025b3a802a08]
Event: 18.438 Thread 0x0000025b50d817c0 5885       3       java.util.zip.ZipFile$ZipEntryIterator::nextElement (5 bytes)
Event: 18.439 Thread 0x0000025b50d817c0 nmethod 5885 0x0000025b3a802090 code [0x0000025b3a802240, 0x0000025b3a8023c8]
Event: 18.439 Thread 0x0000025b50d817c0 5886   !   3       java.util.zip.ZipFile$ZipEntryIterator::next (71 bytes)
Event: 18.440 Thread 0x0000025b50d817c0 nmethod 5886 0x0000025b3a801590 code [0x0000025b3a801780, 0x0000025b3a801ca8]

GC Heap History (19 events):
Event: 2.313 GC heap before
{Heap before GC invocations=0 (full 0):
 garbage-first heap   total 129024K, used 23552K [0x0000000082600000, 0x0000000100000000)
  region size 1024K, 23 young (23552K), 0 survivors (0K)
 Metaspace       used 5411K, committed 5568K, reserved 1114112K
  class space    used 649K, committed 768K, reserved 1048576K
}
Event: 2.328 GC heap after
{Heap after GC invocations=1 (full 0):
 garbage-first heap   total 129024K, used 3664K [0x0000000082600000, 0x0000000100000000)
  region size 1024K, 3 young (3072K), 3 survivors (3072K)
 Metaspace       used 5411K, committed 5568K, reserved 1114112K
  class space    used 649K, committed 768K, reserved 1048576K
}
Event: 4.284 GC heap before
{Heap before GC invocations=1 (full 0):
 garbage-first heap   total 129024K, used 34384K [0x0000000082600000, 0x0000000100000000)
  region size 1024K, 33 young (33792K), 3 survivors (3072K)
 Metaspace       used 9531K, committed 9664K, reserved 1114112K
  class space    used 1152K, committed 1216K, reserved 1048576K
}
Event: 4.294 GC heap after
{Heap after GC invocations=2 (full 0):
 garbage-first heap   total 129024K, used 5282K [0x0000000082600000, 0x0000000100000000)
  region size 1024K, 2 young (2048K), 2 survivors (2048K)
 Metaspace       used 9531K, committed 9664K, reserved 1114112K
  class space    used 1152K, committed 1216K, reserved 1048576K
}
Event: 9.020 GC heap before
{Heap before GC invocations=2 (full 0):
 garbage-first heap   total 129024K, used 80034K [0x0000000082600000, 0x0000000100000000)
  region size 1024K, 75 young (76800K), 2 survivors (2048K)
 Metaspace       used 15130K, committed 15296K, reserved 1114112K
  class space    used 1789K, committed 1856K, reserved 1048576K
}
Event: 9.040 GC heap after
{Heap after GC invocations=3 (full 0):
 garbage-first heap   total 129024K, used 10819K [0x0000000082600000, 0x0000000100000000)
  region size 1024K, 8 young (8192K), 8 survivors (8192K)
 Metaspace       used 15130K, committed 15296K, reserved 1114112K
  class space    used 1789K, committed 1856K, reserved 1048576K
}
Event: 11.129 GC heap before
{Heap before GC invocations=3 (full 0):
 garbage-first heap   total 129024K, used 79427K [0x0000000082600000, 0x0000000100000000)
  region size 1024K, 75 young (76800K), 8 survivors (8192K)
 Metaspace       used 15621K, committed 15808K, reserved 1114112K
  class space    used 1793K, committed 1856K, reserved 1048576K
}
Event: 11.154 GC heap after
{Heap after GC invocations=4 (full 0):
 garbage-first heap   total 129024K, used 13609K [0x0000000082600000, 0x0000000100000000)
  region size 1024K, 4 young (4096K), 4 survivors (4096K)
 Metaspace       used 15621K, committed 15808K, reserved 1114112K
  class space    used 1793K, committed 1856K, reserved 1048576K
}
Event: 14.985 GC heap before
{Heap before GC invocations=4 (full 0):
 garbage-first heap   total 129024K, used 86313K [0x0000000082600000, 0x0000000100000000)
  region size 1024K, 75 young (76800K), 4 survivors (4096K)
 Metaspace       used 17843K, committed 18112K, reserved 1114112K
  class space    used 2124K, committed 2240K, reserved 1048576K
}
Event: 14.995 GC heap after
{Heap after GC invocations=5 (full 0):
 garbage-first heap   total 129024K, used 20368K [0x0000000082600000, 0x0000000100000000)
  region size 1024K, 10 young (10240K), 10 survivors (10240K)
 Metaspace       used 17843K, committed 18112K, reserved 1114112K
  class space    used 2124K, committed 2240K, reserved 1048576K
}
Event: 17.016 GC heap before
{Heap before GC invocations=5 (full 0):
 garbage-first heap   total 129024K, used 86928K [0x0000000082600000, 0x0000000100000000)
  region size 1024K, 75 young (76800K), 10 survivors (10240K)
 Metaspace       used 19091K, committed 19392K, reserved 1114112K
  class space    used 2251K, committed 2368K, reserved 1048576K
}
Event: 17.043 GC heap after
{Heap after GC invocations=6 (full 0):
 garbage-first heap   total 129024K, used 24480K [0x0000000082600000, 0x0000000100000000)
  region size 1024K, 5 young (5120K), 5 survivors (5120K)
 Metaspace       used 19091K, committed 19392K, reserved 1114112K
  class space    used 2251K, committed 2368K, reserved 1048576K
}
Event: 17.697 GC heap before
{Heap before GC invocations=6 (full 0):
 garbage-first heap   total 129024K, used 37792K [0x0000000082600000, 0x0000000100000000)
  region size 1024K, 19 young (19456K), 5 survivors (5120K)
 Metaspace       used 21200K, committed 21504K, reserved 1114112K
  class space    used 2551K, committed 2688K, reserved 1048576K
}
Event: 17.708 GC heap after
{Heap after GC invocations=7 (full 0):
 garbage-first heap   total 129024K, used 24542K [0x0000000082600000, 0x0000000100000000)
  region size 1024K, 5 young (5120K), 5 survivors (5120K)
 Metaspace       used 21200K, committed 21504K, reserved 1114112K
  class space    used 2551K, committed 2688K, reserved 1048576K
}
Event: 18.065 GC heap before
{Heap before GC invocations=8 (full 0):
 garbage-first heap   total 102400K, used 80862K [0x0000000082600000, 0x0000000100000000)
  region size 1024K, 60 young (61440K), 5 survivors (5120K)
 Metaspace       used 21306K, committed 21696K, reserved 1114112K
  class space    used 2566K, committed 2752K, reserved 1048576K
}
Event: 18.090 GC heap after
{Heap after GC invocations=9 (full 0):
 garbage-first heap   total 102400K, used 28579K [0x0000000082600000, 0x0000000100000000)
  region size 1024K, 5 young (5120K), 5 survivors (5120K)
 Metaspace       used 21306K, committed 21696K, reserved 1114112K
  class space    used 2566K, committed 2752K, reserved 1048576K
}
Event: 18.094 GC heap before
{Heap before GC invocations=9 (full 0):
 garbage-first heap   total 102400K, used 29603K [0x0000000082600000, 0x0000000100000000)
  region size 1024K, 6 young (6144K), 5 survivors (5120K)
 Metaspace       used 21306K, committed 21696K, reserved 1114112K
  class space    used 2566K, committed 2752K, reserved 1048576K
}
Event: 18.108 GC heap after
{Heap after GC invocations=10 (full 0):
 garbage-first heap   total 102400K, used 28910K [0x0000000082600000, 0x0000000100000000)
  region size 1024K, 1 young (1024K), 1 survivors (1024K)
 Metaspace       used 21306K, committed 21696K, reserved 1114112K
  class space    used 2566K, committed 2752K, reserved 1048576K
}
Event: 18.551 GC heap before
{Heap before GC invocations=10 (full 0):
 garbage-first heap   total 102400K, used 83182K [0x0000000082600000, 0x0000000100000000)
  region size 1024K, 50 young (51200K), 1 survivors (1024K)
 Metaspace       used 21498K, committed 21824K, reserved 1114112K
  class space    used 2589K, committed 2752K, reserved 1048576K
}

Dll operation events (8 events):
Event: 0.013 Loaded shared library D:\AnypointStudio-7.24.0-win64\AnypointStudio\plugins\org.mule.tooling.jdk.win32.x86_64_1.4.1\bin\java.dll
Event: 0.038 Loaded shared library D:\AnypointStudio-7.24.0-win64\AnypointStudio\plugins\org.mule.tooling.jdk.win32.x86_64_1.4.1\bin\jsvml.dll
Event: 0.092 Loaded shared library D:\AnypointStudio-7.24.0-win64\AnypointStudio\plugins\org.mule.tooling.jdk.win32.x86_64_1.4.1\bin\net.dll
Event: 0.096 Loaded shared library D:\AnypointStudio-7.24.0-win64\AnypointStudio\plugins\org.mule.tooling.jdk.win32.x86_64_1.4.1\bin\nio.dll
Event: 0.102 Loaded shared library D:\AnypointStudio-7.24.0-win64\AnypointStudio\plugins\org.mule.tooling.jdk.win32.x86_64_1.4.1\bin\zip.dll
Event: 0.385 Loaded shared library D:\apache-maven-3.9.12-bin\apache-maven-3.9.12\lib\jansi-native\Windows\x86_64\jansi.dll
Event: 0.391 Loaded shared library D:\AnypointStudio-7.24.0-win64\AnypointStudio\plugins\org.mule.tooling.jdk.win32.x86_64_1.4.1\bin\jimage.dll
Event: 0.422 Loaded shared library D:\AnypointStudio-7.24.0-win64\AnypointStudio\plugins\org.mule.tooling.jdk.win32.x86_64_1.4.1\bin\verify.dll

Deoptimization events (20 events):
Event: 18.222 Thread 0x0000025b329f88a0 DEOPT PACKING pc=0x0000025b4230bd68 sp=0x000000720aafd030
Event: 18.222 Thread 0x0000025b329f88a0 DEOPT UNPACKING pc=0x0000025b41ab69a3 sp=0x000000720aafd038 mode 2
Event: 18.222 Thread 0x0000025b329f88a0 Uncommon trap: trap_request=0xffffffde fr.pc=0x0000025b4230bd68 relative=0x00000000000022a8
Event: 18.222 Thread 0x0000025b329f88a0 Uncommon trap: reason=class_check action=maybe_recompile pc=0x0000025b4230bd68 method=org.eclipse.aether.util.graph.transformer.ConflictResolver.gatherConflictItems(Lorg/eclipse/aether/graph/DependencyNode;Lorg/eclipse/aether/util/graph/transformer/Confli
Event: 18.222 Thread 0x0000025b329f88a0 DEOPT PACKING pc=0x0000025b4230bd68 sp=0x000000720aafd030
Event: 18.222 Thread 0x0000025b329f88a0 DEOPT UNPACKING pc=0x0000025b41ab69a3 sp=0x000000720aafd038 mode 2
Event: 18.306 Thread 0x0000025b329f88a0 DEOPT PACKING pc=0x0000025b3ab769b4 sp=0x000000720aafc800
Event: 18.306 Thread 0x0000025b329f88a0 DEOPT UNPACKING pc=0x0000025b41ab7143 sp=0x000000720aafbd80 mode 0
Event: 18.308 Thread 0x0000025b329f88a0 DEOPT PACKING pc=0x0000025b3af034db sp=0x000000720aafcb20
Event: 18.308 Thread 0x0000025b329f88a0 DEOPT UNPACKING pc=0x0000025b41ab7143 sp=0x000000720aafc000 mode 0
Event: 18.332 Thread 0x0000025b329f88a0 Uncommon trap: trap_request=0xffffff45 fr.pc=0x0000025b42241360 relative=0x0000000000000060
Event: 18.332 Thread 0x0000025b329f88a0 Uncommon trap: reason=unstable_if action=reinterpret pc=0x0000025b42241360 method=java.util.concurrent.ConcurrentHashMap.sumCount()J @ 11 c2
Event: 18.332 Thread 0x0000025b329f88a0 DEOPT PACKING pc=0x0000025b42241360 sp=0x000000720aafcc50
Event: 18.332 Thread 0x0000025b329f88a0 DEOPT UNPACKING pc=0x0000025b41ab69a3 sp=0x000000720aafcbb0 mode 2
Event: 18.374 Thread 0x0000025b329f88a0 Uncommon trap: trap_request=0xffffff76 fr.pc=0x0000025b421ca6c0 relative=0x00000000000003a0
Event: 18.374 Thread 0x0000025b329f88a0 Uncommon trap: reason=predicate action=maybe_recompile pc=0x0000025b421ca6c0 method=java.util.Vector.indexOf(Ljava/lang/Object;I)I @ 41 c2
Event: 18.374 Thread 0x0000025b329f88a0 DEOPT PACKING pc=0x0000025b421ca6c0 sp=0x000000720aafc9c0
Event: 18.374 Thread 0x0000025b329f88a0 DEOPT UNPACKING pc=0x0000025b41ab69a3 sp=0x000000720aafc968 mode 2
Event: 18.406 Thread 0x0000025b329f88a0 DEOPT PACKING pc=0x0000025b3aef65aa sp=0x000000720aafccb0
Event: 18.406 Thread 0x0000025b329f88a0 DEOPT UNPACKING pc=0x0000025b41ab7143 sp=0x000000720aafc230 mode 0

Classes loaded (20 events):
Event: 17.712 Loading class java/util/concurrent/FutureTask$WaitNode
Event: 17.713 Loading class java/util/concurrent/FutureTask$WaitNode done
Event: 17.713 Loading class java/util/concurrent/ThreadPoolExecutor$Worker
Event: 17.713 Loading class java/util/concurrent/ThreadPoolExecutor$Worker done
Event: 17.713 Loading class java/lang/Thread$State
Event: 17.714 Loading class java/lang/Thread$State done
Event: 17.741 Loading class java/util/concurrent/locks/AbstractQueuedSynchronizer$ExclusiveNode
Event: 17.741 Loading class java/util/concurrent/locks/AbstractQueuedSynchronizer$ExclusiveNode done
Event: 17.778 Loading class java/util/concurrent/locks/ReentrantReadWriteLock$Sync$HoldCounter
Event: 17.784 Loading class java/util/concurrent/locks/ReentrantReadWriteLock$Sync$HoldCounter done
Event: 18.013 Loading class java/util/stream/ForEachOps$ForEachTask
Event: 18.014 Loading class java/util/stream/ForEachOps$ForEachTask done
Event: 18.225 Loading class java/util/stream/ReduceOps$5
Event: 18.225 Loading class java/util/stream/ReduceOps$5 done
Event: 18.227 Loading class java/util/stream/ReduceOps$CountingSink$OfRef
Event: 18.227 Loading class java/util/stream/ReduceOps$CountingSink
Event: 18.227 Loading class java/util/stream/ReduceOps$CountingSink done
Event: 18.227 Loading class java/util/stream/ReduceOps$CountingSink$OfRef done
Event: 18.416 Loading class java/util/zip/ZipFile$ZipEntryIterator
Event: 18.418 Loading class java/util/zip/ZipFile$ZipEntryIterator done

Classes unloaded (0 events):
No events

Classes redefined (0 events):
No events

Internal exceptions (20 events):
Event: 18.222 Thread 0x0000025b329f88a0 Exception <a 'java/lang/ArrayIndexOutOfBoundsException'{0x000000008723e318}: Index 1 out of bounds for length 1> (0x000000008723e318) 
thrown [s\src\hotspot\share\interpreter\interpreterRuntime.cpp, line 428]
Event: 18.222 Thread 0x0000025b329f88a0 Exception <a 'java/lang/ArrayIndexOutOfBoundsException'{0x000000008723ea88}: Index 1 out of bounds for length 1> (0x000000008723ea88) 
thrown [s\src\hotspot\share\interpreter\interpreterRuntime.cpp, line 428]
Event: 18.222 Thread 0x0000025b329f88a0 Exception <a 'java/lang/ArrayIndexOutOfBoundsException'{0x000000008723f1f8}: Index 1 out of bounds for length 1> (0x000000008723f1f8) 
thrown [s\src\hotspot\share\interpreter\interpreterRuntime.cpp, line 428]
Event: 18.222 Thread 0x0000025b329f88a0 Exception <a 'java/lang/ArrayIndexOutOfBoundsException'{0x000000008723f968}: Index 1 out of bounds for length 1> (0x000000008723f968) 
thrown [s\src\hotspot\share\interpreter\interpreterRuntime.cpp, line 428]
Event: 18.223 Thread 0x0000025b329f88a0 Exception <a 'java/lang/ArrayIndexOutOfBoundsException'{0x00000000872406a8}: Index 1 out of bounds for length 1> (0x00000000872406a8) 
thrown [s\src\hotspot\share\interpreter\interpreterRuntime.cpp, line 428]
Event: 18.223 Thread 0x0000025b329f88a0 Exception <a 'java/lang/ArrayIndexOutOfBoundsException'{0x0000000087240e18}: Index 1 out of bounds for length 1> (0x0000000087240e18) 
thrown [s\src\hotspot\share\interpreter\interpreterRuntime.cpp, line 428]
Event: 18.223 Thread 0x0000025b329f88a0 Exception <a 'java/lang/ArrayIndexOutOfBoundsException'{0x0000000087241588}: Index 1 out of bounds for length 1> (0x0000000087241588) 
thrown [s\src\hotspot\share\interpreter\interpreterRuntime.cpp, line 428]
Event: 18.223 Thread 0x0000025b329f88a0 Exception <a 'java/lang/ArrayIndexOutOfBoundsException'{0x0000000087241cf8}: Index 1 out of bounds for length 1> (0x0000000087241cf8) 
thrown [s\src\hotspot\share\interpreter\interpreterRuntime.cpp, line 428]
Event: 18.223 Thread 0x0000025b329f88a0 Exception <a 'java/lang/ArrayIndexOutOfBoundsException'{0x0000000087242468}: Index 1 out of bounds for length 1> (0x0000000087242468) 
thrown [s\src\hotspot\share\interpreter\interpreterRuntime.cpp, line 428]
Event: 18.223 Thread 0x0000025b329f88a0 Exception <a 'java/lang/ArrayIndexOutOfBoundsException'{0x0000000087242bd8}: Index 1 out of bounds for length 1> (0x0000000087242bd8) 
thrown [s\src\hotspot\share\interpreter\interpreterRuntime.cpp, line 428]
Event: 18.223 Thread 0x0000025b329f88a0 Exception <a 'java/lang/ArrayIndexOutOfBoundsException'{0x0000000087243348}: Index 1 out of bounds for length 1> (0x0000000087243348) 
thrown [s\src\hotspot\share\interpreter\interpreterRuntime.cpp, line 428]
Event: 18.223 Thread 0x0000025b329f88a0 Exception <a 'java/lang/ArrayIndexOutOfBoundsException'{0x0000000087243ab8}: Index 1 out of bounds for length 1> (0x0000000087243ab8) 
thrown [s\src\hotspot\share\interpreter\interpreterRuntime.cpp, line 428]
Event: 18.228 Thread 0x0000025b329f88a0 Exception <a 'java/lang/ArrayIndexOutOfBoundsException'{0x000000008724b560}: Index 1 out of bounds for length 1> (0x000000008724b560) 
thrown [s\src\hotspot\share\interpreter\interpreterRuntime.cpp, line 428]
Event: 18.228 Thread 0x0000025b329f88a0 Exception <a 'java/lang/ArrayIndexOutOfBoundsException'{0x000000008724bcd0}: Index 1 out of bounds for length 1> (0x000000008724bcd0) 
thrown [s\src\hotspot\share\interpreter\interpreterRuntime.cpp, line 428]
Event: 18.228 Thread 0x0000025b329f88a0 Exception <a 'java/lang/ArrayIndexOutOfBoundsException'{0x000000008724c440}: Index 1 out of bounds for length 1> (0x000000008724c440) 
thrown [s\src\hotspot\share\interpreter\interpreterRuntime.cpp, line 428]
Event: 18.228 Thread 0x0000025b329f88a0 Exception <a 'java/lang/ArrayIndexOutOfBoundsException'{0x000000008724cbb0}: Index 1 out of bounds for length 1> (0x000000008724cbb0) 
thrown [s\src\hotspot\share\interpreter\interpreterRuntime.cpp, line 428]
Event: 18.228 Thread 0x0000025b329f88a0 Exception <a 'java/lang/ArrayIndexOutOfBoundsException'{0x000000008724d320}: Index 1 out of bounds for length 1> (0x000000008724d320) 
thrown [s\src\hotspot\share\interpreter\interpreterRuntime.cpp, line 428]
Event: 18.228 Thread 0x0000025b329f88a0 Exception <a 'java/lang/ArrayIndexOutOfBoundsException'{0x000000008724da90}: Index 1 out of bounds for length 1> (0x000000008724da90) 
thrown [s\src\hotspot\share\interpreter\interpreterRuntime.cpp, line 428]
Event: 18.228 Thread 0x0000025b329f88a0 Exception <a 'java/lang/ArrayIndexOutOfBoundsException'{0x000000008724e200}: Index 1 out of bounds for length 1> (0x000000008724e200) 
thrown [s\src\hotspot\share\interpreter\interpreterRuntime.cpp, line 428]
Event: 18.228 Thread 0x0000025b329f88a0 Exception <a 'java/lang/ArrayIndexOutOfBoundsException'{0x000000008724e970}: Index 1 out of bounds for length 1> (0x000000008724e970) 
thrown [s\src\hotspot\share\interpreter\interpreterRuntime.cpp, line 428]

VM Operations (20 events):
Event: 17.539 Executing VM operation: HandshakeAllThreads done
Event: 17.672 Executing VM operation: HandshakeAllThreads
Event: 17.672 Executing VM operation: HandshakeAllThreads done
Event: 17.697 Executing VM operation: CollectForMetadataAllocation
Event: 17.708 Executing VM operation: CollectForMetadataAllocation done
Event: 17.712 Executing VM operation: HandshakeAllThreads
Event: 17.712 Executing VM operation: HandshakeAllThreads done
Event: 17.742 Executing VM operation: HandshakeAllThreads
Event: 17.760 Executing VM operation: HandshakeAllThreads done
Event: 17.760 Executing VM operation: G1PauseRemark
Event: 17.767 Executing VM operation: G1PauseRemark done
Event: 17.783 Executing VM operation: G1PauseCleanup
Event: 17.794 Executing VM operation: G1PauseCleanup done
Event: 18.064 Executing VM operation: G1CollectForAllocation
Event: 18.092 Executing VM operation: G1CollectForAllocation done
Event: 18.094 Executing VM operation: G1CollectForAllocation
Event: 18.108 Executing VM operation: G1CollectForAllocation done
Event: 18.226 Executing VM operation: HandshakeAllThreads
Event: 18.226 Executing VM operation: HandshakeAllThreads done
Event: 18.551 Executing VM operation: G1CollectForAllocation

Events (20 events):
Event: 15.514 Thread 0x0000025b50d81ce0 flushing nmethod 0x0000025b3aec7590
Event: 15.514 Thread 0x0000025b50d81ce0 flushing nmethod 0x0000025b3aeda110
Event: 15.514 Thread 0x0000025b50d81ce0 flushing nmethod 0x0000025b3aee2510
Event: 15.514 Thread 0x0000025b50d81ce0 flushing nmethod 0x0000025b3af00a90
Event: 15.514 Thread 0x0000025b50d81ce0 flushing nmethod 0x0000025b3af1da10
Event: 15.514 Thread 0x0000025b50d81ce0 flushing nmethod 0x0000025b3af1f890
Event: 15.514 Thread 0x0000025b50d81ce0 flushing nmethod 0x0000025b3af21190
Event: 15.515 Thread 0x0000025b50d81ce0 flushing nmethod 0x0000025b3af45a10
Event: 15.515 Thread 0x0000025b50d81ce0 flushing nmethod 0x0000025b3af90190
Event: 17.714 Thread 0x0000025b96a6b3e0 Thread added: 0x0000025b96a6b3e0
Event: 17.715 Thread 0x0000025b986ed8b0 Thread added: 0x0000025b986ed8b0
Event: 17.715 Thread 0x0000025b96b3cc10 Thread added: 0x0000025b96b3cc10
Event: 17.716 Thread 0x0000025b96a5d7f0 Thread added: 0x0000025b96a5d7f0
Event: 17.716 Thread 0x0000025b9931ee50 Thread added: 0x0000025b9931ee50
Event: 18.016 Thread 0x0000025b983a0900 Thread added: 0x0000025b983a0900
Event: 18.204 Thread 0x0000025b96a6b3e0 Thread exited: 0x0000025b96a6b3e0
Event: 18.204 Thread 0x0000025b986ed8b0 Thread exited: 0x0000025b986ed8b0
Event: 18.204 Thread 0x0000025b9931ee50 Thread exited: 0x0000025b9931ee50
Event: 18.204 Thread 0x0000025b96b3cc10 Thread exited: 0x0000025b96b3cc10
Event: 18.204 Thread 0x0000025b96a5d7f0 Thread exited: 0x0000025b96a5d7f0


Dynamic libraries:
0x00007ff6c32f0000 - 0x00007ff6c32fe000 	D:\AnypointStudio-7.24.0-win64\AnypointStudio\plugins\org.mule.tooling.jdk.win32.x86_64_1.4.1\bin\java.exe
0x00007ffd235e0000 - 0x00007ffd23847000 	C:\WINDOWS\SYSTEM32\ntdll.dll
0x00007ffd220a0000 - 0x00007ffd22169000 	C:\WINDOWS\System32\KERNEL32.DLL
0x00007ffd206e0000 - 0x00007ffd20ad1000 	C:\WINDOWS\System32\KERNELBASE.dll
0x00007ffd1fec0000 - 0x00007ffd2000b000 	C:\WINDOWS\System32\ucrtbase.dll
0x00007ffd00c90000 - 0x00007ffd00ca7000 	D:\AnypointStudio-7.24.0-win64\AnypointStudio\plugins\org.mule.tooling.jdk.win32.x86_64_1.4.1\bin\jli.dll
0x00007ffd08260000 - 0x00007ffd0827b000 	D:\AnypointStudio-7.24.0-win64\AnypointStudio\plugins\org.mule.tooling.jdk.win32.x86_64_1.4.1\bin\VCRUNTIME140.dll
0x00007ffd22a50000 - 0x00007ffd22c15000 	C:\WINDOWS\System32\USER32.dll
0x00007ffd04b60000 - 0x00007ffd04df3000 	C:\WINDOWS\WinSxS\amd64_microsoft.windows.common-controls_6595b64144ccf1df_6.0.26100.7922_none_3e089e1ee3342171\COMCTL32.dll
0x00007ffd21350000 - 0x00007ffd21377000 	C:\WINDOWS\System32\win32u.dll
0x00007ffd22630000 - 0x00007ffd2265b000 	C:\WINDOWS\System32\GDI32.dll
0x00007ffd22e90000 - 0x00007ffd22f39000 	C:\WINDOWS\System32\msvcrt.dll
0x00007ffd20010000 - 0x00007ffd2013a000 	C:\WINDOWS\System32\gdi32full.dll
0x00007ffd20140000 - 0x00007ffd201e3000 	C:\WINDOWS\System32\msvcp_win.dll
0x00007ffd22170000 - 0x00007ffd221a1000 	C:\WINDOWS\System32\IMM32.DLL
0x00007ffd191b0000 - 0x00007ffd191bc000 	D:\AnypointStudio-7.24.0-win64\AnypointStudio\plugins\org.mule.tooling.jdk.win32.x86_64_1.4.1\bin\vcruntime140_1.dll
0x00007ffcd5640000 - 0x00007ffcd56cd000 	D:\AnypointStudio-7.24.0-win64\AnypointStudio\plugins\org.mule.tooling.jdk.win32.x86_64_1.4.1\bin\msvcp140.dll
0x00007ffc660c0000 - 0x00007ffc66d2a000 	D:\AnypointStudio-7.24.0-win64\AnypointStudio\plugins\org.mule.tooling.jdk.win32.x86_64_1.4.1\bin\server\jvm.dll
0x00007ffd22970000 - 0x00007ffd22a2b000 	C:\WINDOWS\System32\ADVAPI32.dll
0x00007ffd22580000 - 0x00007ffd22627000 	C:\WINDOWS\System32\sechost.dll
0x00007ffd21f00000 - 0x00007ffd22018000 	C:\WINDOWS\System32\RPCRT4.dll
0x00007ffd22e10000 - 0x00007ffd22e84000 	C:\WINDOWS\System32\WS2_32.dll
0x00007ffd1fd20000 - 0x00007ffd1fd7e000 	C:\WINDOWS\SYSTEM32\POWRPROF.dll
0x00007ffd05030000 - 0x00007ffd05065000 	C:\WINDOWS\SYSTEM32\WINMM.dll
0x00007ffd18600000 - 0x00007ffd1860b000 	C:\WINDOWS\SYSTEM32\VERSION.dll
0x00007ffd1fd00000 - 0x00007ffd1fd14000 	C:\WINDOWS\SYSTEM32\UMPDC.dll
0x00007ffd1ec10000 - 0x00007ffd1ec2b000 	C:\WINDOWS\SYSTEM32\kernel.appcore.dll
0x00007ffd0c3a0000 - 0x00007ffd0c3aa000 	D:\AnypointStudio-7.24.0-win64\AnypointStudio\plugins\org.mule.tooling.jdk.win32.x86_64_1.4.1\bin\jimage.dll
0x00007ffd1da00000 - 0x00007ffd1dc42000 	C:\WINDOWS\SYSTEM32\DBGHELP.DLL
0x00007ffd21380000 - 0x00007ffd21702000 	C:\WINDOWS\System32\combase.dll
0x00007ffd22c20000 - 0x00007ffd22cf7000 	C:\WINDOWS\System32\OLEAUT32.dll
0x00007ffd01e70000 - 0x00007ffd01eab000 	C:\WINDOWS\SYSTEM32\dbgcore.DLL
0x00007ffd20630000 - 0x00007ffd206d5000 	C:\WINDOWS\System32\bcryptPrimitives.dll
0x00007ffce07d0000 - 0x00007ffce07f5000 	D:\AnypointStudio-7.24.0-win64\AnypointStudio\plugins\org.mule.tooling.jdk.win32.x86_64_1.4.1\bin\java.dll
0x00007ffcd26a0000 - 0x00007ffcd2777000 	D:\AnypointStudio-7.24.0-win64\AnypointStudio\plugins\org.mule.tooling.jdk.win32.x86_64_1.4.1\bin\jsvml.dll
0x00007ffd21790000 - 0x00007ffd21eef000 	C:\WINDOWS\System32\SHELL32.dll
0x00007ffd202b0000 - 0x00007ffd2041a000 	C:\WINDOWS\System32\wintypes.dll
0x00007ffd20ae0000 - 0x00007ffd21344000 	C:\WINDOWS\System32\windows.storage.dll
0x00007ffd22d10000 - 0x00007ffd22e07000 	C:\WINDOWS\System32\SHCORE.dll
0x00007ffd223a0000 - 0x00007ffd22407000 	C:\WINDOWS\System32\shlwapi.dll
0x00007ffd1fde0000 - 0x00007ffd1fe09000 	C:\WINDOWS\SYSTEM32\profapi.dll
0x00007ffcfd520000 - 0x00007ffcfd539000 	D:\AnypointStudio-7.24.0-win64\AnypointStudio\plugins\org.mule.tooling.jdk.win32.x86_64_1.4.1\bin\net.dll
0x00007ffd0f900000 - 0x00007ffd0fa27000 	C:\WINDOWS\SYSTEM32\WINHTTP.dll
0x00007ffd1f160000 - 0x00007ffd1f1cb000 	C:\WINDOWS\system32\mswsock.dll
0x00007ffcf1c90000 - 0x00007ffcf1ca6000 	D:\AnypointStudio-7.24.0-win64\AnypointStudio\plugins\org.mule.tooling.jdk.win32.x86_64_1.4.1\bin\nio.dll
0x00007ffcec9c0000 - 0x00007ffcec9d8000 	D:\AnypointStudio-7.24.0-win64\AnypointStudio\plugins\org.mule.tooling.jdk.win32.x86_64_1.4.1\bin\zip.dll
0x00007ffcff630000 - 0x00007ffcff654000 	D:\apache-maven-3.9.12-bin\apache-maven-3.9.12\lib\jansi-native\Windows\x86_64\jansi.dll
0x00007ffd1af30000 - 0x00007ffd1af40000 	D:\AnypointStudio-7.24.0-win64\AnypointStudio\plugins\org.mule.tooling.jdk.win32.x86_64_1.4.1\bin\verify.dll
0x00007ffd1ed30000 - 0x00007ffd1ed66000 	C:\WINDOWS\SYSTEM32\ntmarta.dll

dbghelp: loaded successfully - version: 4.0.5 - missing functions: none
symbol engine: initialized successfully - sym options: 0x614 - pdb path: .;D:\AnypointStudio-7.24.0-win64\AnypointStudio\plugins\org.mule.tooling.jdk.win32.x86_64_1.4.1\bin;C:\WINDOWS\SYSTEM32;C:\WINDOWS\WinSxS\amd64_microsoft.windows.common-controls_6595b64144ccf1df_6.0.26100.7922_none_3e089e1ee3342171;D:\AnypointStudio-7.24.0-win64\AnypointStudio\plugins\org.mule.tooling.jdk.win32.x86_64_1.4.1\bin\server;D:\apache-maven-3.9.12-bin\apache-maven-3.9.12\lib\jansi-native\Windows\x86_64

VM Arguments:
jvm_args: --enable-native-access=ALL-UNNAMED -Dclassworlds.conf=D:\apache-maven-3.9.12-bin\apache-maven-3.9.12\bin\m2.conf -Dmaven.home=D:\apache-maven-3.9.12-bin\apache-maven-3.9.12 -Dlibrary.jansi.path=D:\apache-maven-3.9.12-bin\apache-maven-3.9.12\lib\jansi-native -Dmaven.multiModuleProjectDirectory=E:\Work-Space_Anypoint\workspace0003\vitech-bank-cust-acct-lockunlock 
java_command: org.codehaus.plexus.classworlds.launcher.Launcher process-classes -nsu -DskipMunitTests -Dmaven.repo.local=C:\Users\BHARAT\.m2\repository --global-settings D:\apache-maven-3.9.12-bin\apache-maven-3.9.12\conf\settings.xml --settings C:\Users\BHARAT\AppData\Local\Temp\settings-temp-directory\7e68c835-a1c8-4dbe-b68c-214d5879f4d0.xml
java_class_path (initial): D:\apache-maven-3.9.12-bin\apache-maven-3.9.12\boot\plexus-classworlds-2.9.0.jar
Launcher Type: SUN_STANDARD

[Global flags]
     intx CICompilerCount                          = 4                                         {product} {ergonomic}
     uint ConcGCThreads                            = 2                                         {product} {ergonomic}
     uint G1ConcRefinementThreads                  = 8                                         {product} {ergonomic}
   size_t G1HeapRegionSize                         = 1048576                                   {product} {ergonomic}
    uintx GCDrainStackTargetSize                   = 64                                        {product} {ergonomic}
   size_t InitialHeapSize                          = 132120576                                 {product} {ergonomic}
   size_t MarkStackSize                            = 4194304                                   {product} {ergonomic}
   size_t MaxHeapSize                              = 2107637760                                {product} {ergonomic}
   size_t MaxNewSize                               = 1264582656                                {product} {ergonomic}
   size_t MinHeapDeltaBytes                        = 1048576                                   {product} {ergonomic}
   size_t MinHeapSize                              = 8388608                                   {product} {ergonomic}
    uintx NonNMethodCodeHeapSize                   = 5839372                                {pd product} {ergonomic}
    uintx NonProfiledCodeHeapSize                  = 122909434                              {pd product} {ergonomic}
    uintx ProfiledCodeHeapSize                     = 122909434                              {pd product} {ergonomic}
    uintx ReservedCodeCacheSize                    = 251658240                              {pd product} {ergonomic}
     bool SegmentedCodeCache                       = true                                      {product} {ergonomic}
   size_t SoftMaxHeapSize                          = 2107637760                             {manageable} {ergonomic}
     bool UseCompressedClassPointers               = true                           {product lp64_product} {ergonomic}
     bool UseCompressedOops                        = true                           {product lp64_product} {ergonomic}
     bool UseG1GC                                  = true                                      {product} {ergonomic}
     bool UseLargePagesIndividualAllocation        = false                                  {pd product} {ergonomic}

Logging:
Log output configuration:
 #0: stdout all=warning uptime,level,tags
 #1: stderr all=off uptime,level,tags

Environment Variables:
JAVA_HOME=D:\AnypointStudio-7.24.0-win64\AnypointStudio\plugins\org.mule.tooling.jdk.win32.x86_64_1.4.1
PATH=C:\Python314\Scripts\;C:\Python314\;C:\Program Files (x86)\Common Files\Oracle\Java\javapath;C:\Program Files\Common Files\Oracle\Java\javapath;C:\app\BHARAT\product\21c\dbhomeXE\bin;C:\Python312\Scripts\;C:\Python312\;C:\Windows\System32;C:\ProgramData\chocolatey\bin;C:\WINDOWS\system32;C:\WINDOWS;C:\WINDOWS\System32\Wbem;C:\WINDOWS\System32\WindowsPowerShell\v1.0\;C:\WINDOWS\System32\OpenSSH\;D:\apache-maven-3.9.12-bin\apache-maven-3.9.12\bin;C:\Java\jdk-17\bin;C:\Java\jdk-17\bin;D:\Full-stackDeveloper\Git\Git\cmd;C:\Program Files\Docker\Docker\resources\bin;C:\Program Files\Amazon\AWSCLIV2\;C:\Program Files\nodejs\;C:\Program Files\sf\bin;C:\Program Files (x86)\sf\bin;C:\Users\BHARAT\AppData\Local\Programs\Python\Python312\Scripts\;C:\Users\BHARAT\AppData\Local\Programs\Python\Python312\;C:\Users\BHARAT\AppData\Local\Programs\Python\Launcher\;C:\Users\BHARAT\AppData\Local\Programs\Python\Python313\Scripts\;C:\Users\BHARAT\AppData\Local\Programs\Python\Python313\;C:\Program Files\MySQL\MySQL Shell 8.0\bin\;C:\Users\BHARAT\.console-ninja\.bin;C:\Users\BHARAT\AppData\Local\Microsoft\WindowsApps;C:\Users\BHARAT\vs-Code\install\Microsoft VS Code\bin;C:\Users\BHARAT\AppData\Local\Programs\Microsoft VS Code\bin;C:\Users\BHARAT\AppData\Local\Microsoft\WinGet\Packages\Schniz.fnm_Microsoft.Winget.Source_8wekyb3d8bbwe;E:\Mule-Soft\Studio-Extension\mongo-db\mongosh-2.3.2-win32-x64\bin;C:\Users\BHARAT\AppData\Local\Microsoft\WindowsApps;E:\Mule-Soft\Apache\apache-maven-3.8.8\apache-maven-3.8.8\bin;C:\Users\BHARAT\AppData\Local\GitHubDesktop\bin;C:\mongosh\;C:\IntelliJ IDEA Community Edition 2025.1.1.1\bin;C:\Users\BHARAT\AppData\Roaming\npm
USERNAME=BHARAT
OS=Windows_NT
PROCESSOR_IDENTIFIER=Intel64 Family 6 Model 142 Stepping 10, GenuineIntel
TMP=C:\Users\BHARAT\AppData\Local\Temp
TEMP=C:\Users\BHARAT\AppData\Local\Temp



Periodic native trim disabled


---------------  S Y S T E M  ---------------

OS:
 Windows 11 , 64 bit Build 26100 (10.0.26100.7920)
OS uptime: 5 days 13:34 hours
Hyper-V role detected

CPU: total 8 (initial active 8) (4 cores per cpu, 2 threads per core) family 6 model 142 stepping 10 microcode 0xf6, cx8, cmov, fxsr, ht, mmx, 3dnowpref, sse, sse2, sse3, ssse3, sse4.1, sse4.2, popcnt, lzcnt, tsc, tscinvbit, avx, avx2, aes, erms, clmul, bmi1, bmi2, rtm, adx, fma, vzeroupper, clflush, clflushopt, hv
Processor Information for processor 0
  Max Mhz: 1896, Current Mhz: 1496, Mhz Limit: 1687
Processor Information for processor 1
  Max Mhz: 1896, Current Mhz: 1496, Mhz Limit: 1687
Processor Information for processor 2
  Max Mhz: 1896, Current Mhz: 1696, Mhz Limit: 1687
Processor Information for processor 3
  Max Mhz: 1896, Current Mhz: 1496, Mhz Limit: 1687
Processor Information for processor 4
  Max Mhz: 1896, Current Mhz: 1696, Mhz Limit: 1687
Processor Information for processor 5
  Max Mhz: 1896, Current Mhz: 1496, Mhz Limit: 1687
Processor Information for processor 6
  Max Mhz: 1896, Current Mhz: 1696, Mhz Limit: 1687
Processor Information for processor 7
  Max Mhz: 1896, Current Mhz: 1496, Mhz Limit: 1687

Memory: 4k page, system-wide physical 8035M (902M free)
TotalPageFile size 28315M (AvailPageFile size 91M)
current process WorkingSet (physical memory assigned to process): 231M, peak: 237M
current process commit charge ("private bytes"): 301M, peak: 446M

vm_info: OpenJDK 64-Bit Server VM (17.0.12+7) for windows-amd64 JRE (17.0.12+7), built on Jul 16 2024 22:08:24 by "admin" with MS VC++ 16.10 / 16.11 (VS2019)

END.
